Open5GS daemon v2.6.6

[32m07/28 16:36:14.467[0m: [[33mapp[0m] [1;32mINFO[0m: Configuration: '/opt/CoreCrisis/Corelearner/open5gs-2.6.6/build/configs/sample.yaml' (../lib/app/ogs-init.c:126)
Open5GS daemon v2.6.6

[32m07/28 16:36:14.472[0m: [[33mapp[0m] [1;32mINFO[0m: Configuration: '/opt/CoreCrisis/Corelearner/open5gs-2.6.6/build/configs/sample.yaml' (../lib/app/ogs-init.c:126)
[32m07/28 16:36:14.473[0m: [[33msbi[0m] [1;32mINFO[0m: nghttp2_server() [http://127.0.0.10]:7777 (../lib/sbi/nghttp2-server.c:395)
[32m07/28 16:36:14.473[0m: [[33msbi[0m] [1;32mINFO[0m: nghttp2_server() [http://::1]:7777 (../lib/sbi/nghttp2-server.c:395)
[32m07/28 16:36:14.473[0m: [[33mapp[0m] [1;32mINFO[0m: NRF initialize...done (../src/nrf/app.c:31)
Open5GS daemon v2.6.6

[32m07/28 16:36:14.522[0m: [[33mapp[0m] [1;32mINFO[0m: Configuration: '/opt/CoreCrisis/Corelearner/open5gs-2.6.6/build/configs/sample.yaml' (../lib/app/ogs-init.c:126)
[32m07/28 16:36:14.523[0m: [[33msbi[0m] [1;32mINFO[0m: nghttp2_server() [http://127.0.1.10]:7777 (../lib/sbi/nghttp2-server.c:395)
[32m07/28 16:36:14.523[0m: [[33mapp[0m] [1;32mINFO[0m: SCP initialize...done (../src/scp/app.c:31)
[32m07/28 16:36:14.523[0m: [[33mnrf[0m] [1;32mINFO[0m: [64f0e6f0-8a5f-41f1-a4ba-4bc139fa0b1d] NF registered [Heartbeat:10s] (../src/nrf/nf-sm.c:190)
[32m07/28 16:36:14.523[0m: [[33msbi[0m] [1;32mINFO[0m: [64f0e6f0-8a5f-41f1-a4ba-4bc139fa0b1d] NF registered [Heartbeat:10s] (../lib/sbi/nf-sm.c:214)
[32m07/28 16:36:14.524[0m: [[33msbi[0m] [1;32mINFO[0m: [64f10c3e-8a5f-41f1-ae92-83da2d4e5b0f] Subscription created until 2026-07-29T16:36:14.524127+08:00 [duration:86400,validity:86399.999608,patch:43199.999804] (../lib/sbi/nnrf-handler.c:509)
[32m07/28 16:36:14.524[0m: [[33msbi[0m] [1;32mINFO[0m: [64f11148-8a5f-41f1-ae92-83da2d4e5b0f] Subscription created until 2026-07-29T16:36:14.524247+08:00 [duration:86400,validity:86399.999707,patch:43199.999853] (../lib/sbi/nnrf-handler.c:509)
[32m07/28 16:36:14.524[0m: [[33msbi[0m] [1;32mINFO[0m: [64f11242-8a5f-41f1-ae92-83da2d4e5b0f] Subscription created until 2026-07-29T16:36:14.524271+08:00 [duration:86400,validity:86399.999705,patch:43199.999852] (../lib/sbi/nnrf-handler.c:509)
[32m07/28 16:36:14.524[0m: [[33msbi[0m] [1;32mINFO[0m: [64f11346-8a5f-41f1-ae92-83da2d4e5b0f] Subscription created until 2026-07-29T16:36:14.524297+08:00 [duration:86400,validity:86399.999638,patch:43199.999819] (../lib/sbi/nnrf-handler.c:509)
[32m07/28 16:36:14.524[0m: [[33msbi[0m] [1;32mINFO[0m: [64f11440-8a5f-41f1-ae92-83da2d4e5b0f] Subscription created until 2026-07-29T16:36:14.524322+08:00 [duration:86400,validity:86399.999608,patch:43199.999804] (../lib/sbi/nnrf-handler.c:509)
[32m07/28 16:36:14.524[0m: [[33msbi[0m] [1;32mINFO[0m: [64f11530-8a5f-41f1-ae92-83da2d4e5b0f] Subscription created until 2026-07-29T16:36:14.524345+08:00 [duration:86400,validity:86399.999613,patch:43199.999806] (../lib/sbi/nnrf-handler.c:509)
[32m07/28 16:36:14.524[0m: [[33msbi[0m] [1;32mINFO[0m: [64f1186e-8a5f-41f1-ae92-83da2d4e5b0f] Subscription created until 2026-07-29T16:36:14.524429+08:00 [duration:86400,validity:86399.999645,patch:43199.999822] (../lib/sbi/nnrf-handler.c:509)
[32m07/28 16:36:14.524[0m: [[33msbi[0m] [1;32mINFO[0m: [64f1190e-8a5f-41f1-ae92-83da2d4e5b0f] Subscription created until 2026-07-29T16:36:14.524445+08:00 [duration:86400,validity:86399.999600,patch:43199.999800] (../lib/sbi/nnrf-handler.c:509)
[32m07/28 16:36:14.524[0m: [[33mnrf[0m] [1;32mINFO[0m: [64f10c3e-8a5f-41f1-ae92-83da2d4e5b0f] Subscription created until 2026-07-29T16:36:14.524127+08:00 [validity_duration:86400] (../src/nrf/nnrf-handler.c:375)
[32m07/28 16:36:14.524[0m: [[33mnrf[0m] [1;32mINFO[0m: [64f11148-8a5f-41f1-ae92-83da2d4e5b0f] Subscription created until 2026-07-29T16:36:14.524247+08:00 [validity_duration:86400] (../src/nrf/nnrf-handler.c:375)
[32m07/28 16:36:14.524[0m: [[33mnrf[0m] [1;32mINFO[0m: [64f11242-8a5f-41f1-ae92-83da2d4e5b0f] Subscription created until 2026-07-29T16:36:14.524271+08:00 [validity_duration:86400] (../src/nrf/nnrf-handler.c:375)
[32m07/28 16:36:14.524[0m: [[33mnrf[0m] [1;32mINFO[0m: [64f11346-8a5f-41f1-ae92-83da2d4e5b0f] Subscription created until 2026-07-29T16:36:14.524297+08:00 [validity_duration:86400] (../src/nrf/nnrf-handler.c:375)
[32m07/28 16:36:14.524[0m: [[33mnrf[0m] [1;32mINFO[0m: [64f11440-8a5f-41f1-ae92-83da2d4e5b0f] Subscription created until 2026-07-29T16:36:14.524322+08:00 [validity_duration:86400] (../src/nrf/nnrf-handler.c:375)
[32m07/28 16:36:14.524[0m: [[33mnrf[0m] [1;32mINFO[0m: [64f11530-8a5f-41f1-ae92-83da2d4e5b0f] Subscription created until 2026-07-29T16:36:14.524345+08:00 [validity_duration:86400] (../src/nrf/nnrf-handler.c:375)
[32m07/28 16:36:14.524[0m: [[33mnrf[0m] [1;32mINFO[0m: [64f1186e-8a5f-41f1-ae92-83da2d4e5b0f] Subscription created until 2026-07-29T16:36:14.524429+08:00 [validity_duration:86400] (../src/nrf/nnrf-handler.c:375)
[32m07/28 16:36:14.524[0m: [[33mnrf[0m] [1;32mINFO[0m: [64f1190e-8a5f-41f1-ae92-83da2d4e5b0f] Subscription created until 2026-07-29T16:36:14.524445+08:00 [validity_duration:86400] (../src/nrf/nnrf-handler.c:375)
Open5GS daemon v2.6.6

[32m07/28 16:36:14.571[0m: [[33mapp[0m] [1;32mINFO[0m: Configuration: '/opt/CoreCrisis/Corelearner/open5gs-2.6.6/build/configs/sample.yaml' (../lib/app/ogs-init.c:126)
[32m07/28 16:36:14.592[0m: [[33mmetrics[0m] [1;32mINFO[0m: metrics_server() [http://127.0.0.7]:9090 (../lib/metrics/prometheus/context.c:299)
[32m07/28 16:36:14.592[0m: [[33mpfcp[0m] [1;32mINFO[0m: pfcp_server() [127.0.0.7]:8805 (../lib/pfcp/path.c:30)
[32m07/28 16:36:14.592[0m: [[33mpfcp[0m] [1;32mINFO[0m: ogs_pfcp_connect() [127.0.0.4]:8805 (../lib/pfcp/path.c:61)
[32m07/28 16:36:14.592[0m: [[33mgtp[0m] [1;32mINFO[0m: gtp_server() [127.0.0.7]:2152 (../lib/gtp/path.c:30)
[32m07/28 16:36:14.594[0m: [[33mapp[0m] [1;32mINFO[0m: UPF initialize...done (../src/upf/app.c:31)
Open5GS daemon v2.6.6

[32m07/28 16:36:14.626[0m: [[33mapp[0m] [1;32mINFO[0m: Configuration: '/opt/CoreCrisis/Corelearner/open5gs-2.6.6/build/configs/sample.yaml' (../lib/app/ogs-init.c:126)
[32m07/28 16:36:14.648[0m: [[33mmetrics[0m] [1;32mINFO[0m: metrics_server() [http://127.0.0.4]:9090 (../lib/metrics/prometheus/context.c:299)
[32m07/28 16:36:14.659[0m: [[33mgtp[0m] [1;32mINFO[0m: gtp_server() [127.0.0.4]:2123 (../lib/gtp/path.c:30)
[32m07/28 16:36:14.660[0m: [[33mgtp[0m] [1;32mINFO[0m: gtp_server() [::1]:2123 (../lib/gtp/path.c:30)
[32m07/28 16:36:14.660[0m: [[33mgtp[0m] [1;32mINFO[0m: gtp_server() [127.0.0.4]:2152 (../lib/gtp/path.c:30)
[32m07/28 16:36:14.660[0m: [[33mupf[0m] [1;32mINFO[0m: PFCP associated [127.0.0.4]:8805 (../src/upf/pfcp-sm.c:184)
[32m07/28 16:36:14.660[0m: [[33mgtp[0m] [1;32mINFO[0m: gtp_server() [::1]:2152 (../lib/gtp/path.c:30)
[32m07/28 16:36:14.660[0m: [[33mpfcp[0m] [1;32mINFO[0m: pfcp_server() [127.0.0.4]:8805 (../lib/pfcp/path.c:30)
[32m07/28 16:36:14.660[0m: [[33mpfcp[0m] [1;32mINFO[0m: ogs_pfcp_connect() [127.0.0.7]:8805 (../lib/pfcp/path.c:61)
[32m07/28 16:36:14.660[0m: [[33msbi[0m] [1;32mINFO[0m: NF Service [nsmf-pdusession] (../lib/sbi/context.c:1438)
[32m07/28 16:36:14.660[0m: [[33msbi[0m] [1;32mINFO[0m: nghttp2_server() [http://127.0.0.4]:7777 (../lib/sbi/nghttp2-server.c:395)
[32m07/28 16:36:14.660[0m: [[33mapp[0m] [1;32mINFO[0m: SMF initialize...done (../src/smf/app.c:31)
[32m07/28 16:36:14.660[0m: [[33msmf[0m] [1;32mINFO[0m: PFCP associated [127.0.0.7]:8805 (../src/smf/pfcp-sm.c:196)
[32m07/28 16:36:14.660[0m: [[33mnrf[0m] [1;32mINFO[0m: [65039dc2-8a5f-41f1-8a4f-8b8d058db2e0] NF registered [Heartbeat:10s] (../src/nrf/nf-sm.c:190)
[32m07/28 16:36:14.661[0m: [[33msbi[0m] [1;32mINFO[0m: [65039dc2-8a5f-41f1-8a4f-8b8d058db2e0] (NRF-notify) NF registered (../lib/sbi/nnrf-handler.c:725)
[32m07/28 16:36:14.661[0m: [[33msbi[0m] [1;32mINFO[0m: [65039dc2-8a5f-41f1-8a4f-8b8d058db2e0] (NRF-notify) NF Profile updated (../lib/sbi/nnrf-handler.c:735)
[32m07/28 16:36:14.661[0m: [[33msbi[0m] [1;32mINFO[0m: [65039dc2-8a5f-41f1-8a4f-8b8d058db2e0] NF registered [Heartbeat:10s] (../lib/sbi/nf-sm.c:214)
[32m07/28 16:36:14.661[0m: [[33mnrf[0m] [1;32mINFO[0m: [6506083c-8a5f-41f1-ae92-83da2d4e5b0f] Subscription created until 2026-07-29T16:36:14.661657+08:00 [validity_duration:86400] (../src/nrf/nnrf-handler.c:375)
[32m07/28 16:36:14.661[0m: [[33mnrf[0m] [1;32mINFO[0m: [65060be8-8a5f-41f1-ae92-83da2d4e5b0f] Subscription created until 2026-07-29T16:36:14.661735+08:00 [validity_duration:86400] (../src/nrf/nnrf-handler.c:375)
[32m07/28 16:36:14.661[0m: [[33mnrf[0m] [1;32mINFO[0m: [65060f58-8a5f-41f1-ae92-83da2d4e5b0f] Subscription created until 2026-07-29T16:36:14.661824+08:00 [validity_duration:86400] (../src/nrf/nnrf-handler.c:375)
[32m07/28 16:36:14.662[0m: [[33mnrf[0m] [1;32mINFO[0m: [65061b60-8a5f-41f1-ae92-83da2d4e5b0f] Subscription created until 2026-07-29T16:36:14.662133+08:00 [validity_duration:86400] (../src/nrf/nnrf-handler.c:375)
[32m07/28 16:36:14.662[0m: [[33msbi[0m] [1;32mINFO[0m: [6506083c-8a5f-41f1-ae92-83da2d4e5b0f] Subscription created until 2026-07-29T16:36:14.661657+08:00 [duration:86400,validity:86399.999374,patch:43199.999687] (../lib/sbi/nnrf-handler.c:509)
[32m07/28 16:36:14.662[0m: [[33msbi[0m] [1;32mINFO[0m: [65060be8-8a5f-41f1-ae92-83da2d4e5b0f] Subscription created until 2026-07-29T16:36:14.661735+08:00 [duration:86400,validity:86399.999431,patch:43199.999715] (../lib/sbi/nnrf-handler.c:509)
[32m07/28 16:36:14.662[0m: [[33msbi[0m] [1;32mINFO[0m: [65060f58-8a5f-41f1-ae92-83da2d4e5b0f] Subscription created until 2026-07-29T16:36:14.661824+08:00 [duration:86400,validity:86399.999469,patch:43199.999734] (../lib/sbi/nnrf-handler.c:509)
[32m07/28 16:36:14.662[0m: [[33msbi[0m] [1;32mINFO[0m: [65061b60-8a5f-41f1-ae92-83da2d4e5b0f] Subscription created until 2026-07-29T16:36:14.662133+08:00 [duration:86400,validity:86399.999767,patch:43199.999883] (../lib/sbi/nnrf-handler.c:509)
Open5GS daemon v2.6.6

[32m07/28 16:36:14.674[0m: [[33mapp[0m] [1;32mINFO[0m: Configuration: '/opt/CoreCrisis/Corelearner/open5gs-2.6.6/build/configs/sample.yaml' (../lib/app/ogs-init.c:126)
[32m07/28 16:36:14.676[0m: [[33mmetrics[0m] [1;32mINFO[0m: metrics_server() [http://127.0.0.5]:9090 (../lib/metrics/prometheus/context.c:299)
[32m07/28 16:36:14.676[0m: [[33msbi[0m] [1;32mINFO[0m: NF Service [namf-comm] (../lib/sbi/context.c:1438)
[32m07/28 16:36:14.676[0m: [[33msbi[0m] [1;32mINFO[0m: nghttp2_server() [http://127.0.0.5]:7777 (../lib/sbi/nghttp2-server.c:395)
[32m07/28 16:36:14.676[0m: [[33mamf[0m] [1;32mINFO[0m: ngap_server() [127.0.0.5]:38412 (../src/amf/ngap-sctp.c:61)
[32m07/28 16:36:14.676[0m: [[33msctp[0m] [1;32mINFO[0m: AMF initialize...done (../src/amf/app.c:33)
[32m07/28 16:36:14.676[0m: [[33mnrf[0m] [1;32mINFO[0m: [65082c52-8a5f-41f1-95e7-ef6917e20c7d] NF registered [Heartbeat:10s] (../src/nrf/nf-sm.c:190)
[32m07/28 16:36:14.677[0m: [[33msbi[0m] [1;32mINFO[0m: [65082c52-8a5f-41f1-95e7-ef6917e20c7d] (NRF-notify) NF registered (../lib/sbi/nnrf-handler.c:725)
[32m07/28 16:36:14.677[0m: [[33msbi[0m] [1;32mINFO[0m: [65082c52-8a5f-41f1-95e7-ef6917e20c7d] (NRF-notify) NF Profile updated (../lib/sbi/nnrf-handler.c:735)
[32m07/28 16:36:14.677[0m: [[33msbi[0m] [1;32mINFO[0m: [65082c52-8a5f-41f1-95e7-ef6917e20c7d] (NRF-notify) NF registered (../lib/sbi/nnrf-handler.c:725)
[32m07/28 16:36:14.677[0m: [[33msbi[0m] [1;32mINFO[0m: [65082c52-8a5f-41f1-95e7-ef6917e20c7d] (NRF-notify) NF Profile updated (../lib/sbi/nnrf-handler.c:735)
[32m07/28 16:36:14.677[0m: [[33msbi[0m] [1;32mINFO[0m: [65082c52-8a5f-41f1-95e7-ef6917e20c7d] NF registered [Heartbeat:10s] (../lib/sbi/nf-sm.c:214)
[32m07/28 16:36:14.678[0m: [[33mnrf[0m] [1;32mINFO[0m: [65088814-8a5f-41f1-ae92-83da2d4e5b0f] Subscription created until 2026-07-29T16:36:14.678032+08:00 [validity_duration:86400] (../src/nrf/nnrf-handler.c:375)
[32m07/28 16:36:14.678[0m: [[33mnrf[0m] [1;32mINFO[0m: [65088abc-8a5f-41f1-ae92-83da2d4e5b0f] Subscription created until 2026-07-29T16:36:14.678089+08:00 [validity_duration:86400] (../src/nrf/nnrf-handler.c:375)
[32m07/28 16:36:14.678[0m: [[33mnrf[0m] [1;32mINFO[0m: [65088bf2-8a5f-41f1-ae92-83da2d4e5b0f] Subscription created until 2026-07-29T16:36:14.678119+08:00 [validity_duration:86400] (../src/nrf/nnrf-handler.c:375)
[32m07/28 16:36:14.678[0m: [[33mnrf[0m] [1;32mINFO[0m: [65088cf6-8a5f-41f1-ae92-83da2d4e5b0f] Subscription created until 2026-07-29T16:36:14.678145+08:00 [validity_duration:86400] (../src/nrf/nnrf-handler.c:375)
[32m07/28 16:36:14.678[0m: [[33mnrf[0m] [1;32mINFO[0m: [65088de6-8a5f-41f1-ae92-83da2d4e5b0f] Subscription created until 2026-07-29T16:36:14.678168+08:00 [validity_duration:86400] (../src/nrf/nnrf-handler.c:375)
[32m07/28 16:36:14.678[0m: [[33mnrf[0m] [1;32mINFO[0m: [6508914c-8a5f-41f1-ae92-83da2d4e5b0f] Subscription created until 2026-07-29T16:36:14.678256+08:00 [validity_duration:86400] (../src/nrf/nnrf-handler.c:375)
[32m07/28 16:36:14.678[0m: [[33msbi[0m] [1;32mINFO[0m: [65088814-8a5f-41f1-ae92-83da2d4e5b0f] Subscription created until 2026-07-29T16:36:14.678032+08:00 [duration:86400,validity:86399.999077,patch:43199.999538] (../lib/sbi/nnrf-handler.c:509)
[32m07/28 16:36:14.678[0m: [[33msbi[0m] [1;32mINFO[0m: [65088abc-8a5f-41f1-ae92-83da2d4e5b0f] Subscription created until 2026-07-29T16:36:14.678089+08:00 [duration:86400,validity:86399.999103,patch:43199.999551] (../lib/sbi/nnrf-handler.c:509)
[32m07/28 16:36:14.679[0m: [[33msbi[0m] [1;32mINFO[0m: [65088bf2-8a5f-41f1-ae92-83da2d4e5b0f] Subscription created until 2026-07-29T16:36:14.678119+08:00 [duration:86400,validity:86399.999109,patch:43199.999554] (../lib/sbi/nnrf-handler.c:509)
[32m07/28 16:36:14.679[0m: [[33msbi[0m] [1;32mINFO[0m: [65088cf6-8a5f-41f1-ae92-83da2d4e5b0f] Subscription created until 2026-07-29T16:36:14.678145+08:00 [duration:86400,validity:86399.999117,patch:43199.999558] (../lib/sbi/nnrf-handler.c:509)
[32m07/28 16:36:14.679[0m: [[33msbi[0m] [1;32mINFO[0m: [65088de6-8a5f-41f1-ae92-83da2d4e5b0f] Subscription created until 2026-07-29T16:36:14.678168+08:00 [duration:86400,validity:86399.999124,patch:43199.999562] (../lib/sbi/nnrf-handler.c:509)
[32m07/28 16:36:14.679[0m: [[33msbi[0m] [1;32mINFO[0m: [6508914c-8a5f-41f1-ae92-83da2d4e5b0f] Subscription created until 2026-07-29T16:36:14.678256+08:00 [duration:86400,validity:86399.999181,patch:43199.999590] (../lib/sbi/nnrf-handler.c:509)
Open5GS daemon v2.6.6

[32m07/28 16:36:14.722[0m: [[33mapp[0m] [1;32mINFO[0m: Configuration: '/opt/CoreCrisis/Corelearner/open5gs-2.6.6/build/configs/sample.yaml' (../lib/app/ogs-init.c:126)
[32m07/28 16:36:14.723[0m: [[33msbi[0m] [1;32mINFO[0m: NF Service [nausf-auth] (../lib/sbi/context.c:1438)
[32m07/28 16:36:14.723[0m: [[33msbi[0m] [1;32mINFO[0m: nghttp2_server() [http://127.0.0.11]:7777 (../lib/sbi/nghttp2-server.c:395)
[32m07/28 16:36:14.723[0m: [[33mapp[0m] [1;32mINFO[0m: AUSF initialize...done (../src/ausf/app.c:31)
[32m07/28 16:36:14.724[0m: [[33mnrf[0m] [1;32mINFO[0m: [650f782c-8a5f-41f1-bbf6-1198dfced07e] NF registered [Heartbeat:10s] (../src/nrf/nf-sm.c:190)
[32m07/28 16:36:14.724[0m: [[33msbi[0m] [1;32mINFO[0m: [650f782c-8a5f-41f1-bbf6-1198dfced07e] (NRF-notify) NF registered (../lib/sbi/nnrf-handler.c:725)
[32m07/28 16:36:14.724[0m: [[33msbi[0m] [1;32mINFO[0m: [650f782c-8a5f-41f1-bbf6-1198dfced07e] (NRF-notify) NF Profile updated (../lib/sbi/nnrf-handler.c:735)
[32m07/28 16:36:14.724[0m: [[33msbi[0m] [1;32mINFO[0m: [650f782c-8a5f-41f1-bbf6-1198dfced07e] (NRF-notify) NF registered (../lib/sbi/nnrf-handler.c:725)
[32m07/28 16:36:14.724[0m: [[33msbi[0m] [1;32mINFO[0m: [650f782c-8a5f-41f1-bbf6-1198dfced07e] (NRF-notify) NF Profile updated (../lib/sbi/nnrf-handler.c:735)
[32m07/28 16:36:14.724[0m: [[33msbi[0m] [1;32mINFO[0m: [650f782c-8a5f-41f1-bbf6-1198dfced07e] NF registered [Heartbeat:10s] (../lib/sbi/nf-sm.c:214)
[32m07/28 16:36:14.724[0m: [[33mnrf[0m] [1;32mINFO[0m: [650fabb2-8a5f-41f1-ae92-83da2d4e5b0f] Subscription created until 2026-07-29T16:36:14.724822+08:00 [validity_duration:86400] (../src/nrf/nnrf-handler.c:375)
[32m07/28 16:36:14.725[0m: [[33msbi[0m] [1;32mINFO[0m: [650fabb2-8a5f-41f1-ae92-83da2d4e5b0f] Subscription created until 2026-07-29T16:36:14.724822+08:00 [duration:86400,validity:86399.999762,patch:43199.999881] (../lib/sbi/nnrf-handler.c:509)
Open5GS daemon v2.6.6

[32m07/28 16:36:14.772[0m: [[33mapp[0m] [1;32mINFO[0m: Configuration: '/opt/CoreCrisis/Corelearner/open5gs-2.6.6/build/configs/sample.yaml' (../lib/app/ogs-init.c:126)
[32m07/28 16:36:14.773[0m: [[33msbi[0m] [1;32mINFO[0m: NF Service [nudm-ueau] (../lib/sbi/context.c:1438)
[32m07/28 16:36:14.773[0m: [[33msbi[0m] [1;32mINFO[0m: NF Service [nudm-uecm] (../lib/sbi/context.c:1438)
[32m07/28 16:36:14.773[0m: [[33msbi[0m] [1;32mINFO[0m: NF Service [nudm-sdm] (../lib/sbi/context.c:1438)
[32m07/28 16:36:14.773[0m: [[33msbi[0m] [1;32mINFO[0m: nghttp2_server() [http://127.0.0.12]:7777 (../lib/sbi/nghttp2-server.c:395)
[32m07/28 16:36:14.773[0m: [[33mapp[0m] [1;32mINFO[0m: UDM initialize...done (../src/udm/app.c:31)
[32m07/28 16:36:14.774[0m: [[33mnrf[0m] [1;32mINFO[0m: [65172040-8a5f-41f1-a107-0361ec0390d3] NF registered [Heartbeat:10s] (../src/nrf/nf-sm.c:190)
[32m07/28 16:36:14.774[0m: [[33msbi[0m] [1;32mINFO[0m: [65172040-8a5f-41f1-a107-0361ec0390d3] (NRF-notify) NF registered (../lib/sbi/nnrf-handler.c:725)
[32m07/28 16:36:14.774[0m: [[33msbi[0m] [1;32mINFO[0m: [65172040-8a5f-41f1-a107-0361ec0390d3] (NRF-notify) NF Profile updated (../lib/sbi/nnrf-handler.c:735)
[32m07/28 16:36:14.774[0m: [[33msbi[0m] [1;32mINFO[0m: [65172040-8a5f-41f1-a107-0361ec0390d3] (NRF-notify) NF registered (../lib/sbi/nnrf-handler.c:725)
[32m07/28 16:36:14.774[0m: [[33msbi[0m] [1;32mINFO[0m: [65172040-8a5f-41f1-a107-0361ec0390d3] (NRF-notify) NF Profile updated (../lib/sbi/nnrf-handler.c:735)
[32m07/28 16:36:14.775[0m: [[33msbi[0m] [1;36mWARNING[0m: [65172040-8a5f-41f1-a107-0361ec0390d3] (NRF-notify) NF has already been added (../lib/sbi/nnrf-handler.c:729)
[32m07/28 16:36:14.775[0m: [[33msbi[0m] [1;32mINFO[0m: [65172040-8a5f-41f1-a107-0361ec0390d3] (NRF-notify) NF Profile updated (../lib/sbi/nnrf-handler.c:735)
[32m07/28 16:36:14.775[0m: [[33msbi[0m] [1;36mWARNING[0m: NF EndPoint updated [127.0.0.12:80] (../lib/sbi/context.c:1623)
[32m07/28 16:36:14.775[0m: [[33msbi[0m] [1;36mWARNING[0m: NF EndPoint updated [127.0.0.12:7777] (../lib/sbi/context.c:1532)
[32m07/28 16:36:14.775[0m: [[33msbi[0m] [1;32mINFO[0m: [65172040-8a5f-41f1-a107-0361ec0390d3] (NRF-notify) NF registered (../lib/sbi/nnrf-handler.c:725)
[32m07/28 16:36:14.775[0m: [[33msbi[0m] [1;32mINFO[0m: [65172040-8a5f-41f1-a107-0361ec0390d3] (NRF-notify) NF Profile updated (../lib/sbi/nnrf-handler.c:735)
[32m07/28 16:36:14.775[0m: [[33msbi[0m] [1;36mWARNING[0m: [65172040-8a5f-41f1-a107-0361ec0390d3] (NRF-notify) NF has already been added (../lib/sbi/nnrf-handler.c:729)
[32m07/28 16:36:14.775[0m: [[33msbi[0m] [1;32mINFO[0m: [65172040-8a5f-41f1-a107-0361ec0390d3] (NRF-notify) NF Profile updated (../lib/sbi/nnrf-handler.c:735)
[32m07/28 16:36:14.775[0m: [[33msbi[0m] [1;36mWARNING[0m: NF EndPoint updated [127.0.0.12:80] (../lib/sbi/context.c:1623)
[32m07/28 16:36:14.775[0m: [[33msbi[0m] [1;36mWARNING[0m: NF EndPoint updated [127.0.0.12:7777] (../lib/sbi/context.c:1532)
[32m07/28 16:36:14.775[0m: [[33msbi[0m] [1;32mINFO[0m: [65172040-8a5f-41f1-a107-0361ec0390d3] (NRF-notify) NF registered (../lib/sbi/nnrf-handler.c:725)
[32m07/28 16:36:14.775[0m: [[33msbi[0m] [1;32mINFO[0m: [65172040-8a5f-41f1-a107-0361ec0390d3] (NRF-notify) NF Profile updated (../lib/sbi/nnrf-handler.c:735)
[32m07/28 16:36:14.775[0m: [[33msbi[0m] [1;32mINFO[0m: [65172040-8a5f-41f1-a107-0361ec0390d3] NF registered [Heartbeat:10s] (../lib/sbi/nf-sm.c:214)
[32m07/28 16:36:14.775[0m: [[33mnrf[0m] [1;32mINFO[0m: [6517755e-8a5f-41f1-ae92-83da2d4e5b0f] Subscription created until 2026-07-29T16:36:14.775857+08:00 [validity_duration:86400] (../src/nrf/nnrf-handler.c:375)
[32m07/28 16:36:14.776[0m: [[33msbi[0m] [1;32mINFO[0m: [6517755e-8a5f-41f1-ae92-83da2d4e5b0f] Subscription created until 2026-07-29T16:36:14.775857+08:00 [duration:86400,validity:86399.999780,patch:43199.999890] (../lib/sbi/nnrf-handler.c:509)
Open5GS daemon v2.6.6

[32m07/28 16:36:14.825[0m: [[33mapp[0m] [1;32mINFO[0m: Configuration: '/opt/CoreCrisis/Corelearner/open5gs-2.6.6/build/configs/sample.yaml' (../lib/app/ogs-init.c:126)
[32m07/28 16:36:14.826[0m: [[33mmetrics[0m] [1;32mINFO[0m: metrics_server() [http://127.0.0.13]:9090 (../lib/metrics/prometheus/context.c:299)
[32m07/28 16:36:14.827[0m: [[33mdbi[0m] [1;32mINFO[0m: MongoDB URI: 'mongodb://localhost/open5gs' (../lib/dbi/ogs-mongoc.c:130)
[32m07/28 16:36:14.827[0m: [[33msbi[0m] [1;32mINFO[0m: NF Service [npcf-am-policy-control] (../lib/sbi/context.c:1438)
[32m07/28 16:36:14.827[0m: [[33msbi[0m] [1;32mINFO[0m: NF Service [npcf-smpolicycontrol] (../lib/sbi/context.c:1438)
[32m07/28 16:36:14.827[0m: [[33msbi[0m] [1;32mINFO[0m: NF Service [npcf-policyauthorization] (../lib/sbi/context.c:1438)
[32m07/28 16:36:14.827[0m: [[33msbi[0m] [1;32mINFO[0m: nghttp2_server() [http://127.0.0.13]:7777 (../lib/sbi/nghttp2-server.c:395)
[32m07/28 16:36:14.827[0m: [[33mapp[0m] [1;32mINFO[0m: PCF initialize...done (../src/pcf/app.c:31)
[32m07/28 16:36:14.827[0m: [[33mnrf[0m] [1;32mINFO[0m: [651f3442-8a5f-41f1-b3c7-5df00a8c2868] NF registered [Heartbeat:10s] (../src/nrf/nf-sm.c:190)
[32m07/28 16:36:14.828[0m: [[33msbi[0m] [1;32mINFO[0m: [651f3442-8a5f-41f1-b3c7-5df00a8c2868] (NRF-notify) NF registered (../lib/sbi/nnrf-handler.c:725)
[32m07/28 16:36:14.828[0m: [[33msbi[0m] [1;32mINFO[0m: [651f3442-8a5f-41f1-b3c7-5df00a8c2868] (NRF-notify) NF Profile updated (../lib/sbi/nnrf-handler.c:735)
[32m07/28 16:36:14.828[0m: [[33msbi[0m] [1;32mINFO[0m: [651f3442-8a5f-41f1-b3c7-5df00a8c2868] (NRF-notify) NF registered (../lib/sbi/nnrf-handler.c:725)
[32m07/28 16:36:14.828[0m: [[33msbi[0m] [1;32mINFO[0m: [651f3442-8a5f-41f1-b3c7-5df00a8c2868] (NRF-notify) NF Profile updated (../lib/sbi/nnrf-handler.c:735)
[32m07/28 16:36:14.828[0m: [[33msbi[0m] [1;32mINFO[0m: [651f3442-8a5f-41f1-b3c7-5df00a8c2868] (NRF-notify) NF registered (../lib/sbi/nnrf-handler.c:725)
[32m07/28 16:36:14.828[0m: [[33msbi[0m] [1;32mINFO[0m: [651f3442-8a5f-41f1-b3c7-5df00a8c2868] (NRF-notify) NF Profile updated (../lib/sbi/nnrf-handler.c:735)
[32m07/28 16:36:14.828[0m: [[33msbi[0m] [1;32mINFO[0m: [651f3442-8a5f-41f1-b3c7-5df00a8c2868] NF registered [Heartbeat:10s] (../lib/sbi/nf-sm.c:214)
[32m07/28 16:36:14.828[0m: [[33mnrf[0m] [1;32mINFO[0m: [651f8ffa-8a5f-41f1-ae92-83da2d4e5b0f] Subscription created until 2026-07-29T16:36:14.828970+08:00 [validity_duration:86400] (../src/nrf/nnrf-handler.c:375)
[32m07/28 16:36:14.829[0m: [[33mnrf[0m] [1;32mINFO[0m: [651f9450-8a5f-41f1-ae92-83da2d4e5b0f] Subscription created until 2026-07-29T16:36:14.829068+08:00 [validity_duration:86400] (../src/nrf/nnrf-handler.c:375)
[32m07/28 16:36:14.829[0m: [[33msbi[0m] [1;32mINFO[0m: [651f8ffa-8a5f-41f1-ae92-83da2d4e5b0f] Subscription created until 2026-07-29T16:36:14.828970+08:00 [duration:86400,validity:86399.999629,patch:43199.999814] (../lib/sbi/nnrf-handler.c:509)
[32m07/28 16:36:14.829[0m: [[33msbi[0m] [1;32mINFO[0m: [651f9450-8a5f-41f1-ae92-83da2d4e5b0f] Subscription created until 2026-07-29T16:36:14.829068+08:00 [duration:86400,validity:86399.999708,patch:43199.999854] (../lib/sbi/nnrf-handler.c:509)
Open5GS daemon v2.6.6

[32m07/28 16:36:14.873[0m: [[33mapp[0m] [1;32mINFO[0m: Configuration: '/opt/CoreCrisis/Corelearner/open5gs-2.6.6/build/configs/sample.yaml' (../lib/app/ogs-init.c:126)
[32m07/28 16:36:14.874[0m: [[33msbi[0m] [1;32mINFO[0m: NF Service [nnssf-nsselection] (../lib/sbi/context.c:1438)
[32m07/28 16:36:14.874[0m: [[33msbi[0m] [1;32mINFO[0m: nghttp2_server() [http://127.0.0.14]:7777 (../lib/sbi/nghttp2-server.c:395)
[32m07/28 16:36:14.874[0m: [[33mapp[0m] [1;32mINFO[0m: NSSF initialize...done (../src/nssf/app.c:31)
[32m07/28 16:36:14.874[0m: [[33mnrf[0m] [1;32mINFO[0m: [65266cbc-8a5f-41f1-8caf-b7a6eabac739] NF registered [Heartbeat:10s] (../src/nrf/nf-sm.c:190)
[32m07/28 16:36:14.874[0m: [[33msbi[0m] [1;32mINFO[0m: [65266cbc-8a5f-41f1-8caf-b7a6eabac739] (NRF-notify) NF registered (../lib/sbi/nnrf-handler.c:725)
[32m07/28 16:36:14.874[0m: [[33msbi[0m] [1;32mINFO[0m: [65266cbc-8a5f-41f1-8caf-b7a6eabac739] (NRF-notify) NF Profile updated (../lib/sbi/nnrf-handler.c:735)
[32m07/28 16:36:14.874[0m: [[33msbi[0m] [1;32mINFO[0m: [65266cbc-8a5f-41f1-8caf-b7a6eabac739] (NRF-notify) NF registered (../lib/sbi/nnrf-handler.c:725)
[32m07/28 16:36:14.874[0m: [[33msbi[0m] [1;32mINFO[0m: [65266cbc-8a5f-41f1-8caf-b7a6eabac739] (NRF-notify) NF Profile updated (../lib/sbi/nnrf-handler.c:735)
[32m07/28 16:36:14.874[0m: [[33msbi[0m] [1;32mINFO[0m: [65266cbc-8a5f-41f1-8caf-b7a6eabac739] NF registered [Heartbeat:10s] (../lib/sbi/nf-sm.c:214)
Open5GS daemon v2.6.6

[32m07/28 16:36:14.923[0m: [[33mapp[0m] [1;32mINFO[0m: Configuration: '/opt/CoreCrisis/Corelearner/open5gs-2.6.6/build/configs/sample.yaml' (../lib/app/ogs-init.c:126)
[32m07/28 16:36:14.924[0m: [[33msbi[0m] [1;32mINFO[0m: NF Service [nbsf-management] (../lib/sbi/context.c:1438)
[32m07/28 16:36:14.924[0m: [[33msbi[0m] [1;32mINFO[0m: nghttp2_server() [http://127.0.0.15]:7777 (../lib/sbi/nghttp2-server.c:395)
[32m07/28 16:36:14.924[0m: [[33mapp[0m] [1;32mINFO[0m: BSF initialize...done (../src/bsf/app.c:31)
[32m07/28 16:36:14.924[0m: [[33mnrf[0m] [1;32mINFO[0m: [652e170a-8a5f-41f1-8d94-23f9cda36dc4] NF registered [Heartbeat:10s] (../src/nrf/nf-sm.c:190)
[32m07/28 16:36:14.925[0m: [[33msbi[0m] [1;32mINFO[0m: [652e170a-8a5f-41f1-8d94-23f9cda36dc4] (NRF-notify) NF registered (../lib/sbi/nnrf-handler.c:725)
[32m07/28 16:36:14.925[0m: [[33msbi[0m] [1;32mINFO[0m: [652e170a-8a5f-41f1-8d94-23f9cda36dc4] (NRF-notify) NF Profile updated (../lib/sbi/nnrf-handler.c:735)
[32m07/28 16:36:14.925[0m: [[33msbi[0m] [1;32mINFO[0m: [652e170a-8a5f-41f1-8d94-23f9cda36dc4] (NRF-notify) NF registered (../lib/sbi/nnrf-handler.c:725)
[32m07/28 16:36:14.925[0m: [[33msbi[0m] [1;32mINFO[0m: [652e170a-8a5f-41f1-8d94-23f9cda36dc4] (NRF-notify) NF Profile updated (../lib/sbi/nnrf-handler.c:735)
[32m07/28 16:36:14.925[0m: [[33msbi[0m] [1;32mINFO[0m: [652e170a-8a5f-41f1-8d94-23f9cda36dc4] NF registered [Heartbeat:10s] (../lib/sbi/nf-sm.c:214)
Open5GS daemon v2.6.6

[32m07/28 16:36:14.976[0m: [[33mapp[0m] [1;32mINFO[0m: Configuration: '/opt/CoreCrisis/Corelearner/open5gs-2.6.6/build/configs/sample.yaml' (../lib/app/ogs-init.c:126)
[32m07/28 16:36:14.978[0m: [[33mdbi[0m] [1;32mINFO[0m: MongoDB URI: 'mongodb://localhost/open5gs' (../lib/dbi/ogs-mongoc.c:130)
[32m07/28 16:36:14.978[0m: [[33msbi[0m] [1;32mINFO[0m: NF Service [nudr-dr] (../lib/sbi/context.c:1438)
[32m07/28 16:36:14.978[0m: [[33msbi[0m] [1;32mINFO[0m: nghttp2_server() [http://127.0.0.20]:7777 (../lib/sbi/nghttp2-server.c:395)
[32m07/28 16:36:14.978[0m: [[33mapp[0m] [1;32mINFO[0m: UDR initialize...done (../src/udr/app.c:31)
[32m07/28 16:36:14.978[0m: [[33mnrf[0m] [1;32mINFO[0m: [65362ecc-8a5f-41f1-970c-cfdbf84dd908] NF registered [Heartbeat:10s] (../src/nrf/nf-sm.c:190)
[32m07/28 16:36:14.978[0m: [[33msbi[0m] [1;32mINFO[0m: [65362ecc-8a5f-41f1-970c-cfdbf84dd908] (NRF-notify) NF registered (../lib/sbi/nnrf-handler.c:725)
[32m07/28 16:36:14.978[0m: [[33msbi[0m] [1;32mINFO[0m: [65362ecc-8a5f-41f1-970c-cfdbf84dd908] (NRF-notify) NF Profile updated (../lib/sbi/nnrf-handler.c:735)
[32m07/28 16:36:14.979[0m: [[33msbi[0m] [1;32mINFO[0m: [65362ecc-8a5f-41f1-970c-cfdbf84dd908] (NRF-notify) NF registered (../lib/sbi/nnrf-handler.c:725)
[32m07/28 16:36:14.979[0m: [[33msbi[0m] [1;32mINFO[0m: [65362ecc-8a5f-41f1-970c-cfdbf84dd908] (NRF-notify) NF Profile updated (../lib/sbi/nnrf-handler.c:735)
[32m07/28 16:36:14.979[0m: [[33msbi[0m] [1;32mINFO[0m: [65362ecc-8a5f-41f1-970c-cfdbf84dd908] (NRF-notify) NF registered (../lib/sbi/nnrf-handler.c:725)
[32m07/28 16:36:14.979[0m: [[33msbi[0m] [1;32mINFO[0m: [65362ecc-8a5f-41f1-970c-cfdbf84dd908] (NRF-notify) NF Profile updated (../lib/sbi/nnrf-handler.c:735)
[32m07/28 16:36:14.979[0m: [[33msbi[0m] [1;32mINFO[0m: [65362ecc-8a5f-41f1-970c-cfdbf84dd908] NF registered [Heartbeat:10s] (../lib/sbi/nf-sm.c:214)
[32m07/28 16:36:17.095[0m: [[33msmf[0m] [1;36mWARNING[0m: PFCP[REQ] has already been associated [127.0.0.7]:8805 (../src/smf/pfcp-sm.c:292)
[32m07/28 16:36:17.095[0m: [[33mupf[0m] [1;36mWARNING[0m: PFCP[RSP] has already been associated [127.0.0.4]:8805 (../src/upf/pfcp-sm.c:277)
[32m07/28 16:36:20.459[0m: [[33mamf[0m] [1;32mINFO[0m: gNB-N2 accepted[127.0.0.1]:33483 in ng-path module (../src/amf/ngap-sctp.c:113)
[32m07/28 16:36:20.459[0m: [[33mamf[0m] [1;32mINFO[0m: gNB-N2 accepted[127.0.0.1] in master_sm module (../src/amf/amf-sm.c:741)
[32m07/28 16:36:20.459[0m: [[33mamf[0m] [1;32mINFO[0m: [Added] Number of gNBs is now 1 (../src/amf/context.c:1185)
[32m07/28 16:36:20.459[0m: [[33mamf[0m] [1;32mINFO[0m: gNB-N2[127.0.0.1] max_num_of_ostreams : 10 (../src/amf/amf-sm.c:780)
[32m07/28 16:44:16.395[0m: [[33mamf[0m] [1;32mINFO[0m: InitialUEMessage (../src/amf/ngap-handler.c:401)
[32m07/28 16:44:16.395[0m: [[33mamf[0m] [1;32mINFO[0m: [Added] Number of gNB-UEs is now 1 (../src/amf/context.c:2523)
[32m07/28 16:44:16.395[0m: [[33mamf[0m] [1;32mINFO[0m:     RAN_UE_NGAP_ID[1] AMF_UE_NGAP_ID[1] TAC[1] CellID[0x10] (../src/amf/ngap-handler.c:562)
[32m07/28 16:44:16.396[0m: [[33mamf[0m] [1;32mINFO[0m: [suci-0-999-70-0000-0-0-0000000001] Unknown UE by SUCI (../src/amf/context.c:1789)
[32m07/28 16:44:16.396[0m: [[33mamf[0m] [1;32mINFO[0m: [Added] Number of AMF-UEs is now 1 (../src/amf/context.c:1570)
[32m07/28 16:44:16.396[0m: [[33mgmm[0m] [1;32mINFO[0m: Registration request (../src/amf/gmm-sm.c:1061)
[32m07/28 16:44:16.396[0m: [[33mgmm[0m] [1;32mINFO[0m: [suci-0-999-70-0000-0-0-0000000001]    SUCI (../src/amf/gmm-handler.c:157)
[32m07/28 16:44:17.908[0m: [[33mgmm[0m] [1;36mWARNING[0m: Registration request (../src/amf/gmm-sm.c:2075)
[32m07/28 16:44:17.908[0m: [[33mgmm[0m] [1;32mINFO[0m: [suci-0-999-70-0000-0-0-0000000001]    5G-S_GUTI[AMF_ID:0x20040,M_TMSI:0xc00007ea] (../src/amf/gmm-handler.c:170)
[32m07/28 16:44:17.908[0m: [[33mamf[0m] [1;36mWARNING[0m: GUTI has already been allocated (../src/amf/context.c:1380)
[32m07/28 16:44:18.914[0m: [[33mgmm[0m] [1;36mWARNING[0m: [imsi-999700000000001] Security mode reject : Cause[24] (../src/amf/gmm-sm.c:1719)
[32m07/28 16:44:18.914[0m: [[33mamf[0m] [1;32mINFO[0m: UE Context Release [Action:3] (../src/amf/ngap-handler.c:1677)
[32m07/28 16:44:18.914[0m: [[33mamf[0m] [1;32mINFO[0m:     RAN_UE_NGAP_ID[1] AMF_UE_NGAP_ID[1] (../src/amf/ngap-handler.c:1678)
[32m07/28 16:44:18.914[0m: [[33mamf[0m] [1;32mINFO[0m:     SUCI[suci-0-999-70-0000-0-0-0000000001] (../src/amf/ngap-handler.c:1681)
[32m07/28 16:44:18.914[0m: [[33mamf[0m] [1;32mINFO[0m: [Removed] Number of gNB-UEs is now 0 (../src/amf/context.c:2530)
[32m07/28 16:44:18.914[0m: [[33mamf[0m] [1;32mINFO[0m: [Removed] Number of AMF-UEs is now 0 (../src/amf/context.c:1663)
[32m07/28 16:44:20.415[0m: [[33mamf[0m] [1;32mINFO[0m: InitialUEMessage (../src/amf/ngap-handler.c:401)
[32m07/28 16:44:20.415[0m: [[33mamf[0m] [1;32mINFO[0m: [Added] Number of gNB-UEs is now 1 (../src/amf/context.c:2523)
[32m07/28 16:44:20.415[0m: [[33mamf[0m] [1;32mINFO[0m: Unknown UE by 5G-S_TMSI[AMF_ID:0x20040,M_TMSI:0xc00007ea] (../src/amf/ngap-handler.c:479)
[32m07/28 16:44:20.415[0m: [[33mamf[0m] [1;32mINFO[0m:     RAN_UE_NGAP_ID[2] AMF_UE_NGAP_ID[2] TAC[1] CellID[0x10] (../src/amf/ngap-handler.c:562)
[32m07/28 16:44:20.415[0m: [[33mamf[0m] [1;32mINFO[0m: Unknown UE by 5G-S_TMSI[AMF_ID:0x20040,M_TMSI:0xc00007ea] (../src/amf/context.c:1807)
[32m07/28 16:44:20.415[0m: [[33mamf[0m] [1;32mINFO[0m: [Added] Number of AMF-UEs is now 1 (../src/amf/context.c:1570)
[32m07/28 16:44:20.415[0m: [[33mgmm[0m] [1;32mINFO[0m: Registration request (../src/amf/gmm-sm.c:1061)
[32m07/28 16:44:20.415[0m: [[33mgmm[0m] [1;32mINFO[0m: [Unknown ID]    5G-S_GUTI[AMF_ID:0x20040,M_TMSI:0xc00007ea] (../src/amf/gmm-handler.c:170)
[32m07/28 16:44:35.421[0m: [[33mgmm[0m] [1;36mWARNING[0m: Retransmission of Identity-Request failed. Stop retransmission (../src/amf/gmm-sm.c:136)
[32m07/28 16:44:35.421[0m: [[33mamf[0m] [1;32mINFO[0m: UE Context Release [Action:3] (../src/amf/ngap-handler.c:1677)
[32m07/28 16:44:35.421[0m: [[33mamf[0m] [1;32mINFO[0m:     RAN_UE_NGAP_ID[2] AMF_UE_NGAP_ID[2] (../src/amf/ngap-handler.c:1678)
[32m07/28 16:44:35.421[0m: [[33mamf[0m] [1;32mINFO[0m:     SUCI[Unknown] (../src/amf/ngap-handler.c:1681)
[32m07/28 16:44:35.421[0m: [[33mamf[0m] [1;32mINFO[0m: [Removed] Number of gNB-UEs is now 0 (../src/amf/context.c:2530)
[32m07/28 16:44:35.421[0m: [[33mamf[0m] [1;32mINFO[0m: [Removed] Number of AMF-UEs is now 0 (../src/amf/context.c:1663)
