Open5GS daemon v2.6.6

[32m07/25 15:21:15.350[0m: [[33mapp[0m] [1;32mINFO[0m: Configuration: '/opt/CoreCrisis/Corelearner/open5gs-2.6.6/build/configs/sample.yaml' (../lib/app/ogs-init.c:126)
Open5GS daemon v2.6.6

[32m07/25 15:21:15.358[0m: [[33mapp[0m] [1;32mINFO[0m: Configuration: '/opt/CoreCrisis/Corelearner/open5gs-2.6.6/build/configs/sample.yaml' (../lib/app/ogs-init.c:126)
[32m07/25 15:21:15.363[0m: [[33msbi[0m] [1;32mINFO[0m: nghttp2_server() [http://127.0.0.10]:7777 (../lib/sbi/nghttp2-server.c:395)
[32m07/25 15:21:15.363[0m: [[33msbi[0m] [1;32mINFO[0m: nghttp2_server() [http://::1]:7777 (../lib/sbi/nghttp2-server.c:395)
[32m07/25 15:21:15.363[0m: [[33mapp[0m] [1;32mINFO[0m: NRF initialize...done (../src/nrf/app.c:31)
Open5GS daemon v2.6.6

[32m07/25 15:21:15.406[0m: [[33mapp[0m] [1;32mINFO[0m: Configuration: '/opt/CoreCrisis/Corelearner/open5gs-2.6.6/build/configs/sample.yaml' (../lib/app/ogs-init.c:126)
[32m07/25 15:21:15.412[0m: [[33msbi[0m] [1;32mINFO[0m: nghttp2_server() [http://127.0.1.10]:7777 (../lib/sbi/nghttp2-server.c:395)
[32m07/25 15:21:15.412[0m: [[33mapp[0m] [1;32mINFO[0m: SCP initialize...done (../src/scp/app.c:31)
[32m07/25 15:21:15.413[0m: [[33mnrf[0m] [1;32mINFO[0m: [6c0518ac-87f9-41f1-8f29-c76a0c21bb8b] NF registered [Heartbeat:10s] (../src/nrf/nf-sm.c:190)
[32m07/25 15:21:15.414[0m: [[33msbi[0m] [1;32mINFO[0m: [6c0518ac-87f9-41f1-8f29-c76a0c21bb8b] NF registered [Heartbeat:10s] (../lib/sbi/nf-sm.c:214)
[32m07/25 15:21:15.416[0m: [[33mnrf[0m] [1;32mINFO[0m: [6c0681a6-87f9-41f1-94ed-a1db8c6465b4] Subscription created until 2026-07-26T15:21:15.416834+08:00 [validity_duration:86400] (../src/nrf/nnrf-handler.c:375)
[32m07/25 15:21:15.416[0m: [[33mnrf[0m] [1;32mINFO[0m: [6c06861a-87f9-41f1-94ed-a1db8c6465b4] Subscription created until 2026-07-26T15:21:15.416941+08:00 [validity_duration:86400] (../src/nrf/nnrf-handler.c:375)
[32m07/25 15:21:15.416[0m: [[33mnrf[0m] [1;32mINFO[0m: [6c068764-87f9-41f1-94ed-a1db8c6465b4] Subscription created until 2026-07-26T15:21:15.416973+08:00 [validity_duration:86400] (../src/nrf/nnrf-handler.c:375)
[32m07/25 15:21:15.417[0m: [[33mnrf[0m] [1;32mINFO[0m: [6c068886-87f9-41f1-94ed-a1db8c6465b4] Subscription created until 2026-07-26T15:21:15.417001+08:00 [validity_duration:86400] (../src/nrf/nnrf-handler.c:375)
[32m07/25 15:21:15.417[0m: [[33mnrf[0m] [1;32mINFO[0m: [6c06898a-87f9-41f1-94ed-a1db8c6465b4] Subscription created until 2026-07-26T15:21:15.417026+08:00 [validity_duration:86400] (../src/nrf/nnrf-handler.c:375)
[32m07/25 15:21:15.417[0m: [[33mnrf[0m] [1;32mINFO[0m: [6c068a8e-87f9-41f1-94ed-a1db8c6465b4] Subscription created until 2026-07-26T15:21:15.417053+08:00 [validity_duration:86400] (../src/nrf/nnrf-handler.c:375)
[32m07/25 15:21:15.417[0m: [[33mnrf[0m] [1;32mINFO[0m: [6c068b92-87f9-41f1-94ed-a1db8c6465b4] Subscription created until 2026-07-26T15:21:15.417078+08:00 [validity_duration:86400] (../src/nrf/nnrf-handler.c:375)
[32m07/25 15:21:15.417[0m: [[33mnrf[0m] [1;32mINFO[0m: [6c068c82-87f9-41f1-94ed-a1db8c6465b4] Subscription created until 2026-07-26T15:21:15.417103+08:00 [validity_duration:86400] (../src/nrf/nnrf-handler.c:375)
[32m07/25 15:21:15.417[0m: [[33msbi[0m] [1;32mINFO[0m: [6c0681a6-87f9-41f1-94ed-a1db8c6465b4] Subscription created until 2026-07-26T15:21:15.416834+08:00 [duration:86400,validity:86399.999656,patch:43199.999828] (../lib/sbi/nnrf-handler.c:509)
[32m07/25 15:21:15.417[0m: [[33msbi[0m] [1;32mINFO[0m: [6c06861a-87f9-41f1-94ed-a1db8c6465b4] Subscription created until 2026-07-26T15:21:15.416941+08:00 [duration:86400,validity:86399.999724,patch:43199.999862] (../lib/sbi/nnrf-handler.c:509)
[32m07/25 15:21:15.417[0m: [[33msbi[0m] [1;32mINFO[0m: [6c068764-87f9-41f1-94ed-a1db8c6465b4] Subscription created until 2026-07-26T15:21:15.416973+08:00 [duration:86400,validity:86399.999637,patch:43199.999818] (../lib/sbi/nnrf-handler.c:509)
[32m07/25 15:21:15.417[0m: [[33msbi[0m] [1;32mINFO[0m: [6c068886-87f9-41f1-94ed-a1db8c6465b4] Subscription created until 2026-07-26T15:21:15.417001+08:00 [duration:86400,validity:86399.999652,patch:43199.999826] (../lib/sbi/nnrf-handler.c:509)
[32m07/25 15:21:15.417[0m: [[33msbi[0m] [1;32mINFO[0m: [6c06898a-87f9-41f1-94ed-a1db8c6465b4] Subscription created until 2026-07-26T15:21:15.417026+08:00 [duration:86400,validity:86399.999590,patch:43199.999795] (../lib/sbi/nnrf-handler.c:509)
[32m07/25 15:21:15.417[0m: [[33msbi[0m] [1;32mINFO[0m: [6c068a8e-87f9-41f1-94ed-a1db8c6465b4] Subscription created until 2026-07-26T15:21:15.417053+08:00 [duration:86400,validity:86399.999599,patch:43199.999799] (../lib/sbi/nnrf-handler.c:509)
[32m07/25 15:21:15.417[0m: [[33msbi[0m] [1;32mINFO[0m: [6c068b92-87f9-41f1-94ed-a1db8c6465b4] Subscription created until 2026-07-26T15:21:15.417078+08:00 [duration:86400,validity:86399.999574,patch:43199.999787] (../lib/sbi/nnrf-handler.c:509)
[32m07/25 15:21:15.417[0m: [[33msbi[0m] [1;32mINFO[0m: [6c068c82-87f9-41f1-94ed-a1db8c6465b4] Subscription created until 2026-07-26T15:21:15.417103+08:00 [duration:86400,validity:86399.999543,patch:43199.999771] (../lib/sbi/nnrf-handler.c:509)
Open5GS daemon v2.6.6

[32m07/25 15:21:15.472[0m: [[33mapp[0m] [1;32mINFO[0m: Configuration: '/opt/CoreCrisis/Corelearner/open5gs-2.6.6/build/configs/sample.yaml' (../lib/app/ogs-init.c:126)
[32m07/25 15:21:15.492[0m: [[33mmetrics[0m] [1;32mINFO[0m: metrics_server() [http://127.0.0.7]:9090 (../lib/metrics/prometheus/context.c:299)
[32m07/25 15:21:15.492[0m: [[33mpfcp[0m] [1;32mINFO[0m: pfcp_server() [127.0.0.7]:8805 (../lib/pfcp/path.c:30)
[32m07/25 15:21:15.492[0m: [[33mpfcp[0m] [1;32mINFO[0m: ogs_pfcp_connect() [127.0.0.4]:8805 (../lib/pfcp/path.c:61)
[32m07/25 15:21:15.492[0m: [[33mgtp[0m] [1;32mINFO[0m: gtp_server() [127.0.0.7]:2152 (../lib/gtp/path.c:30)
[32m07/25 15:21:15.493[0m: [[33mapp[0m] [1;32mINFO[0m: UPF initialize...done (../src/upf/app.c:31)
Open5GS daemon v2.6.6

[32m07/25 15:21:15.524[0m: [[33mapp[0m] [1;32mINFO[0m: Configuration: '/opt/CoreCrisis/Corelearner/open5gs-2.6.6/build/configs/sample.yaml' (../lib/app/ogs-init.c:126)
[32m07/25 15:21:15.548[0m: [[33mmetrics[0m] [1;32mINFO[0m: metrics_server() [http://127.0.0.4]:9090 (../lib/metrics/prometheus/context.c:299)
Open5GS daemon v2.6.6

[32m07/25 15:21:15.561[0m: [[33mapp[0m] [1;32mINFO[0m: Configuration: '/opt/CoreCrisis/Corelearner/open5gs-2.6.6/build/configs/sample.yaml' (../lib/app/ogs-init.c:126)
[32m07/25 15:21:15.563[0m: [[33mmetrics[0m] [1;32mINFO[0m: metrics_server() [http://127.0.0.5]:9090 (../lib/metrics/prometheus/context.c:299)
[32m07/25 15:21:15.563[0m: [[33msbi[0m] [1;32mINFO[0m: NF Service [namf-comm] (../lib/sbi/context.c:1438)
[32m07/25 15:21:15.568[0m: [[33msbi[0m] [1;32mINFO[0m: nghttp2_server() [http://127.0.0.5]:7777 (../lib/sbi/nghttp2-server.c:395)
[32m07/25 15:21:15.577[0m: [[33mamf[0m] [1;32mINFO[0m: ngap_server() [127.0.0.5]:38412 (../src/amf/ngap-sctp.c:61)
[32m07/25 15:21:15.578[0m: [[33msctp[0m] [1;32mINFO[0m: AMF initialize...done (../src/amf/app.c:33)
[32m07/25 15:21:15.577[0m: [[33mgtp[0m] [1;32mINFO[0m: gtp_server() [127.0.0.4]:2123 (../lib/gtp/path.c:30)
[32m07/25 15:21:15.577[0m: [[33mgtp[0m] [1;32mINFO[0m: gtp_server() [::1]:2123 (../lib/gtp/path.c:30)
[32m07/25 15:21:15.577[0m: [[33mgtp[0m] [1;32mINFO[0m: gtp_server() [127.0.0.4]:2152 (../lib/gtp/path.c:30)
[32m07/25 15:21:15.577[0m: [[33mgtp[0m] [1;32mINFO[0m: gtp_server() [::1]:2152 (../lib/gtp/path.c:30)
[32m07/25 15:21:15.578[0m: [[33mpfcp[0m] [1;32mINFO[0m: pfcp_server() [127.0.0.4]:8805 (../lib/pfcp/path.c:30)
[32m07/25 15:21:15.578[0m: [[33mpfcp[0m] [1;32mINFO[0m: ogs_pfcp_connect() [127.0.0.7]:8805 (../lib/pfcp/path.c:61)
[32m07/25 15:21:15.578[0m: [[33msbi[0m] [1;32mINFO[0m: NF Service [nsmf-pdusession] (../lib/sbi/context.c:1438)
[32m07/25 15:21:15.578[0m: [[33mupf[0m] [1;32mINFO[0m: PFCP associated [127.0.0.4]:8805 (../src/upf/pfcp-sm.c:184)
[32m07/25 15:21:15.578[0m: [[33mnrf[0m] [1;32mINFO[0m: [6c1cbf84-87f9-41f1-b2fd-e93732c512f5] NF registered [Heartbeat:10s] (../src/nrf/nf-sm.c:190)
[32m07/25 15:21:15.578[0m: [[33msbi[0m] [1;32mINFO[0m: nghttp2_server() [http://127.0.0.4]:7777 (../lib/sbi/nghttp2-server.c:395)
[32m07/25 15:21:15.579[0m: [[33msbi[0m] [1;32mINFO[0m: [6c1cbf84-87f9-41f1-b2fd-e93732c512f5] (NRF-notify) NF registered (../lib/sbi/nnrf-handler.c:725)
[32m07/25 15:21:15.579[0m: [[33msbi[0m] [1;32mINFO[0m: [6c1cbf84-87f9-41f1-b2fd-e93732c512f5] (NRF-notify) NF Profile updated (../lib/sbi/nnrf-handler.c:735)
[32m07/25 15:21:15.579[0m: [[33mnrf[0m] [1;32mINFO[0m: [6c1a1a0e-87f9-41f1-a662-73c13726f750] NF registered [Heartbeat:10s] (../src/nrf/nf-sm.c:190)
[32m07/25 15:21:15.579[0m: [[33msmf[0m] [1;32mINFO[0m: PFCP associated [127.0.0.7]:8805 (../src/smf/pfcp-sm.c:196)
[32m07/25 15:21:15.579[0m: [[33mapp[0m] [1;32mINFO[0m: SMF initialize...done (../src/smf/app.c:31)
[32m07/25 15:21:15.579[0m: [[33msbi[0m] [1;32mINFO[0m: [6c1a1a0e-87f9-41f1-a662-73c13726f750] (NRF-notify) NF registered (../lib/sbi/nnrf-handler.c:725)
[32m07/25 15:21:15.579[0m: [[33msbi[0m] [1;32mINFO[0m: [6c1a1a0e-87f9-41f1-a662-73c13726f750] (NRF-notify) NF Profile updated (../lib/sbi/nnrf-handler.c:735)
[32m07/25 15:21:15.580[0m: [[33msbi[0m] [1;32mINFO[0m: [6c1a1a0e-87f9-41f1-a662-73c13726f750] NF registered [Heartbeat:10s] (../lib/sbi/nf-sm.c:214)
[32m07/25 15:21:15.580[0m: [[33msbi[0m] [1;32mINFO[0m: [6c1cbf84-87f9-41f1-b2fd-e93732c512f5] NF registered [Heartbeat:10s] (../lib/sbi/nf-sm.c:214)
[32m07/25 15:21:15.580[0m: [[33mnrf[0m] [1;32mINFO[0m: [6c1f7d8c-87f9-41f1-94ed-a1db8c6465b4] Subscription created until 2026-07-26T15:21:15.580575+08:00 [validity_duration:86400] (../src/nrf/nnrf-handler.c:375)
[32m07/25 15:21:15.580[0m: [[33mnrf[0m] [1;32mINFO[0m: [6c1f7fbc-87f9-41f1-94ed-a1db8c6465b4] Subscription created until 2026-07-26T15:21:15.580616+08:00 [validity_duration:86400] (../src/nrf/nnrf-handler.c:375)
[32m07/25 15:21:15.580[0m: [[33mnrf[0m] [1;32mINFO[0m: [6c1f80b6-87f9-41f1-94ed-a1db8c6465b4] Subscription created until 2026-07-26T15:21:15.580643+08:00 [validity_duration:86400] (../src/nrf/nnrf-handler.c:375)
[32m07/25 15:21:15.580[0m: [[33mnrf[0m] [1;32mINFO[0m: [6c1f81c4-87f9-41f1-94ed-a1db8c6465b4] Subscription created until 2026-07-26T15:21:15.580668+08:00 [validity_duration:86400] (../src/nrf/nnrf-handler.c:375)
[32m07/25 15:21:15.581[0m: [[33mnrf[0m] [1;32mINFO[0m: [6c1f96b4-87f9-41f1-94ed-a1db8c6465b4] Subscription created until 2026-07-26T15:21:15.581215+08:00 [validity_duration:86400] (../src/nrf/nnrf-handler.c:375)
[32m07/25 15:21:15.581[0m: [[33mnrf[0m] [1;32mINFO[0m: [6c1f9cd6-87f9-41f1-94ed-a1db8c6465b4] Subscription created until 2026-07-26T15:21:15.581363+08:00 [validity_duration:86400] (../src/nrf/nnrf-handler.c:375)
[32m07/25 15:21:15.581[0m: [[33mnrf[0m] [1;32mINFO[0m: [6c1f9f7e-87f9-41f1-94ed-a1db8c6465b4] Subscription created until 2026-07-26T15:21:15.581430+08:00 [validity_duration:86400] (../src/nrf/nnrf-handler.c:375)
[32m07/25 15:21:15.581[0m: [[33mnrf[0m] [1;32mINFO[0m: [6c1fa06e-87f9-41f1-94ed-a1db8c6465b4] Subscription created until 2026-07-26T15:21:15.581453+08:00 [validity_duration:86400] (../src/nrf/nnrf-handler.c:375)
[32m07/25 15:21:15.581[0m: [[33mnrf[0m] [1;32mINFO[0m: [6c1fafb4-87f9-41f1-94ed-a1db8c6465b4] Subscription created until 2026-07-26T15:21:15.581846+08:00 [validity_duration:86400] (../src/nrf/nnrf-handler.c:375)
[32m07/25 15:21:15.581[0m: [[33mnrf[0m] [1;32mINFO[0m: [6c1fb270-87f9-41f1-94ed-a1db8c6465b4] Subscription created until 2026-07-26T15:21:15.581915+08:00 [validity_duration:86400] (../src/nrf/nnrf-handler.c:375)
[32m07/25 15:21:15.581[0m: [[33msbi[0m] [1;32mINFO[0m: [6c1f7d8c-87f9-41f1-94ed-a1db8c6465b4] Subscription created until 2026-07-26T15:21:15.580575+08:00 [duration:86400,validity:86399.998592,patch:43199.999296] (../lib/sbi/nnrf-handler.c:509)
[32m07/25 15:21:15.582[0m: [[33msbi[0m] [1;32mINFO[0m: [6c1f96b4-87f9-41f1-94ed-a1db8c6465b4] Subscription created until 2026-07-26T15:21:15.581215+08:00 [duration:86400,validity:86399.999144,patch:43199.999572] (../lib/sbi/nnrf-handler.c:509)
[32m07/25 15:21:15.582[0m: [[33msbi[0m] [1;32mINFO[0m: [6c1f9cd6-87f9-41f1-94ed-a1db8c6465b4] Subscription created until 2026-07-26T15:21:15.581363+08:00 [duration:86400,validity:86399.999226,patch:43199.999613] (../lib/sbi/nnrf-handler.c:509)
[32m07/25 15:21:15.582[0m: [[33msbi[0m] [1;32mINFO[0m: [6c1f9f7e-87f9-41f1-94ed-a1db8c6465b4] Subscription created until 2026-07-26T15:21:15.581430+08:00 [duration:86400,validity:86399.999236,patch:43199.999618] (../lib/sbi/nnrf-handler.c:509)
[32m07/25 15:21:15.582[0m: [[33msbi[0m] [1;32mINFO[0m: [6c1fa06e-87f9-41f1-94ed-a1db8c6465b4] Subscription created until 2026-07-26T15:21:15.581453+08:00 [duration:86400,validity:86399.999244,patch:43199.999622] (../lib/sbi/nnrf-handler.c:509)
[32m07/25 15:21:15.582[0m: [[33msbi[0m] [1;32mINFO[0m: [6c1fafb4-87f9-41f1-94ed-a1db8c6465b4] Subscription created until 2026-07-26T15:21:15.581846+08:00 [duration:86400,validity:86399.999612,patch:43199.999806] (../lib/sbi/nnrf-handler.c:509)
[32m07/25 15:21:15.582[0m: [[33msbi[0m] [1;32mINFO[0m: [6c1f7fbc-87f9-41f1-94ed-a1db8c6465b4] Subscription created until 2026-07-26T15:21:15.580616+08:00 [duration:86400,validity:86399.998370,patch:43199.999185] (../lib/sbi/nnrf-handler.c:509)
[32m07/25 15:21:15.582[0m: [[33msbi[0m] [1;32mINFO[0m: [6c1fb270-87f9-41f1-94ed-a1db8c6465b4] Subscription created until 2026-07-26T15:21:15.581915+08:00 [duration:86400,validity:86399.999643,patch:43199.999821] (../lib/sbi/nnrf-handler.c:509)
[32m07/25 15:21:15.582[0m: [[33msbi[0m] [1;32mINFO[0m: [6c1f80b6-87f9-41f1-94ed-a1db8c6465b4] Subscription created until 2026-07-26T15:21:15.580643+08:00 [duration:86400,validity:86399.998351,patch:43199.999175] (../lib/sbi/nnrf-handler.c:509)
[32m07/25 15:21:15.582[0m: [[33msbi[0m] [1;32mINFO[0m: [6c1f81c4-87f9-41f1-94ed-a1db8c6465b4] Subscription created until 2026-07-26T15:21:15.580668+08:00 [duration:86400,validity:86399.998354,patch:43199.999177] (../lib/sbi/nnrf-handler.c:509)
Open5GS daemon v2.6.6

[32m07/25 15:21:15.607[0m: [[33mapp[0m] [1;32mINFO[0m: Configuration: '/opt/CoreCrisis/Corelearner/open5gs-2.6.6/build/configs/sample.yaml' (../lib/app/ogs-init.c:126)
[32m07/25 15:21:15.608[0m: [[33msbi[0m] [1;32mINFO[0m: NF Service [nausf-auth] (../lib/sbi/context.c:1438)
[32m07/25 15:21:15.608[0m: [[33msbi[0m] [1;32mINFO[0m: nghttp2_server() [http://127.0.0.11]:7777 (../lib/sbi/nghttp2-server.c:395)
[32m07/25 15:21:15.608[0m: [[33mapp[0m] [1;32mINFO[0m: AUSF initialize...done (../src/ausf/app.c:31)
[32m07/25 15:21:15.609[0m: [[33mnrf[0m] [1;32mINFO[0m: [6c23c798-87f9-41f1-a7b8-957d83e64821] NF registered [Heartbeat:10s] (../src/nrf/nf-sm.c:190)
[32m07/25 15:21:15.609[0m: [[33msbi[0m] [1;32mINFO[0m: [6c23c798-87f9-41f1-a7b8-957d83e64821] (NRF-notify) NF registered (../lib/sbi/nnrf-handler.c:725)
[32m07/25 15:21:15.609[0m: [[33msbi[0m] [1;32mINFO[0m: [6c23c798-87f9-41f1-a7b8-957d83e64821] (NRF-notify) NF Profile updated (../lib/sbi/nnrf-handler.c:735)
[32m07/25 15:21:15.609[0m: [[33msbi[0m] [1;32mINFO[0m: [6c23c798-87f9-41f1-a7b8-957d83e64821] (NRF-notify) NF registered (../lib/sbi/nnrf-handler.c:725)
[32m07/25 15:21:15.609[0m: [[33msbi[0m] [1;32mINFO[0m: [6c23c798-87f9-41f1-a7b8-957d83e64821] (NRF-notify) NF Profile updated (../lib/sbi/nnrf-handler.c:735)
[32m07/25 15:21:15.609[0m: [[33msbi[0m] [1;32mINFO[0m: [6c23c798-87f9-41f1-a7b8-957d83e64821] NF registered [Heartbeat:10s] (../lib/sbi/nf-sm.c:214)
[32m07/25 15:21:15.609[0m: [[33mnrf[0m] [1;32mINFO[0m: [6c23f894-87f9-41f1-94ed-a1db8c6465b4] Subscription created until 2026-07-26T15:21:15.609939+08:00 [validity_duration:86400] (../src/nrf/nnrf-handler.c:375)
[32m07/25 15:21:15.610[0m: [[33msbi[0m] [1;32mINFO[0m: [6c23f894-87f9-41f1-94ed-a1db8c6465b4] Subscription created until 2026-07-26T15:21:15.609939+08:00 [duration:86400,validity:86399.999782,patch:43199.999891] (../lib/sbi/nnrf-handler.c:509)
Open5GS daemon v2.6.6

[32m07/25 15:21:15.657[0m: [[33mapp[0m] [1;32mINFO[0m: Configuration: '/opt/CoreCrisis/Corelearner/open5gs-2.6.6/build/configs/sample.yaml' (../lib/app/ogs-init.c:126)
[32m07/25 15:21:15.661[0m: [[33msbi[0m] [1;32mINFO[0m: NF Service [nudm-ueau] (../lib/sbi/context.c:1438)
[32m07/25 15:21:15.661[0m: [[33msbi[0m] [1;32mINFO[0m: NF Service [nudm-uecm] (../lib/sbi/context.c:1438)
[32m07/25 15:21:15.661[0m: [[33msbi[0m] [1;32mINFO[0m: NF Service [nudm-sdm] (../lib/sbi/context.c:1438)
[32m07/25 15:21:15.661[0m: [[33msbi[0m] [1;32mINFO[0m: nghttp2_server() [http://127.0.0.12]:7777 (../lib/sbi/nghttp2-server.c:395)
[32m07/25 15:21:15.661[0m: [[33mapp[0m] [1;32mINFO[0m: UDM initialize...done (../src/udm/app.c:31)
[32m07/25 15:21:15.661[0m: [[33mnrf[0m] [1;32mINFO[0m: [6c2b71f0-87f9-41f1-908a-a77630d8f8b9] NF registered [Heartbeat:10s] (../src/nrf/nf-sm.c:190)
[32m07/25 15:21:15.662[0m: [[33msbi[0m] [1;32mINFO[0m: [6c2b71f0-87f9-41f1-908a-a77630d8f8b9] (NRF-notify) NF registered (../lib/sbi/nnrf-handler.c:725)
[32m07/25 15:21:15.662[0m: [[33msbi[0m] [1;32mINFO[0m: [6c2b71f0-87f9-41f1-908a-a77630d8f8b9] (NRF-notify) NF Profile updated (../lib/sbi/nnrf-handler.c:735)
[32m07/25 15:21:15.662[0m: [[33msbi[0m] [1;32mINFO[0m: [6c2b71f0-87f9-41f1-908a-a77630d8f8b9] (NRF-notify) NF registered (../lib/sbi/nnrf-handler.c:725)
[32m07/25 15:21:15.662[0m: [[33msbi[0m] [1;32mINFO[0m: [6c2b71f0-87f9-41f1-908a-a77630d8f8b9] (NRF-notify) NF Profile updated (../lib/sbi/nnrf-handler.c:735)
[32m07/25 15:21:15.662[0m: [[33msbi[0m] [1;36mWARNING[0m: [6c2b71f0-87f9-41f1-908a-a77630d8f8b9] (NRF-notify) NF has already been added (../lib/sbi/nnrf-handler.c:729)
[32m07/25 15:21:15.662[0m: [[33msbi[0m] [1;32mINFO[0m: [6c2b71f0-87f9-41f1-908a-a77630d8f8b9] (NRF-notify) NF Profile updated (../lib/sbi/nnrf-handler.c:735)
[32m07/25 15:21:15.662[0m: [[33msbi[0m] [1;36mWARNING[0m: NF EndPoint updated [127.0.0.12:80] (../lib/sbi/context.c:1623)
[32m07/25 15:21:15.662[0m: [[33msbi[0m] [1;36mWARNING[0m: NF EndPoint updated [127.0.0.12:7777] (../lib/sbi/context.c:1532)
[32m07/25 15:21:15.662[0m: [[33msbi[0m] [1;32mINFO[0m: [6c2b71f0-87f9-41f1-908a-a77630d8f8b9] (NRF-notify) NF registered (../lib/sbi/nnrf-handler.c:725)
[32m07/25 15:21:15.662[0m: [[33msbi[0m] [1;32mINFO[0m: [6c2b71f0-87f9-41f1-908a-a77630d8f8b9] (NRF-notify) NF Profile updated (../lib/sbi/nnrf-handler.c:735)
[32m07/25 15:21:15.662[0m: [[33msbi[0m] [1;36mWARNING[0m: [6c2b71f0-87f9-41f1-908a-a77630d8f8b9] (NRF-notify) NF has already been added (../lib/sbi/nnrf-handler.c:729)
[32m07/25 15:21:15.662[0m: [[33msbi[0m] [1;32mINFO[0m: [6c2b71f0-87f9-41f1-908a-a77630d8f8b9] (NRF-notify) NF registered (../lib/sbi/nnrf-handler.c:725)
[32m07/25 15:21:15.662[0m: [[33msbi[0m] [1;32mINFO[0m: [6c2b71f0-87f9-41f1-908a-a77630d8f8b9] (NRF-notify) NF Profile updated (../lib/sbi/nnrf-handler.c:735)
[32m07/25 15:21:15.662[0m: [[33msbi[0m] [1;32mINFO[0m: [6c2b71f0-87f9-41f1-908a-a77630d8f8b9] (NRF-notify) NF Profile updated (../lib/sbi/nnrf-handler.c:735)
[32m07/25 15:21:15.662[0m: [[33msbi[0m] [1;36mWARNING[0m: NF EndPoint updated [127.0.0.12:80] (../lib/sbi/context.c:1623)
[32m07/25 15:21:15.662[0m: [[33msbi[0m] [1;36mWARNING[0m: NF EndPoint updated [127.0.0.12:7777] (../lib/sbi/context.c:1532)
[32m07/25 15:21:15.663[0m: [[33msbi[0m] [1;32mINFO[0m: [6c2b71f0-87f9-41f1-908a-a77630d8f8b9] NF registered [Heartbeat:10s] (../lib/sbi/nf-sm.c:214)
[32m07/25 15:21:15.663[0m: [[33mnrf[0m] [1;32mINFO[0m: [6c2c1f60-87f9-41f1-94ed-a1db8c6465b4] Subscription created until 2026-07-26T15:21:15.663358+08:00 [validity_duration:86400] (../src/nrf/nnrf-handler.c:375)
[32m07/25 15:21:15.663[0m: [[33msbi[0m] [1;32mINFO[0m: [6c2c1f60-87f9-41f1-94ed-a1db8c6465b4] Subscription created until 2026-07-26T15:21:15.663358+08:00 [duration:86400,validity:86399.999819,patch:43199.999909] (../lib/sbi/nnrf-handler.c:509)
Open5GS daemon v2.6.6

[32m07/25 15:21:15.710[0m: [[33mapp[0m] [1;32mINFO[0m: Configuration: '/opt/CoreCrisis/Corelearner/open5gs-2.6.6/build/configs/sample.yaml' (../lib/app/ogs-init.c:126)
[32m07/25 15:21:15.711[0m: [[33mmetrics[0m] [1;32mINFO[0m: metrics_server() [http://127.0.0.13]:9090 (../lib/metrics/prometheus/context.c:299)
[32m07/25 15:21:15.713[0m: [[33mdbi[0m] [1;32mINFO[0m: MongoDB URI: 'mongodb://localhost/open5gs' (../lib/dbi/ogs-mongoc.c:130)
[32m07/25 15:21:15.713[0m: [[33msbi[0m] [1;32mINFO[0m: NF Service [npcf-am-policy-control] (../lib/sbi/context.c:1438)
[32m07/25 15:21:15.713[0m: [[33msbi[0m] [1;32mINFO[0m: NF Service [npcf-smpolicycontrol] (../lib/sbi/context.c:1438)
[32m07/25 15:21:15.713[0m: [[33msbi[0m] [1;32mINFO[0m: NF Service [npcf-policyauthorization] (../lib/sbi/context.c:1438)
[32m07/25 15:21:15.713[0m: [[33msbi[0m] [1;32mINFO[0m: nghttp2_server() [http://127.0.0.13]:7777 (../lib/sbi/nghttp2-server.c:395)
[32m07/25 15:21:15.713[0m: [[33mapp[0m] [1;32mINFO[0m: PCF initialize...done (../src/pcf/app.c:31)
[32m07/25 15:21:15.713[0m: [[33mnrf[0m] [1;32mINFO[0m: [6c338336-87f9-41f1-bf7f-4b68028201dc] NF registered [Heartbeat:10s] (../src/nrf/nf-sm.c:190)
[32m07/25 15:21:15.714[0m: [[33msbi[0m] [1;32mINFO[0m: [6c338336-87f9-41f1-bf7f-4b68028201dc] (NRF-notify) NF registered (../lib/sbi/nnrf-handler.c:725)
[32m07/25 15:21:15.714[0m: [[33msbi[0m] [1;32mINFO[0m: [6c338336-87f9-41f1-bf7f-4b68028201dc] (NRF-notify) NF Profile updated (../lib/sbi/nnrf-handler.c:735)
[32m07/25 15:21:15.714[0m: [[33msbi[0m] [1;32mINFO[0m: [6c338336-87f9-41f1-bf7f-4b68028201dc] (NRF-notify) NF registered (../lib/sbi/nnrf-handler.c:725)
[32m07/25 15:21:15.714[0m: [[33msbi[0m] [1;32mINFO[0m: [6c338336-87f9-41f1-bf7f-4b68028201dc] (NRF-notify) NF Profile updated (../lib/sbi/nnrf-handler.c:735)
[32m07/25 15:21:15.714[0m: [[33msbi[0m] [1;32mINFO[0m: [6c338336-87f9-41f1-bf7f-4b68028201dc] (NRF-notify) NF registered (../lib/sbi/nnrf-handler.c:725)
[32m07/25 15:21:15.714[0m: [[33msbi[0m] [1;32mINFO[0m: [6c338336-87f9-41f1-bf7f-4b68028201dc] (NRF-notify) NF Profile updated (../lib/sbi/nnrf-handler.c:735)
[32m07/25 15:21:15.714[0m: [[33msbi[0m] [1;32mINFO[0m: [6c338336-87f9-41f1-bf7f-4b68028201dc] NF registered [Heartbeat:10s] (../lib/sbi/nf-sm.c:214)
[32m07/25 15:21:15.714[0m: [[33mnrf[0m] [1;32mINFO[0m: [6c33fb4a-87f9-41f1-94ed-a1db8c6465b4] Subscription created until 2026-07-26T15:21:15.714868+08:00 [validity_duration:86400] (../src/nrf/nnrf-handler.c:375)
[32m07/25 15:21:15.714[0m: [[33mnrf[0m] [1;32mINFO[0m: [6c33fed8-87f9-41f1-94ed-a1db8c6465b4] Subscription created until 2026-07-26T15:21:15.714943+08:00 [validity_duration:86400] (../src/nrf/nnrf-handler.c:375)
[32m07/25 15:21:15.715[0m: [[33msbi[0m] [1;32mINFO[0m: [6c33fb4a-87f9-41f1-94ed-a1db8c6465b4] Subscription created until 2026-07-26T15:21:15.714868+08:00 [duration:86400,validity:86399.999671,patch:43199.999835] (../lib/sbi/nnrf-handler.c:509)
[32m07/25 15:21:15.715[0m: [[33msbi[0m] [1;32mINFO[0m: [6c33fed8-87f9-41f1-94ed-a1db8c6465b4] Subscription created until 2026-07-26T15:21:15.714943+08:00 [duration:86400,validity:86399.999729,patch:43199.999864] (../lib/sbi/nnrf-handler.c:509)
Open5GS daemon v2.6.6

[32m07/25 15:21:15.758[0m: [[33mapp[0m] [1;32mINFO[0m: Configuration: '/opt/CoreCrisis/Corelearner/open5gs-2.6.6/build/configs/sample.yaml' (../lib/app/ogs-init.c:126)
[32m07/25 15:21:15.759[0m: [[33msbi[0m] [1;32mINFO[0m: NF Service [nnssf-nsselection] (../lib/sbi/context.c:1438)
[32m07/25 15:21:15.759[0m: [[33msbi[0m] [1;32mINFO[0m: nghttp2_server() [http://127.0.0.14]:7777 (../lib/sbi/nghttp2-server.c:395)
[32m07/25 15:21:15.759[0m: [[33mapp[0m] [1;32mINFO[0m: NSSF initialize...done (../src/nssf/app.c:31)
[32m07/25 15:21:15.759[0m: [[33mnrf[0m] [1;32mINFO[0m: [6c3ab822-87f9-41f1-b5bf-6faa3a8d2818] NF registered [Heartbeat:10s] (../src/nrf/nf-sm.c:190)
[32m07/25 15:21:15.759[0m: [[33msbi[0m] [1;32mINFO[0m: [6c3ab822-87f9-41f1-b5bf-6faa3a8d2818] (NRF-notify) NF registered (../lib/sbi/nnrf-handler.c:725)
[32m07/25 15:21:15.759[0m: [[33msbi[0m] [1;32mINFO[0m: [6c3ab822-87f9-41f1-b5bf-6faa3a8d2818] (NRF-notify) NF Profile updated (../lib/sbi/nnrf-handler.c:735)
[32m07/25 15:21:15.759[0m: [[33msbi[0m] [1;32mINFO[0m: [6c3ab822-87f9-41f1-b5bf-6faa3a8d2818] (NRF-notify) NF registered (../lib/sbi/nnrf-handler.c:725)
[32m07/25 15:21:15.759[0m: [[33msbi[0m] [1;32mINFO[0m: [6c3ab822-87f9-41f1-b5bf-6faa3a8d2818] (NRF-notify) NF Profile updated (../lib/sbi/nnrf-handler.c:735)
[32m07/25 15:21:15.759[0m: [[33msbi[0m] [1;32mINFO[0m: [6c3ab822-87f9-41f1-b5bf-6faa3a8d2818] NF registered [Heartbeat:10s] (../lib/sbi/nf-sm.c:214)
Open5GS daemon v2.6.6

[32m07/25 15:21:15.808[0m: [[33mapp[0m] [1;32mINFO[0m: Configuration: '/opt/CoreCrisis/Corelearner/open5gs-2.6.6/build/configs/sample.yaml' (../lib/app/ogs-init.c:126)
[32m07/25 15:21:15.809[0m: [[33msbi[0m] [1;32mINFO[0m: NF Service [nbsf-management] (../lib/sbi/context.c:1438)
[32m07/25 15:21:15.809[0m: [[33msbi[0m] [1;32mINFO[0m: nghttp2_server() [http://127.0.0.15]:7777 (../lib/sbi/nghttp2-server.c:395)
[32m07/25 15:21:15.809[0m: [[33mapp[0m] [1;32mINFO[0m: BSF initialize...done (../src/bsf/app.c:31)
[32m07/25 15:21:15.809[0m: [[33mnrf[0m] [1;32mINFO[0m: [6c42661c-87f9-41f1-bf2f-456e55aa237b] NF registered [Heartbeat:10s] (../src/nrf/nf-sm.c:190)
[32m07/25 15:21:15.810[0m: [[33msbi[0m] [1;32mINFO[0m: [6c42661c-87f9-41f1-bf2f-456e55aa237b] (NRF-notify) NF registered (../lib/sbi/nnrf-handler.c:725)
[32m07/25 15:21:15.810[0m: [[33msbi[0m] [1;32mINFO[0m: [6c42661c-87f9-41f1-bf2f-456e55aa237b] (NRF-notify) NF Profile updated (../lib/sbi/nnrf-handler.c:735)
[32m07/25 15:21:15.810[0m: [[33msbi[0m] [1;32mINFO[0m: [6c42661c-87f9-41f1-bf2f-456e55aa237b] NF registered [Heartbeat:10s] (../lib/sbi/nf-sm.c:214)
[32m07/25 15:21:15.810[0m: [[33msbi[0m] [1;32mINFO[0m: [6c42661c-87f9-41f1-bf2f-456e55aa237b] (NRF-notify) NF registered (../lib/sbi/nnrf-handler.c:725)
[32m07/25 15:21:15.810[0m: [[33msbi[0m] [1;32mINFO[0m: [6c42661c-87f9-41f1-bf2f-456e55aa237b] (NRF-notify) NF Profile updated (../lib/sbi/nnrf-handler.c:735)
Open5GS daemon v2.6.6

[32m07/25 15:21:15.861[0m: [[33mapp[0m] [1;32mINFO[0m: Configuration: '/opt/CoreCrisis/Corelearner/open5gs-2.6.6/build/configs/sample.yaml' (../lib/app/ogs-init.c:126)
[32m07/25 15:21:15.862[0m: [[33mdbi[0m] [1;32mINFO[0m: MongoDB URI: 'mongodb://localhost/open5gs' (../lib/dbi/ogs-mongoc.c:130)
[32m07/25 15:21:15.862[0m: [[33msbi[0m] [1;32mINFO[0m: NF Service [nudr-dr] (../lib/sbi/context.c:1438)
[32m07/25 15:21:15.863[0m: [[33msbi[0m] [1;32mINFO[0m: nghttp2_server() [http://127.0.0.20]:7777 (../lib/sbi/nghttp2-server.c:395)
[32m07/25 15:21:15.863[0m: [[33mapp[0m] [1;32mINFO[0m: UDR initialize...done (../src/udr/app.c:31)
[32m07/25 15:21:15.863[0m: [[33mnrf[0m] [1;32mINFO[0m: [6c4a7776-87f9-41f1-9cbe-e7f17fe0f895] NF registered [Heartbeat:10s] (../src/nrf/nf-sm.c:190)
[32m07/25 15:21:15.863[0m: [[33msbi[0m] [1;32mINFO[0m: [6c4a7776-87f9-41f1-9cbe-e7f17fe0f895] (NRF-notify) NF registered (../lib/sbi/nnrf-handler.c:725)
[32m07/25 15:21:15.863[0m: [[33msbi[0m] [1;32mINFO[0m: [6c4a7776-87f9-41f1-9cbe-e7f17fe0f895] (NRF-notify) NF Profile updated (../lib/sbi/nnrf-handler.c:735)
[32m07/25 15:21:15.863[0m: [[33msbi[0m] [1;32mINFO[0m: [6c4a7776-87f9-41f1-9cbe-e7f17fe0f895] (NRF-notify) NF registered (../lib/sbi/nnrf-handler.c:725)
[32m07/25 15:21:15.863[0m: [[33msbi[0m] [1;32mINFO[0m: [6c4a7776-87f9-41f1-9cbe-e7f17fe0f895] (NRF-notify) NF Profile updated (../lib/sbi/nnrf-handler.c:735)
[32m07/25 15:21:15.864[0m: [[33msbi[0m] [1;32mINFO[0m: [6c4a7776-87f9-41f1-9cbe-e7f17fe0f895] (NRF-notify) NF registered (../lib/sbi/nnrf-handler.c:725)
[32m07/25 15:21:15.864[0m: [[33msbi[0m] [1;32mINFO[0m: [6c4a7776-87f9-41f1-9cbe-e7f17fe0f895] (NRF-notify) NF Profile updated (../lib/sbi/nnrf-handler.c:735)
[32m07/25 15:21:15.864[0m: [[33msbi[0m] [1;32mINFO[0m: [6c4a7776-87f9-41f1-9cbe-e7f17fe0f895] NF registered [Heartbeat:10s] (../lib/sbi/nf-sm.c:214)
[32m07/25 15:21:17.995[0m: [[33msmf[0m] [1;36mWARNING[0m: PFCP[REQ] has already been associated [127.0.0.7]:8805 (../src/smf/pfcp-sm.c:292)
[32m07/25 15:21:17.995[0m: [[33mupf[0m] [1;36mWARNING[0m: PFCP[RSP] has already been associated [127.0.0.4]:8805 (../src/upf/pfcp-sm.c:277)
[32m07/25 15:21:21.266[0m: [[33mamf[0m] [1;32mINFO[0m: gNB-N2 accepted[127.0.0.1]:33561 in ng-path module (../src/amf/ngap-sctp.c:113)
[32m07/25 15:21:21.266[0m: [[33mamf[0m] [1;32mINFO[0m: gNB-N2 accepted[127.0.0.1] in master_sm module (../src/amf/amf-sm.c:741)
[32m07/25 15:21:21.266[0m: [[33mamf[0m] [1;32mINFO[0m: [Added] Number of gNBs is now 1 (../src/amf/context.c:1185)
[32m07/25 15:21:21.266[0m: [[33mamf[0m] [1;32mINFO[0m: gNB-N2[127.0.0.1] max_num_of_ostreams : 10 (../src/amf/amf-sm.c:780)
[32m07/25 15:23:02.657[0m: [[33mamf[0m] [1;32mINFO[0m: InitialUEMessage (../src/amf/ngap-handler.c:401)
[32m07/25 15:23:02.657[0m: [[33mamf[0m] [1;32mINFO[0m: [Added] Number of gNB-UEs is now 1 (../src/amf/context.c:2523)
[32m07/25 15:23:02.657[0m: [[33mamf[0m] [1;32mINFO[0m:     RAN_UE_NGAP_ID[1] AMF_UE_NGAP_ID[1] TAC[1] CellID[0x10] (../src/amf/ngap-handler.c:562)
[32m07/25 15:23:02.658[0m: [[33mamf[0m] [1;32mINFO[0m: [suci-0-999-70-0000-0-0-0000000001] Unknown UE by SUCI (../src/amf/context.c:1789)
[32m07/25 15:23:02.658[0m: [[33mamf[0m] [1;32mINFO[0m: [Added] Number of AMF-UEs is now 1 (../src/amf/context.c:1570)
[32m07/25 15:23:02.658[0m: [[33mgmm[0m] [1;32mINFO[0m: Registration request (../src/amf/gmm-sm.c:1061)
[32m07/25 15:23:02.658[0m: [[33mgmm[0m] [1;32mINFO[0m: [suci-0-999-70-0000-0-0-0000000001]    SUCI (../src/amf/gmm-handler.c:157)
[32m07/25 15:23:03.670[0m: [[33mgmm[0m] [1;36mWARNING[0m: [imsi-999700000000001] Security mode reject : Cause[24] (../src/amf/gmm-sm.c:1719)
[32m07/25 15:23:03.670[0m: [[33mamf[0m] [1;32mINFO[0m: UE Context Release [Action:3] (../src/amf/ngap-handler.c:1677)
[32m07/25 15:23:03.670[0m: [[33mamf[0m] [1;32mINFO[0m:     RAN_UE_NGAP_ID[1] AMF_UE_NGAP_ID[1] (../src/amf/ngap-handler.c:1678)
[32m07/25 15:23:03.670[0m: [[33mamf[0m] [1;32mINFO[0m:     SUCI[suci-0-999-70-0000-0-0-0000000001] (../src/amf/ngap-handler.c:1681)
[32m07/25 15:23:03.670[0m: [[33mamf[0m] [1;32mINFO[0m: [Removed] Number of gNB-UEs is now 0 (../src/amf/context.c:2530)
[32m07/25 15:23:03.670[0m: [[33mamf[0m] [1;32mINFO[0m: [Removed] Number of AMF-UEs is now 0 (../src/amf/context.c:1663)
[32m07/25 15:23:05.171[0m: [[33mamf[0m] [1;32mINFO[0m: InitialUEMessage (../src/amf/ngap-handler.c:401)
[32m07/25 15:23:05.171[0m: [[33mamf[0m] [1;32mINFO[0m: [Added] Number of gNB-UEs is now 1 (../src/amf/context.c:2523)
[32m07/25 15:23:05.171[0m: [[33mamf[0m] [1;32mINFO[0m:     RAN_UE_NGAP_ID[2] AMF_UE_NGAP_ID[2] TAC[1] CellID[0x10] (../src/amf/ngap-handler.c:562)
[32m07/25 15:23:05.171[0m: [[33mamf[0m] [1;32mINFO[0m: [suci-0-999-70-0000-0-0-0000000001] Unknown UE by SUCI (../src/amf/context.c:1789)
[32m07/25 15:23:05.171[0m: [[33mamf[0m] [1;32mINFO[0m: [Added] Number of AMF-UEs is now 1 (../src/amf/context.c:1570)
[32m07/25 15:23:05.171[0m: [[33mgmm[0m] [1;32mINFO[0m: Registration request (../src/amf/gmm-sm.c:1061)
[32m07/25 15:23:05.171[0m: [[33mgmm[0m] [1;32mINFO[0m: [suci-0-999-70-0000-0-0-0000000001]    SUCI (../src/amf/gmm-handler.c:157)
[32m07/25 15:23:06.176[0m: [[33mamf[0m] [1;36mWARNING[0m: NAS MAC verification failed(0x89a3d342 != 0x8742b0a9) (../src/amf/nas-security.c:170)
[32m07/25 15:23:06.176[0m: [[33mgmm[0m] [1;36mWARNING[0m: Registration request (../src/amf/gmm-sm.c:1726)
[32m07/25 15:23:06.176[0m: [[33mgmm[0m] [1;32mINFO[0m: [suci-0-999-70-0000-0-0-0000000001]    SUCI (../src/amf/gmm-handler.c:157)
[32m07/25 15:23:06.176[0m: [[33mamf[0m] [1;36mWARNING[0m: GUTI has already been allocated (../src/amf/context.c:1380)
[32m07/25 15:23:06.678[0m: [[33mamf[0m] [1;36mWARNING[0m: NAS MAC verification failed(0x691b9dec != 0x15c73cd9) (../src/amf/nas-security.c:170)
[32m07/25 15:23:07.180[0m: [[33mgmm[0m] [1;36mWARNING[0m: [imsi-999700000000001] No Security Context (../src/amf/gmm-sm.c:1677)
[32m07/25 15:23:12.192[0m: [[33mamf[0m] [1;32mINFO[0m: gNB-N2[127.0.0.1] connection refused!!! (../src/amf/amf-sm.c:793)
[32m07/25 15:23:12.192[0m: [[33mamf[0m] [1;32mINFO[0m: [Removed] Number of gNB-UEs is now 0 (../src/amf/context.c:2530)
[32m07/25 15:23:12.192[0m: [[33mamf[0m] [1;32mINFO[0m: [Removed] Number of gNBs is now 0 (../src/amf/context.c:1212)
[32m07/25 15:23:12.680[0m: [[33mamf[0m] [1;33mERROR[0m: NG context has already been removed (../src/amf/nas-path.c:565)
[32m07/25 15:23:12.680[0m: [[33mgmm[0m] [1;33mERROR[0m: gmm_state_security_mode: Expectation `r == OGS_OK' failed. (../src/amf/gmm-sm.c:1791)
[32m07/25 15:23:12.969[0m: [[33mapp[0m] [1;32mINFO[0m: SIGTERM received (../src/main.c:53)
[32m07/25 15:23:12.969[0m: [[33mapp[0m] [1;32mINFO[0m: Open5GS daemon terminating... (../src/main.c:226)
[32m07/25 15:23:17.970[0m: [[33mthread[0m] [1;31mFATAL[0m: thread still running after 3 seconds (../lib/core/ogs-thread.c:129)
[32m07/25 15:23:17.970[0m: [[33mthread[0m] [1;31mFATAL[0m: ogs_thread_destroy: should not be reached. (../lib/core/ogs-thread.c:130)
[32m07/25 15:23:17.970[0m: [[33mcore[0m] [1;31mFATAL[0m: backtrace() returned 8 addresses (../lib/core/ogs-abort.c:37)
/opt/CoreCrisis/Corelearner/open5gs-2.6.6/build/tests/app/../../lib/core/libogscore.so.2(ogs_thread_destroy+0x1f0) [0x7f4598b6bb00]
/opt/CoreCrisis/Corelearner/open5gs-2.6.6/build/tests/app/5gc(+0x4599) [0x55c06335b599]
/opt/CoreCrisis/Corelearner/open5gs-2.6.6/build/tests/app/5gc(+0x3fcd) [0x55c06335afcd]
/lib/x86_64-linux-gnu/libc.so.6(+0x468a7) [0x7f45987378a7]
/lib/x86_64-linux-gnu/libc.so.6(on_exit+0) [0x7f4598737a60]
/lib/x86_64-linux-gnu/libc.so.6(__libc_start_main+0xfa) [0x7f459871508a]
/opt/CoreCrisis/Corelearner/open5gs-2.6.6/build/tests/app/5gc(+0x3efe) [0x55c06335aefe]
