Open5GS daemon v2.6.6

[32m07/27 13:27:00.943[0m: [[33mapp[0m] [1;32mINFO[0m: Configuration: '/opt/CoreCrisis/Corelearner/open5gs-2.6.6/build/configs/sample.yaml' (../lib/app/ogs-init.c:126)
Open5GS daemon v2.6.6

[32m07/27 13:27:00.947[0m: [[33mapp[0m] [1;32mINFO[0m: Configuration: '/opt/CoreCrisis/Corelearner/open5gs-2.6.6/build/configs/sample.yaml' (../lib/app/ogs-init.c:126)
[32m07/27 13:27:00.948[0m: [[33msbi[0m] [1;32mINFO[0m: nghttp2_server() [http://127.0.0.10]:7777 (../lib/sbi/nghttp2-server.c:395)
[32m07/27 13:27:00.948[0m: [[33msbi[0m] [1;32mINFO[0m: nghttp2_server() [http://::1]:7777 (../lib/sbi/nghttp2-server.c:395)
[32m07/27 13:27:00.948[0m: [[33mapp[0m] [1;32mINFO[0m: NRF initialize...done (../src/nrf/app.c:31)
Open5GS daemon v2.6.6

[32m07/27 13:27:00.997[0m: [[33mapp[0m] [1;32mINFO[0m: Configuration: '/opt/CoreCrisis/Corelearner/open5gs-2.6.6/build/configs/sample.yaml' (../lib/app/ogs-init.c:126)
[32m07/27 13:27:00.998[0m: [[33msbi[0m] [1;32mINFO[0m: nghttp2_server() [http://127.0.1.10]:7777 (../lib/sbi/nghttp2-server.c:395)
[32m07/27 13:27:00.998[0m: [[33mapp[0m] [1;32mINFO[0m: SCP initialize...done (../src/scp/app.c:31)
[32m07/27 13:27:00.998[0m: [[33mnrf[0m] [1;32mINFO[0m: [cb4cc002-897b-41f1-a474-cf9063c8f609] NF registered [Heartbeat:10s] (../src/nrf/nf-sm.c:190)
[32m07/27 13:27:00.999[0m: [[33msbi[0m] [1;32mINFO[0m: [cb4cc002-897b-41f1-a474-cf9063c8f609] NF registered [Heartbeat:10s] (../lib/sbi/nf-sm.c:214)
[32m07/27 13:27:00.999[0m: [[33msbi[0m] [1;32mINFO[0m: [cb4ce2e4-897b-41f1-91ff-83350dd70636] Subscription created until 2026-07-28T13:27:00.999254+08:00 [duration:86400,validity:86399.999727,patch:43199.999863] (../lib/sbi/nnrf-handler.c:509)
[32m07/27 13:27:00.999[0m: [[33mnrf[0m] [1;32mINFO[0m: [cb4ce2e4-897b-41f1-91ff-83350dd70636] Subscription created until 2026-07-28T13:27:00.999254+08:00 [validity_duration:86400] (../src/nrf/nnrf-handler.c:375)
[32m07/27 13:27:00.999[0m: [[33mnrf[0m] [1;32mINFO[0m: [cb4ce776-897b-41f1-91ff-83350dd70636] Subscription created until 2026-07-28T13:27:00.999362+08:00 [validity_duration:86400] (../src/nrf/nnrf-handler.c:375)
[32m07/27 13:27:00.999[0m: [[33mnrf[0m] [1;32mINFO[0m: [cb4ce852-897b-41f1-91ff-83350dd70636] Subscription created until 2026-07-28T13:27:00.999383+08:00 [validity_duration:86400] (../src/nrf/nnrf-handler.c:375)
[32m07/27 13:27:00.999[0m: [[33mnrf[0m] [1;32mINFO[0m: [cb4ce94c-897b-41f1-91ff-83350dd70636] Subscription created until 2026-07-28T13:27:00.999408+08:00 [validity_duration:86400] (../src/nrf/nnrf-handler.c:375)
[32m07/27 13:27:00.999[0m: [[33mnrf[0m] [1;32mINFO[0m: [cb4cea3c-897b-41f1-91ff-83350dd70636] Subscription created until 2026-07-28T13:27:00.999431+08:00 [validity_duration:86400] (../src/nrf/nnrf-handler.c:375)
[32m07/27 13:27:00.999[0m: [[33mnrf[0m] [1;32mINFO[0m: [cb4cee24-897b-41f1-91ff-83350dd70636] Subscription created until 2026-07-28T13:27:00.999532+08:00 [validity_duration:86400] (../src/nrf/nnrf-handler.c:375)
[32m07/27 13:27:00.999[0m: [[33mnrf[0m] [1;32mINFO[0m: [cb4ceef6-897b-41f1-91ff-83350dd70636] Subscription created until 2026-07-28T13:27:00.999553+08:00 [validity_duration:86400] (../src/nrf/nnrf-handler.c:375)
[32m07/27 13:27:00.999[0m: [[33mnrf[0m] [1;32mINFO[0m: [cb4cf09a-897b-41f1-91ff-83350dd70636] Subscription created until 2026-07-28T13:27:00.999595+08:00 [validity_duration:86400] (../src/nrf/nnrf-handler.c:375)
[32m07/27 13:27:00.999[0m: [[33msbi[0m] [1;32mINFO[0m: [cb4ce776-897b-41f1-91ff-83350dd70636] Subscription created until 2026-07-28T13:27:00.999362+08:00 [duration:86400,validity:86399.999703,patch:43199.999851] (../lib/sbi/nnrf-handler.c:509)
[32m07/27 13:27:00.999[0m: [[33msbi[0m] [1;32mINFO[0m: [cb4ce852-897b-41f1-91ff-83350dd70636] Subscription created until 2026-07-28T13:27:00.999383+08:00 [duration:86400,validity:86399.999627,patch:43199.999813] (../lib/sbi/nnrf-handler.c:509)
[32m07/27 13:27:00.999[0m: [[33msbi[0m] [1;32mINFO[0m: [cb4ce94c-897b-41f1-91ff-83350dd70636] Subscription created until 2026-07-28T13:27:00.999408+08:00 [duration:86400,validity:86399.999578,patch:43199.999789] (../lib/sbi/nnrf-handler.c:509)
[32m07/27 13:27:00.999[0m: [[33msbi[0m] [1;32mINFO[0m: [cb4cea3c-897b-41f1-91ff-83350dd70636] Subscription created until 2026-07-28T13:27:00.999431+08:00 [duration:86400,validity:86399.999589,patch:43199.999794] (../lib/sbi/nnrf-handler.c:509)
[32m07/27 13:27:00.999[0m: [[33msbi[0m] [1;32mINFO[0m: [cb4cee24-897b-41f1-91ff-83350dd70636] Subscription created until 2026-07-28T13:27:00.999532+08:00 [duration:86400,validity:86399.999636,patch:43199.999818] (../lib/sbi/nnrf-handler.c:509)
[32m07/27 13:27:00.999[0m: [[33msbi[0m] [1;32mINFO[0m: [cb4ceef6-897b-41f1-91ff-83350dd70636] Subscription created until 2026-07-28T13:27:00.999553+08:00 [duration:86400,validity:86399.999602,patch:43199.999801] (../lib/sbi/nnrf-handler.c:509)
[32m07/27 13:27:01.000[0m: [[33msbi[0m] [1;32mINFO[0m: [cb4cf09a-897b-41f1-91ff-83350dd70636] Subscription created until 2026-07-28T13:27:00.999595+08:00 [duration:86400,validity:86399.999588,patch:43199.999794] (../lib/sbi/nnrf-handler.c:509)
Open5GS daemon v2.6.6

[32m07/27 13:27:01.047[0m: [[33mapp[0m] [1;32mINFO[0m: Configuration: '/opt/CoreCrisis/Corelearner/open5gs-2.6.6/build/configs/sample.yaml' (../lib/app/ogs-init.c:126)
[32m07/27 13:27:01.067[0m: [[33mmetrics[0m] [1;32mINFO[0m: metrics_server() [http://127.0.0.7]:9090 (../lib/metrics/prometheus/context.c:299)
[32m07/27 13:27:01.067[0m: [[33mpfcp[0m] [1;32mINFO[0m: pfcp_server() [127.0.0.7]:8805 (../lib/pfcp/path.c:30)
[32m07/27 13:27:01.067[0m: [[33mpfcp[0m] [1;32mINFO[0m: ogs_pfcp_connect() [127.0.0.4]:8805 (../lib/pfcp/path.c:61)
[32m07/27 13:27:01.067[0m: [[33mgtp[0m] [1;32mINFO[0m: gtp_server() [127.0.0.7]:2152 (../lib/gtp/path.c:30)
[32m07/27 13:27:01.068[0m: [[33mapp[0m] [1;32mINFO[0m: UPF initialize...done (../src/upf/app.c:31)
Open5GS daemon v2.6.6

[32m07/27 13:27:01.101[0m: [[33mapp[0m] [1;32mINFO[0m: Configuration: '/opt/CoreCrisis/Corelearner/open5gs-2.6.6/build/configs/sample.yaml' (../lib/app/ogs-init.c:126)
[32m07/27 13:27:01.123[0m: [[33mmetrics[0m] [1;32mINFO[0m: metrics_server() [http://127.0.0.4]:9090 (../lib/metrics/prometheus/context.c:299)
[32m07/27 13:27:01.134[0m: [[33mgtp[0m] [1;32mINFO[0m: gtp_server() [127.0.0.4]:2123 (../lib/gtp/path.c:30)
[32m07/27 13:27:01.134[0m: [[33mgtp[0m] [1;32mINFO[0m: gtp_server() [::1]:2123 (../lib/gtp/path.c:30)
[32m07/27 13:27:01.134[0m: [[33mgtp[0m] [1;32mINFO[0m: gtp_server() [127.0.0.4]:2152 (../lib/gtp/path.c:30)
[32m07/27 13:27:01.134[0m: [[33mgtp[0m] [1;32mINFO[0m: gtp_server() [::1]:2152 (../lib/gtp/path.c:30)
[32m07/27 13:27:01.134[0m: [[33mpfcp[0m] [1;32mINFO[0m: pfcp_server() [127.0.0.4]:8805 (../lib/pfcp/path.c:30)
[32m07/27 13:27:01.134[0m: [[33mpfcp[0m] [1;32mINFO[0m: ogs_pfcp_connect() [127.0.0.7]:8805 (../lib/pfcp/path.c:61)
[32m07/27 13:27:01.134[0m: [[33mupf[0m] [1;32mINFO[0m: PFCP associated [127.0.0.4]:8805 (../src/upf/pfcp-sm.c:184)
[32m07/27 13:27:01.134[0m: [[33msbi[0m] [1;32mINFO[0m: NF Service [nsmf-pdusession] (../lib/sbi/context.c:1438)
[32m07/27 13:27:01.134[0m: [[33msbi[0m] [1;32mINFO[0m: nghttp2_server() [http://127.0.0.4]:7777 (../lib/sbi/nghttp2-server.c:395)
[32m07/27 13:27:01.134[0m: [[33mapp[0m] [1;32mINFO[0m: SMF initialize...done (../src/smf/app.c:31)
[32m07/27 13:27:01.134[0m: [[33msmf[0m] [1;32mINFO[0m: PFCP associated [127.0.0.7]:8805 (../src/smf/pfcp-sm.c:196)
[32m07/27 13:27:01.135[0m: [[33mnrf[0m] [1;32mINFO[0m: [cb5f6e00-897b-41f1-98a0-c1f98574104a] NF registered [Heartbeat:10s] (../src/nrf/nf-sm.c:190)
[32m07/27 13:27:01.135[0m: [[33msbi[0m] [1;32mINFO[0m: [cb5f6e00-897b-41f1-98a0-c1f98574104a] (NRF-notify) NF registered (../lib/sbi/nnrf-handler.c:725)
[32m07/27 13:27:01.135[0m: [[33msbi[0m] [1;32mINFO[0m: [cb5f6e00-897b-41f1-98a0-c1f98574104a] (NRF-notify) NF Profile updated (../lib/sbi/nnrf-handler.c:735)
[32m07/27 13:27:01.135[0m: [[33msbi[0m] [1;32mINFO[0m: [cb5f6e00-897b-41f1-98a0-c1f98574104a] NF registered [Heartbeat:10s] (../lib/sbi/nf-sm.c:214)
[32m07/27 13:27:01.135[0m: [[33mnrf[0m] [1;32mINFO[0m: [cb61bd18-897b-41f1-91ff-83350dd70636] Subscription created until 2026-07-28T13:27:01.135914+08:00 [validity_duration:86400] (../src/nrf/nnrf-handler.c:375)
[32m07/27 13:27:01.135[0m: [[33mnrf[0m] [1;32mINFO[0m: [cb61bf5c-897b-41f1-91ff-83350dd70636] Subscription created until 2026-07-28T13:27:01.135960+08:00 [validity_duration:86400] (../src/nrf/nnrf-handler.c:375)
[32m07/27 13:27:01.135[0m: [[33mnrf[0m] [1;32mINFO[0m: [cb61c09c-897b-41f1-91ff-83350dd70636] Subscription created until 2026-07-28T13:27:01.135993+08:00 [validity_duration:86400] (../src/nrf/nnrf-handler.c:375)
[32m07/27 13:27:01.136[0m: [[33mnrf[0m] [1;32mINFO[0m: [cb61c1be-897b-41f1-91ff-83350dd70636] Subscription created until 2026-07-28T13:27:01.136020+08:00 [validity_duration:86400] (../src/nrf/nnrf-handler.c:375)
[32m07/27 13:27:01.136[0m: [[33msbi[0m] [1;32mINFO[0m: [cb61bd18-897b-41f1-91ff-83350dd70636] Subscription created until 2026-07-28T13:27:01.135914+08:00 [duration:86400,validity:86399.999442,patch:43199.999721] (../lib/sbi/nnrf-handler.c:509)
[32m07/27 13:27:01.136[0m: [[33msbi[0m] [1;32mINFO[0m: [cb61bf5c-897b-41f1-91ff-83350dd70636] Subscription created until 2026-07-28T13:27:01.135960+08:00 [duration:86400,validity:86399.999458,patch:43199.999729] (../lib/sbi/nnrf-handler.c:509)
[32m07/27 13:27:01.136[0m: [[33msbi[0m] [1;32mINFO[0m: [cb61c09c-897b-41f1-91ff-83350dd70636] Subscription created until 2026-07-28T13:27:01.135993+08:00 [duration:86400,validity:86399.999473,patch:43199.999736] (../lib/sbi/nnrf-handler.c:509)
[32m07/27 13:27:01.136[0m: [[33msbi[0m] [1;32mINFO[0m: [cb61c1be-897b-41f1-91ff-83350dd70636] Subscription created until 2026-07-28T13:27:01.136020+08:00 [duration:86400,validity:86399.999469,patch:43199.999734] (../lib/sbi/nnrf-handler.c:509)
Open5GS daemon v2.6.6

[32m07/27 13:27:01.149[0m: [[33mapp[0m] [1;32mINFO[0m: Configuration: '/opt/CoreCrisis/Corelearner/open5gs-2.6.6/build/configs/sample.yaml' (../lib/app/ogs-init.c:126)
[32m07/27 13:27:01.151[0m: [[33mmetrics[0m] [1;32mINFO[0m: metrics_server() [http://127.0.0.5]:9090 (../lib/metrics/prometheus/context.c:299)
[32m07/27 13:27:01.151[0m: [[33msbi[0m] [1;32mINFO[0m: NF Service [namf-comm] (../lib/sbi/context.c:1438)
[32m07/27 13:27:01.151[0m: [[33msbi[0m] [1;32mINFO[0m: nghttp2_server() [http://127.0.0.5]:7777 (../lib/sbi/nghttp2-server.c:395)
[32m07/27 13:27:01.151[0m: [[33mamf[0m] [1;32mINFO[0m: ngap_server() [127.0.0.5]:38412 (../src/amf/ngap-sctp.c:61)
[32m07/27 13:27:01.151[0m: [[33msctp[0m] [1;32mINFO[0m: AMF initialize...done (../src/amf/app.c:33)
[32m07/27 13:27:01.152[0m: [[33mnrf[0m] [1;32mINFO[0m: [cb640b68-897b-41f1-a3bf-a3cdfba491b4] NF registered [Heartbeat:10s] (../src/nrf/nf-sm.c:190)
[32m07/27 13:27:01.152[0m: [[33msbi[0m] [1;32mINFO[0m: [cb640b68-897b-41f1-a3bf-a3cdfba491b4] (NRF-notify) NF registered (../lib/sbi/nnrf-handler.c:725)
[32m07/27 13:27:01.152[0m: [[33msbi[0m] [1;32mINFO[0m: [cb640b68-897b-41f1-a3bf-a3cdfba491b4] (NRF-notify) NF Profile updated (../lib/sbi/nnrf-handler.c:735)
[32m07/27 13:27:01.152[0m: [[33msbi[0m] [1;32mINFO[0m: [cb640b68-897b-41f1-a3bf-a3cdfba491b4] (NRF-notify) NF registered (../lib/sbi/nnrf-handler.c:725)
[32m07/27 13:27:01.152[0m: [[33msbi[0m] [1;32mINFO[0m: [cb640b68-897b-41f1-a3bf-a3cdfba491b4] (NRF-notify) NF Profile updated (../lib/sbi/nnrf-handler.c:735)
[32m07/27 13:27:01.152[0m: [[33msbi[0m] [1;32mINFO[0m: [cb640b68-897b-41f1-a3bf-a3cdfba491b4] NF registered [Heartbeat:10s] (../lib/sbi/nf-sm.c:214)
[32m07/27 13:27:01.153[0m: [[33mnrf[0m] [1;32mINFO[0m: [cb6465d6-897b-41f1-91ff-83350dd70636] Subscription created until 2026-07-28T13:27:01.153342+08:00 [validity_duration:86400] (../src/nrf/nnrf-handler.c:375)
[32m07/27 13:27:01.153[0m: [[33mnrf[0m] [1;32mINFO[0m: [cb6467e8-897b-41f1-91ff-83350dd70636] Subscription created until 2026-07-28T13:27:01.153383+08:00 [validity_duration:86400] (../src/nrf/nnrf-handler.c:375)
[32m07/27 13:27:01.153[0m: [[33mnrf[0m] [1;32mINFO[0m: [cb64690a-897b-41f1-91ff-83350dd70636] Subscription created until 2026-07-28T13:27:01.153411+08:00 [validity_duration:86400] (../src/nrf/nnrf-handler.c:375)
[32m07/27 13:27:01.153[0m: [[33mnrf[0m] [1;32mINFO[0m: [cb646a18-897b-41f1-91ff-83350dd70636] Subscription created until 2026-07-28T13:27:01.153437+08:00 [validity_duration:86400] (../src/nrf/nnrf-handler.c:375)
[32m07/27 13:27:01.153[0m: [[33mnrf[0m] [1;32mINFO[0m: [cb646b30-897b-41f1-91ff-83350dd70636] Subscription created until 2026-07-28T13:27:01.153465+08:00 [validity_duration:86400] (../src/nrf/nnrf-handler.c:375)
[32m07/27 13:27:01.153[0m: [[33mnrf[0m] [1;32mINFO[0m: [cb646c20-897b-41f1-91ff-83350dd70636] Subscription created until 2026-07-28T13:27:01.153490+08:00 [validity_duration:86400] (../src/nrf/nnrf-handler.c:375)
[32m07/27 13:27:01.154[0m: [[33msbi[0m] [1;32mINFO[0m: [cb6465d6-897b-41f1-91ff-83350dd70636] Subscription created until 2026-07-28T13:27:01.153342+08:00 [duration:86400,validity:86399.999137,patch:43199.999568] (../lib/sbi/nnrf-handler.c:509)
[32m07/27 13:27:01.154[0m: [[33msbi[0m] [1;32mINFO[0m: [cb6467e8-897b-41f1-91ff-83350dd70636] Subscription created until 2026-07-28T13:27:01.153383+08:00 [duration:86400,validity:86399.999129,patch:43199.999564] (../lib/sbi/nnrf-handler.c:509)
[32m07/27 13:27:01.154[0m: [[33msbi[0m] [1;32mINFO[0m: [cb64690a-897b-41f1-91ff-83350dd70636] Subscription created until 2026-07-28T13:27:01.153411+08:00 [duration:86400,validity:86399.999137,patch:43199.999568] (../lib/sbi/nnrf-handler.c:509)
[32m07/27 13:27:01.154[0m: [[33msbi[0m] [1;32mINFO[0m: [cb646a18-897b-41f1-91ff-83350dd70636] Subscription created until 2026-07-28T13:27:01.153437+08:00 [duration:86400,validity:86399.999145,patch:43199.999572] (../lib/sbi/nnrf-handler.c:509)
[32m07/27 13:27:01.154[0m: [[33msbi[0m] [1;32mINFO[0m: [cb646b30-897b-41f1-91ff-83350dd70636] Subscription created until 2026-07-28T13:27:01.153465+08:00 [duration:86400,validity:86399.999156,patch:43199.999578] (../lib/sbi/nnrf-handler.c:509)
[32m07/27 13:27:01.154[0m: [[33msbi[0m] [1;32mINFO[0m: [cb646c20-897b-41f1-91ff-83350dd70636] Subscription created until 2026-07-28T13:27:01.153490+08:00 [duration:86400,validity:86399.999163,patch:43199.999581] (../lib/sbi/nnrf-handler.c:509)
Open5GS daemon v2.6.6

[32m07/27 13:27:01.197[0m: [[33mapp[0m] [1;32mINFO[0m: Configuration: '/opt/CoreCrisis/Corelearner/open5gs-2.6.6/build/configs/sample.yaml' (../lib/app/ogs-init.c:126)
[32m07/27 13:27:01.198[0m: [[33msbi[0m] [1;32mINFO[0m: NF Service [nausf-auth] (../lib/sbi/context.c:1438)
[32m07/27 13:27:01.199[0m: [[33msbi[0m] [1;32mINFO[0m: nghttp2_server() [http://127.0.0.11]:7777 (../lib/sbi/nghttp2-server.c:395)
[32m07/27 13:27:01.199[0m: [[33mapp[0m] [1;32mINFO[0m: AUSF initialize...done (../src/ausf/app.c:31)
[32m07/27 13:27:01.199[0m: [[33mnrf[0m] [1;32mINFO[0m: [cb6b5878-897b-41f1-b8dd-8d1d81154b9e] NF registered [Heartbeat:10s] (../src/nrf/nf-sm.c:190)
[32m07/27 13:27:01.199[0m: [[33msbi[0m] [1;32mINFO[0m: [cb6b5878-897b-41f1-b8dd-8d1d81154b9e] (NRF-notify) NF registered (../lib/sbi/nnrf-handler.c:725)
[32m07/27 13:27:01.199[0m: [[33msbi[0m] [1;32mINFO[0m: [cb6b5878-897b-41f1-b8dd-8d1d81154b9e] (NRF-notify) NF Profile updated (../lib/sbi/nnrf-handler.c:735)
[32m07/27 13:27:01.199[0m: [[33msbi[0m] [1;32mINFO[0m: [cb6b5878-897b-41f1-b8dd-8d1d81154b9e] (NRF-notify) NF registered (../lib/sbi/nnrf-handler.c:725)
[32m07/27 13:27:01.199[0m: [[33msbi[0m] [1;32mINFO[0m: [cb6b5878-897b-41f1-b8dd-8d1d81154b9e] (NRF-notify) NF Profile updated (../lib/sbi/nnrf-handler.c:735)
[32m07/27 13:27:01.199[0m: [[33msbi[0m] [1;32mINFO[0m: [cb6b5878-897b-41f1-b8dd-8d1d81154b9e] NF registered [Heartbeat:10s] (../lib/sbi/nf-sm.c:214)
[32m07/27 13:27:01.200[0m: [[33mnrf[0m] [1;32mINFO[0m: [cb6b8a78-897b-41f1-91ff-83350dd70636] Subscription created until 2026-07-28T13:27:01.200153+08:00 [validity_duration:86400] (../src/nrf/nnrf-handler.c:375)
[32m07/27 13:27:01.200[0m: [[33msbi[0m] [1;32mINFO[0m: [cb6b8a78-897b-41f1-91ff-83350dd70636] Subscription created until 2026-07-28T13:27:01.200153+08:00 [duration:86400,validity:86399.999789,patch:43199.999894] (../lib/sbi/nnrf-handler.c:509)
Open5GS daemon v2.6.6

[32m07/27 13:27:01.248[0m: [[33mapp[0m] [1;32mINFO[0m: Configuration: '/opt/CoreCrisis/Corelearner/open5gs-2.6.6/build/configs/sample.yaml' (../lib/app/ogs-init.c:126)
[32m07/27 13:27:01.249[0m: [[33msbi[0m] [1;32mINFO[0m: NF Service [nudm-ueau] (../lib/sbi/context.c:1438)
[32m07/27 13:27:01.249[0m: [[33msbi[0m] [1;32mINFO[0m: NF Service [nudm-uecm] (../lib/sbi/context.c:1438)
[32m07/27 13:27:01.249[0m: [[33msbi[0m] [1;32mINFO[0m: NF Service [nudm-sdm] (../lib/sbi/context.c:1438)
[32m07/27 13:27:01.249[0m: [[33msbi[0m] [1;32mINFO[0m: nghttp2_server() [http://127.0.0.12]:7777 (../lib/sbi/nghttp2-server.c:395)
[32m07/27 13:27:01.249[0m: [[33mapp[0m] [1;32mINFO[0m: UDM initialize...done (../src/udm/app.c:31)
[32m07/27 13:27:01.249[0m: [[33mnrf[0m] [1;32mINFO[0m: [cb72fdee-897b-41f1-80d9-eda21dc67247] NF registered [Heartbeat:10s] (../src/nrf/nf-sm.c:190)
[32m07/27 13:27:01.249[0m: [[33msbi[0m] [1;32mINFO[0m: [cb72fdee-897b-41f1-80d9-eda21dc67247] (NRF-notify) NF registered (../lib/sbi/nnrf-handler.c:725)
[32m07/27 13:27:01.249[0m: [[33msbi[0m] [1;32mINFO[0m: [cb72fdee-897b-41f1-80d9-eda21dc67247] (NRF-notify) NF Profile updated (../lib/sbi/nnrf-handler.c:735)
[32m07/27 13:27:01.250[0m: [[33msbi[0m] [1;32mINFO[0m: [cb72fdee-897b-41f1-80d9-eda21dc67247] (NRF-notify) NF registered (../lib/sbi/nnrf-handler.c:725)
[32m07/27 13:27:01.250[0m: [[33msbi[0m] [1;32mINFO[0m: [cb72fdee-897b-41f1-80d9-eda21dc67247] (NRF-notify) NF Profile updated (../lib/sbi/nnrf-handler.c:735)
[32m07/27 13:27:01.250[0m: [[33msbi[0m] [1;36mWARNING[0m: [cb72fdee-897b-41f1-80d9-eda21dc67247] (NRF-notify) NF has already been added (../lib/sbi/nnrf-handler.c:729)
[32m07/27 13:27:01.250[0m: [[33msbi[0m] [1;32mINFO[0m: [cb72fdee-897b-41f1-80d9-eda21dc67247] (NRF-notify) NF Profile updated (../lib/sbi/nnrf-handler.c:735)
[32m07/27 13:27:01.250[0m: [[33msbi[0m] [1;36mWARNING[0m: NF EndPoint updated [127.0.0.12:80] (../lib/sbi/context.c:1623)
[32m07/27 13:27:01.250[0m: [[33msbi[0m] [1;36mWARNING[0m: NF EndPoint updated [127.0.0.12:7777] (../lib/sbi/context.c:1532)
[32m07/27 13:27:01.250[0m: [[33msbi[0m] [1;32mINFO[0m: [cb72fdee-897b-41f1-80d9-eda21dc67247] (NRF-notify) NF registered (../lib/sbi/nnrf-handler.c:725)
[32m07/27 13:27:01.250[0m: [[33msbi[0m] [1;32mINFO[0m: [cb72fdee-897b-41f1-80d9-eda21dc67247] (NRF-notify) NF Profile updated (../lib/sbi/nnrf-handler.c:735)
[32m07/27 13:27:01.250[0m: [[33msbi[0m] [1;32mINFO[0m: [cb72fdee-897b-41f1-80d9-eda21dc67247] (NRF-notify) NF registered (../lib/sbi/nnrf-handler.c:725)
[32m07/27 13:27:01.250[0m: [[33msbi[0m] [1;32mINFO[0m: [cb72fdee-897b-41f1-80d9-eda21dc67247] (NRF-notify) NF Profile updated (../lib/sbi/nnrf-handler.c:735)
[32m07/27 13:27:01.250[0m: [[33msbi[0m] [1;36mWARNING[0m: [cb72fdee-897b-41f1-80d9-eda21dc67247] (NRF-notify) NF has already been added (../lib/sbi/nnrf-handler.c:729)
[32m07/27 13:27:01.250[0m: [[33msbi[0m] [1;32mINFO[0m: [cb72fdee-897b-41f1-80d9-eda21dc67247] (NRF-notify) NF Profile updated (../lib/sbi/nnrf-handler.c:735)
[32m07/27 13:27:01.250[0m: [[33msbi[0m] [1;36mWARNING[0m: NF EndPoint updated [127.0.0.12:80] (../lib/sbi/context.c:1623)
[32m07/27 13:27:01.250[0m: [[33msbi[0m] [1;36mWARNING[0m: NF EndPoint updated [127.0.0.12:7777] (../lib/sbi/context.c:1532)
[32m07/27 13:27:01.250[0m: [[33msbi[0m] [1;32mINFO[0m: [cb72fdee-897b-41f1-80d9-eda21dc67247] NF registered [Heartbeat:10s] (../lib/sbi/nf-sm.c:214)
[32m07/27 13:27:01.251[0m: [[33mnrf[0m] [1;32mINFO[0m: [cb7351d6-897b-41f1-91ff-83350dd70636] Subscription created until 2026-07-28T13:27:01.251133+08:00 [validity_duration:86400] (../src/nrf/nnrf-handler.c:375)
[32m07/27 13:27:01.251[0m: [[33msbi[0m] [1;32mINFO[0m: [cb7351d6-897b-41f1-91ff-83350dd70636] Subscription created until 2026-07-28T13:27:01.251133+08:00 [duration:86400,validity:86399.999818,patch:43199.999909] (../lib/sbi/nnrf-handler.c:509)
Open5GS daemon v2.6.6

[32m07/27 13:27:01.300[0m: [[33mapp[0m] [1;32mINFO[0m: Configuration: '/opt/CoreCrisis/Corelearner/open5gs-2.6.6/build/configs/sample.yaml' (../lib/app/ogs-init.c:126)
[32m07/27 13:27:01.301[0m: [[33mmetrics[0m] [1;32mINFO[0m: metrics_server() [http://127.0.0.13]:9090 (../lib/metrics/prometheus/context.c:299)
[32m07/27 13:27:01.302[0m: [[33mdbi[0m] [1;32mINFO[0m: MongoDB URI: 'mongodb://localhost/open5gs' (../lib/dbi/ogs-mongoc.c:130)
[32m07/27 13:27:01.302[0m: [[33msbi[0m] [1;32mINFO[0m: NF Service [npcf-am-policy-control] (../lib/sbi/context.c:1438)
[32m07/27 13:27:01.302[0m: [[33msbi[0m] [1;32mINFO[0m: NF Service [npcf-smpolicycontrol] (../lib/sbi/context.c:1438)
[32m07/27 13:27:01.302[0m: [[33msbi[0m] [1;32mINFO[0m: NF Service [npcf-policyauthorization] (../lib/sbi/context.c:1438)
[32m07/27 13:27:01.302[0m: [[33msbi[0m] [1;32mINFO[0m: nghttp2_server() [http://127.0.0.13]:7777 (../lib/sbi/nghttp2-server.c:395)
[32m07/27 13:27:01.302[0m: [[33mapp[0m] [1;32mINFO[0m: PCF initialize...done (../src/pcf/app.c:31)
[32m07/27 13:27:01.302[0m: [[33mnrf[0m] [1;32mINFO[0m: [cb7b08c2-897b-41f1-811b-6b553e35db8f] NF registered [Heartbeat:10s] (../src/nrf/nf-sm.c:190)
[32m07/27 13:27:01.303[0m: [[33msbi[0m] [1;32mINFO[0m: [cb7b08c2-897b-41f1-811b-6b553e35db8f] (NRF-notify) NF registered (../lib/sbi/nnrf-handler.c:725)
[32m07/27 13:27:01.303[0m: [[33msbi[0m] [1;32mINFO[0m: [cb7b08c2-897b-41f1-811b-6b553e35db8f] (NRF-notify) NF Profile updated (../lib/sbi/nnrf-handler.c:735)
[32m07/27 13:27:01.303[0m: [[33msbi[0m] [1;32mINFO[0m: [cb7b08c2-897b-41f1-811b-6b553e35db8f] (NRF-notify) NF registered (../lib/sbi/nnrf-handler.c:725)
[32m07/27 13:27:01.303[0m: [[33msbi[0m] [1;32mINFO[0m: [cb7b08c2-897b-41f1-811b-6b553e35db8f] (NRF-notify) NF Profile updated (../lib/sbi/nnrf-handler.c:735)
[32m07/27 13:27:01.303[0m: [[33msbi[0m] [1;32mINFO[0m: [cb7b08c2-897b-41f1-811b-6b553e35db8f] (NRF-notify) NF registered (../lib/sbi/nnrf-handler.c:725)
[32m07/27 13:27:01.303[0m: [[33msbi[0m] [1;32mINFO[0m: [cb7b08c2-897b-41f1-811b-6b553e35db8f] (NRF-notify) NF Profile updated (../lib/sbi/nnrf-handler.c:735)
[32m07/27 13:27:01.303[0m: [[33msbi[0m] [1;32mINFO[0m: [cb7b08c2-897b-41f1-811b-6b553e35db8f] NF registered [Heartbeat:10s] (../lib/sbi/nf-sm.c:214)
[32m07/27 13:27:01.303[0m: [[33mnrf[0m] [1;32mINFO[0m: [cb7b5e12-897b-41f1-91ff-83350dd70636] Subscription created until 2026-07-28T13:27:01.303879+08:00 [validity_duration:86400] (../src/nrf/nnrf-handler.c:375)
[32m07/27 13:27:01.303[0m: [[33mnrf[0m] [1;32mINFO[0m: [cb7b618c-897b-41f1-91ff-83350dd70636] Subscription created until 2026-07-28T13:27:01.303952+08:00 [validity_duration:86400] (../src/nrf/nnrf-handler.c:375)
[32m07/27 13:27:01.304[0m: [[33msbi[0m] [1;32mINFO[0m: [cb7b5e12-897b-41f1-91ff-83350dd70636] Subscription created until 2026-07-28T13:27:01.303879+08:00 [duration:86400,validity:86399.999629,patch:43199.999814] (../lib/sbi/nnrf-handler.c:509)
[32m07/27 13:27:01.304[0m: [[33msbi[0m] [1;32mINFO[0m: [cb7b618c-897b-41f1-91ff-83350dd70636] Subscription created until 2026-07-28T13:27:01.303952+08:00 [duration:86400,validity:86399.999684,patch:43199.999842] (../lib/sbi/nnrf-handler.c:509)
Open5GS daemon v2.6.6

[32m07/27 13:27:01.348[0m: [[33mapp[0m] [1;32mINFO[0m: Configuration: '/opt/CoreCrisis/Corelearner/open5gs-2.6.6/build/configs/sample.yaml' (../lib/app/ogs-init.c:126)
[32m07/27 13:27:01.349[0m: [[33msbi[0m] [1;32mINFO[0m: NF Service [nnssf-nsselection] (../lib/sbi/context.c:1438)
[32m07/27 13:27:01.349[0m: [[33msbi[0m] [1;32mINFO[0m: nghttp2_server() [http://127.0.0.14]:7777 (../lib/sbi/nghttp2-server.c:395)
[32m07/27 13:27:01.349[0m: [[33mapp[0m] [1;32mINFO[0m: NSSF initialize...done (../src/nssf/app.c:31)
[32m07/27 13:27:01.349[0m: [[33mnrf[0m] [1;32mINFO[0m: [cb824b96-897b-41f1-a350-81c4aefd3c4a] NF registered [Heartbeat:10s] (../src/nrf/nf-sm.c:190)
[32m07/27 13:27:01.349[0m: [[33msbi[0m] [1;32mINFO[0m: [cb824b96-897b-41f1-a350-81c4aefd3c4a] (NRF-notify) NF registered (../lib/sbi/nnrf-handler.c:725)
[32m07/27 13:27:01.349[0m: [[33msbi[0m] [1;32mINFO[0m: [cb824b96-897b-41f1-a350-81c4aefd3c4a] (NRF-notify) NF Profile updated (../lib/sbi/nnrf-handler.c:735)
[32m07/27 13:27:01.350[0m: [[33msbi[0m] [1;32mINFO[0m: [cb824b96-897b-41f1-a350-81c4aefd3c4a] NF registered [Heartbeat:10s] (../lib/sbi/nf-sm.c:214)
[32m07/27 13:27:01.350[0m: [[33msbi[0m] [1;32mINFO[0m: [cb824b96-897b-41f1-a350-81c4aefd3c4a] (NRF-notify) NF registered (../lib/sbi/nnrf-handler.c:725)
[32m07/27 13:27:01.350[0m: [[33msbi[0m] [1;32mINFO[0m: [cb824b96-897b-41f1-a350-81c4aefd3c4a] (NRF-notify) NF Profile updated (../lib/sbi/nnrf-handler.c:735)
Open5GS daemon v2.6.6

[32m07/27 13:27:01.398[0m: [[33mapp[0m] [1;32mINFO[0m: Configuration: '/opt/CoreCrisis/Corelearner/open5gs-2.6.6/build/configs/sample.yaml' (../lib/app/ogs-init.c:126)
[32m07/27 13:27:01.399[0m: [[33msbi[0m] [1;32mINFO[0m: NF Service [nbsf-management] (../lib/sbi/context.c:1438)
[32m07/27 13:27:01.399[0m: [[33msbi[0m] [1;32mINFO[0m: nghttp2_server() [http://127.0.0.15]:7777 (../lib/sbi/nghttp2-server.c:395)
[32m07/27 13:27:01.399[0m: [[33mapp[0m] [1;32mINFO[0m: BSF initialize...done (../src/bsf/app.c:31)
[32m07/27 13:27:01.399[0m: [[33mnrf[0m] [1;32mINFO[0m: [cb89ee78-897b-41f1-b68e-9dfaef2c1084] NF registered [Heartbeat:10s] (../src/nrf/nf-sm.c:190)
[32m07/27 13:27:01.400[0m: [[33msbi[0m] [1;32mINFO[0m: [cb89ee78-897b-41f1-b68e-9dfaef2c1084] (NRF-notify) NF registered (../lib/sbi/nnrf-handler.c:725)
[32m07/27 13:27:01.400[0m: [[33msbi[0m] [1;32mINFO[0m: [cb89ee78-897b-41f1-b68e-9dfaef2c1084] (NRF-notify) NF Profile updated (../lib/sbi/nnrf-handler.c:735)
[32m07/27 13:27:01.400[0m: [[33msbi[0m] [1;32mINFO[0m: [cb89ee78-897b-41f1-b68e-9dfaef2c1084] (NRF-notify) NF registered (../lib/sbi/nnrf-handler.c:725)
[32m07/27 13:27:01.400[0m: [[33msbi[0m] [1;32mINFO[0m: [cb89ee78-897b-41f1-b68e-9dfaef2c1084] (NRF-notify) NF Profile updated (../lib/sbi/nnrf-handler.c:735)
[32m07/27 13:27:01.400[0m: [[33msbi[0m] [1;32mINFO[0m: [cb89ee78-897b-41f1-b68e-9dfaef2c1084] NF registered [Heartbeat:10s] (../lib/sbi/nf-sm.c:214)
Open5GS daemon v2.6.6

[32m07/27 13:27:01.450[0m: [[33mapp[0m] [1;32mINFO[0m: Configuration: '/opt/CoreCrisis/Corelearner/open5gs-2.6.6/build/configs/sample.yaml' (../lib/app/ogs-init.c:126)
[32m07/27 13:27:01.452[0m: [[33mdbi[0m] [1;32mINFO[0m: MongoDB URI: 'mongodb://localhost/open5gs' (../lib/dbi/ogs-mongoc.c:130)
[32m07/27 13:27:01.452[0m: [[33msbi[0m] [1;32mINFO[0m: NF Service [nudr-dr] (../lib/sbi/context.c:1438)
[32m07/27 13:27:01.452[0m: [[33msbi[0m] [1;32mINFO[0m: nghttp2_server() [http://127.0.0.20]:7777 (../lib/sbi/nghttp2-server.c:395)
[32m07/27 13:27:01.452[0m: [[33mapp[0m] [1;32mINFO[0m: UDR initialize...done (../src/udr/app.c:31)
[32m07/27 13:27:01.452[0m: [[33mnrf[0m] [1;32mINFO[0m: [cb91f46a-897b-41f1-b64b-f7cad4eced7f] NF registered [Heartbeat:10s] (../src/nrf/nf-sm.c:190)
[32m07/27 13:27:01.453[0m: [[33msbi[0m] [1;32mINFO[0m: [cb91f46a-897b-41f1-b64b-f7cad4eced7f] (NRF-notify) NF registered (../lib/sbi/nnrf-handler.c:725)
[32m07/27 13:27:01.453[0m: [[33msbi[0m] [1;32mINFO[0m: [cb91f46a-897b-41f1-b64b-f7cad4eced7f] (NRF-notify) NF Profile updated (../lib/sbi/nnrf-handler.c:735)
[32m07/27 13:27:01.453[0m: [[33msbi[0m] [1;32mINFO[0m: [cb91f46a-897b-41f1-b64b-f7cad4eced7f] (NRF-notify) NF registered (../lib/sbi/nnrf-handler.c:725)
[32m07/27 13:27:01.453[0m: [[33msbi[0m] [1;32mINFO[0m: [cb91f46a-897b-41f1-b64b-f7cad4eced7f] (NRF-notify) NF Profile updated (../lib/sbi/nnrf-handler.c:735)
[32m07/27 13:27:01.453[0m: [[33msbi[0m] [1;32mINFO[0m: [cb91f46a-897b-41f1-b64b-f7cad4eced7f] (NRF-notify) NF registered (../lib/sbi/nnrf-handler.c:725)
[32m07/27 13:27:01.453[0m: [[33msbi[0m] [1;32mINFO[0m: [cb91f46a-897b-41f1-b64b-f7cad4eced7f] (NRF-notify) NF Profile updated (../lib/sbi/nnrf-handler.c:735)
[32m07/27 13:27:01.453[0m: [[33msbi[0m] [1;32mINFO[0m: [cb91f46a-897b-41f1-b64b-f7cad4eced7f] NF registered [Heartbeat:10s] (../lib/sbi/nf-sm.c:214)
[32m07/27 13:27:03.570[0m: [[33msmf[0m] [1;36mWARNING[0m: PFCP[REQ] has already been associated [127.0.0.7]:8805 (../src/smf/pfcp-sm.c:292)
[32m07/27 13:27:03.570[0m: [[33mupf[0m] [1;36mWARNING[0m: PFCP[RSP] has already been associated [127.0.0.4]:8805 (../src/upf/pfcp-sm.c:277)
[32m07/27 13:27:05.934[0m: [[33mamf[0m] [1;32mINFO[0m: gNB-N2 accepted[127.0.0.1]:40058 in ng-path module (../src/amf/ngap-sctp.c:113)
[32m07/27 13:27:05.934[0m: [[33mamf[0m] [1;32mINFO[0m: gNB-N2 accepted[127.0.0.1] in master_sm module (../src/amf/amf-sm.c:741)
[32m07/27 13:27:05.934[0m: [[33mamf[0m] [1;32mINFO[0m: [Added] Number of gNBs is now 1 (../src/amf/context.c:1185)
[32m07/27 13:27:05.934[0m: [[33mamf[0m] [1;32mINFO[0m: gNB-N2[127.0.0.1] max_num_of_ostreams : 10 (../src/amf/amf-sm.c:780)
[32m07/27 13:29:08.481[0m: [[33mamf[0m] [1;32mINFO[0m: InitialUEMessage (../src/amf/ngap-handler.c:401)
[32m07/27 13:29:08.481[0m: [[33mamf[0m] [1;32mINFO[0m: [Added] Number of gNB-UEs is now 1 (../src/amf/context.c:2523)
[32m07/27 13:29:08.481[0m: [[33mamf[0m] [1;32mINFO[0m:     RAN_UE_NGAP_ID[1] AMF_UE_NGAP_ID[1] TAC[1] CellID[0x10] (../src/amf/ngap-handler.c:562)
[32m07/27 13:29:08.481[0m: [[33mamf[0m] [1;32mINFO[0m: [Added] Number of AMF-UEs is now 1 (../src/amf/context.c:1570)
[32m07/27 13:29:08.481[0m: [[33mgmm[0m] [1;32mINFO[0m: Identity response (../src/amf/gmm-sm.c:1234)
[32m07/27 13:29:08.481[0m: [[33mgmm[0m] [1;32mINFO[0m: [suci-0-999-70-0000-0-0-0000000001]    SUCI (../src/amf/gmm-handler.c:927)
[32m07/27 13:29:08.984[0m: [[33mgmm[0m] [1;33mERROR[0m: [suci-0-999-70-0000-0-0-0000000001] MAC failure (../src/amf/gmm-handler.c:860)
0000: f8bc0b23 98b389a6 0abf0c5b a309aee6   ...#.......[....
0000: da038b9e bb2379a7 587b46c9 9946456d   .....#y.X{F..FEm
0000: 1e605a10 743974c5 1d30cc1d eb181d55   .`Z.t9t..0.....U
[32m07/27 13:29:08.984[0m: [[33mamf[0m] [1;36mWARNING[0m: [suci-0-999-70-0000-0-0-0000000001] Authentication reject (../src/amf/nas-path.c:538)
[32m07/27 13:29:08.984[0m: [[33mamf[0m] [1;32mINFO[0m: UE Context Release [Action:3] (../src/amf/ngap-handler.c:1677)
[32m07/27 13:29:08.984[0m: [[33mamf[0m] [1;32mINFO[0m:     RAN_UE_NGAP_ID[1] AMF_UE_NGAP_ID[1] (../src/amf/ngap-handler.c:1678)
[32m07/27 13:29:08.984[0m: [[33mamf[0m] [1;32mINFO[0m:     SUCI[suci-0-999-70-0000-0-0-0000000001] (../src/amf/ngap-handler.c:1681)
[32m07/27 13:29:08.984[0m: [[33mamf[0m] [1;32mINFO[0m: [Removed] Number of gNB-UEs is now 0 (../src/amf/context.c:2530)
[32m07/27 13:29:08.984[0m: [[33mamf[0m] [1;32mINFO[0m: [Removed] Number of AMF-UEs is now 0 (../src/amf/context.c:1663)
[32m07/27 13:29:42.340[0m: [[33mamf[0m] [1;32mINFO[0m: gNB-N2[127.0.0.1] connection refused!!! (../src/amf/amf-sm.c:793)
[32m07/27 13:29:42.340[0m: [[33mamf[0m] [1;32mINFO[0m: [Removed] Number of gNBs is now 0 (../src/amf/context.c:1212)
[32m07/27 13:29:42.854[0m: [[33mamf[0m] [1;32mINFO[0m: gNB-N2 accepted[127.0.0.1]:38985 in ng-path module (../src/amf/ngap-sctp.c:113)
[32m07/27 13:29:42.854[0m: [[33mamf[0m] [1;32mINFO[0m: gNB-N2 accepted[127.0.0.1] in master_sm module (../src/amf/amf-sm.c:741)
[32m07/27 13:29:42.854[0m: [[33mamf[0m] [1;32mINFO[0m: [Added] Number of gNBs is now 1 (../src/amf/context.c:1185)
[32m07/27 13:29:42.854[0m: [[33mamf[0m] [1;32mINFO[0m: gNB-N2[127.0.0.1] max_num_of_ostreams : 10 (../src/amf/amf-sm.c:780)
[32m07/27 13:30:05.828[0m: [[33mamf[0m] [1;32mINFO[0m: InitialUEMessage (../src/amf/ngap-handler.c:401)
[32m07/27 13:30:05.828[0m: [[33mamf[0m] [1;32mINFO[0m: [Added] Number of gNB-UEs is now 1 (../src/amf/context.c:2523)
[32m07/27 13:30:05.828[0m: [[33mamf[0m] [1;32mINFO[0m:     RAN_UE_NGAP_ID[1] AMF_UE_NGAP_ID[2] TAC[1] CellID[0x10] (../src/amf/ngap-handler.c:562)
[32m07/27 13:30:05.828[0m: [[33mamf[0m] [1;32mINFO[0m: [Added] Number of AMF-UEs is now 1 (../src/amf/context.c:1570)
[32m07/27 13:30:05.828[0m: [[33mgmm[0m] [1;32mINFO[0m: Identity response (../src/amf/gmm-sm.c:1234)
[32m07/27 13:30:05.828[0m: [[33mgmm[0m] [1;32mINFO[0m: [suci-0-999-70-0000-0-0-0000000002]    SUCI (../src/amf/gmm-handler.c:927)
[32m07/27 13:30:06.330[0m: [[33mgmm[0m] [1;33mERROR[0m: [suci-0-999-70-0000-0-0-0000000002] MAC failure (../src/amf/gmm-handler.c:860)
0000: 2430886d 13b3a6ee a88de03a f261b70b   $0.m.......:.a..
0000: c9c326bd 3c945e91 e2ec3c2d e81ceeb7   ..&.<.^...<-....
0000: d0ce22e8 5e306955 cf36fb5e cde7de3b   ..".^0iU.6.^...;
[32m07/27 13:30:06.330[0m: [[33mamf[0m] [1;36mWARNING[0m: [suci-0-999-70-0000-0-0-0000000002] Authentication reject (../src/amf/nas-path.c:538)
[32m07/27 13:30:06.331[0m: [[33mamf[0m] [1;32mINFO[0m: UE Context Release [Action:3] (../src/amf/ngap-handler.c:1677)
[32m07/27 13:30:06.331[0m: [[33mamf[0m] [1;32mINFO[0m:     RAN_UE_NGAP_ID[1] AMF_UE_NGAP_ID[2] (../src/amf/ngap-handler.c:1678)
[32m07/27 13:30:06.331[0m: [[33mamf[0m] [1;32mINFO[0m:     SUCI[suci-0-999-70-0000-0-0-0000000002] (../src/amf/ngap-handler.c:1681)
[32m07/27 13:30:06.331[0m: [[33mamf[0m] [1;32mINFO[0m: [Removed] Number of gNB-UEs is now 0 (../src/amf/context.c:2530)
[32m07/27 13:30:06.331[0m: [[33mamf[0m] [1;32mINFO[0m: [Removed] Number of AMF-UEs is now 0 (../src/amf/context.c:1663)
[32m07/27 13:33:28.293[0m: [[33mamf[0m] [1;32mINFO[0m: gNB-N2[127.0.0.1] connection refused!!! (../src/amf/amf-sm.c:793)
[32m07/27 13:33:28.293[0m: [[33mamf[0m] [1;32mINFO[0m: [Removed] Number of gNBs is now 0 (../src/amf/context.c:1212)
[32m07/27 13:33:28.819[0m: [[33mapp[0m] [1;32mINFO[0m: SIGTERM received (../src/main.c:53)
[32m07/27 13:33:28.819[0m: [[33mapp[0m] [1;32mINFO[0m: Open5GS daemon terminating... (../src/main.c:226)
[32m07/27 13:33:33.819[0m: [[33mthread[0m] [1;31mFATAL[0m: thread still running after 3 seconds (../lib/core/ogs-thread.c:129)
[32m07/27 13:33:33.819[0m: [[33mthread[0m] [1;31mFATAL[0m: ogs_thread_destroy: should not be reached. (../lib/core/ogs-thread.c:130)
[32m07/27 13:33:33.820[0m: [[33mcore[0m] [1;31mFATAL[0m: backtrace() returned 8 addresses (../lib/core/ogs-abort.c:37)
/opt/CoreCrisis/Corelearner/open5gs-2.6.6/build/tests/app/../../lib/core/libogscore.so.2(ogs_thread_destroy+0x1f0) [0x7f954ca81b00]
/opt/CoreCrisis/Corelearner/open5gs-2.6.6/build/tests/app/5gc(+0x4599) [0x55bf767da599]
/opt/CoreCrisis/Corelearner/open5gs-2.6.6/build/tests/app/5gc(+0x3fcd) [0x55bf767d9fcd]
/lib/x86_64-linux-gnu/libc.so.6(+0x468a7) [0x7f954c64d8a7]
/lib/x86_64-linux-gnu/libc.so.6(on_exit+0) [0x7f954c64da60]
/lib/x86_64-linux-gnu/libc.so.6(__libc_start_main+0xfa) [0x7f954c62b08a]
/opt/CoreCrisis/Corelearner/open5gs-2.6.6/build/tests/app/5gc(+0x3efe) [0x55bf767d9efe]
