Open5GS daemon v2.6.6

[32m07/25 16:22:18.513[0m: [[33mapp[0m] [1;32mINFO[0m: Configuration: '/opt/CoreCrisis/Corelearner/open5gs-2.6.6/build/configs/sample.yaml' (../lib/app/ogs-init.c:126)
Open5GS daemon v2.6.6

[32m07/25 16:22:18.517[0m: [[33mapp[0m] [1;32mINFO[0m: Configuration: '/opt/CoreCrisis/Corelearner/open5gs-2.6.6/build/configs/sample.yaml' (../lib/app/ogs-init.c:126)
[32m07/25 16:22:18.518[0m: [[33msbi[0m] [1;32mINFO[0m: nghttp2_server() [http://127.0.0.10]:7777 (../lib/sbi/nghttp2-server.c:395)
[32m07/25 16:22:18.518[0m: [[33msbi[0m] [1;32mINFO[0m: nghttp2_server() [http://::1]:7777 (../lib/sbi/nghttp2-server.c:395)
[32m07/25 16:22:18.518[0m: [[33mapp[0m] [1;32mINFO[0m: NRF initialize...done (../src/nrf/app.c:31)
Open5GS daemon v2.6.6

[32m07/25 16:22:18.567[0m: [[33mapp[0m] [1;32mINFO[0m: Configuration: '/opt/CoreCrisis/Corelearner/open5gs-2.6.6/build/configs/sample.yaml' (../lib/app/ogs-init.c:126)
[32m07/25 16:22:18.569[0m: [[33msbi[0m] [1;32mINFO[0m: nghttp2_server() [http://127.0.1.10]:7777 (../lib/sbi/nghttp2-server.c:395)
[32m07/25 16:22:18.569[0m: [[33mapp[0m] [1;32mINFO[0m: SCP initialize...done (../src/scp/app.c:31)
[32m07/25 16:22:18.569[0m: [[33mnrf[0m] [1;32mINFO[0m: [f36f24c4-8801-41f1-9233-95decb3bd32c] NF registered [Heartbeat:10s] (../src/nrf/nf-sm.c:190)
[32m07/25 16:22:18.569[0m: [[33msbi[0m] [1;32mINFO[0m: [f36f24c4-8801-41f1-9233-95decb3bd32c] NF registered [Heartbeat:10s] (../lib/sbi/nf-sm.c:214)
[32m07/25 16:22:18.569[0m: [[33mnrf[0m] [1;32mINFO[0m: [f36f47f6-8801-41f1-8adb-0956609cc10a] Subscription created until 2026-07-26T16:22:18.569737+08:00 [validity_duration:86400] (../src/nrf/nnrf-handler.c:375)
[32m07/25 16:22:18.569[0m: [[33mnrf[0m] [1;32mINFO[0m: [f36f4c2e-8801-41f1-8adb-0956609cc10a] Subscription created until 2026-07-26T16:22:18.569839+08:00 [validity_duration:86400] (../src/nrf/nnrf-handler.c:375)
[32m07/25 16:22:18.569[0m: [[33mnrf[0m] [1;32mINFO[0m: [f36f4d3c-8801-41f1-8adb-0956609cc10a] Subscription created until 2026-07-26T16:22:18.569865+08:00 [validity_duration:86400] (../src/nrf/nnrf-handler.c:375)
[32m07/25 16:22:18.569[0m: [[33mnrf[0m] [1;32mINFO[0m: [f36f4e72-8801-41f1-8adb-0956609cc10a] Subscription created until 2026-07-26T16:22:18.569894+08:00 [validity_duration:86400] (../src/nrf/nnrf-handler.c:375)
[32m07/25 16:22:18.569[0m: [[33mnrf[0m] [1;32mINFO[0m: [f36f4f76-8801-41f1-8adb-0956609cc10a] Subscription created until 2026-07-26T16:22:18.569921+08:00 [validity_duration:86400] (../src/nrf/nnrf-handler.c:375)
[32m07/25 16:22:18.570[0m: [[33mnrf[0m] [1;32mINFO[0m: [f36f5304-8801-41f1-8adb-0956609cc10a] Subscription created until 2026-07-26T16:22:18.570012+08:00 [validity_duration:86400] (../src/nrf/nnrf-handler.c:375)
[32m07/25 16:22:18.570[0m: [[33mnrf[0m] [1;32mINFO[0m: [f36f53ae-8801-41f1-8adb-0956609cc10a] Subscription created until 2026-07-26T16:22:18.570028+08:00 [validity_duration:86400] (../src/nrf/nnrf-handler.c:375)
[32m07/25 16:22:18.570[0m: [[33mnrf[0m] [1;32mINFO[0m: [f36f549e-8801-41f1-8adb-0956609cc10a] Subscription created until 2026-07-26T16:22:18.570053+08:00 [validity_duration:86400] (../src/nrf/nnrf-handler.c:375)
[32m07/25 16:22:18.570[0m: [[33msbi[0m] [1;32mINFO[0m: [f36f47f6-8801-41f1-8adb-0956609cc10a] Subscription created until 2026-07-26T16:22:18.569737+08:00 [duration:86400,validity:86399.999581,patch:43199.999790] (../lib/sbi/nnrf-handler.c:509)
[32m07/25 16:22:18.570[0m: [[33msbi[0m] [1;32mINFO[0m: [f36f4c2e-8801-41f1-8adb-0956609cc10a] Subscription created until 2026-07-26T16:22:18.569839+08:00 [duration:86400,validity:86399.999663,patch:43199.999831] (../lib/sbi/nnrf-handler.c:509)
[32m07/25 16:22:18.570[0m: [[33msbi[0m] [1;32mINFO[0m: [f36f4d3c-8801-41f1-8adb-0956609cc10a] Subscription created until 2026-07-26T16:22:18.569865+08:00 [duration:86400,validity:86399.999622,patch:43199.999811] (../lib/sbi/nnrf-handler.c:509)
[32m07/25 16:22:18.570[0m: [[33msbi[0m] [1;32mINFO[0m: [f36f4e72-8801-41f1-8adb-0956609cc10a] Subscription created until 2026-07-26T16:22:18.569894+08:00 [duration:86400,validity:86399.999639,patch:43199.999819] (../lib/sbi/nnrf-handler.c:509)
[32m07/25 16:22:18.570[0m: [[33msbi[0m] [1;32mINFO[0m: [f36f4f76-8801-41f1-8adb-0956609cc10a] Subscription created until 2026-07-26T16:22:18.569921+08:00 [duration:86400,validity:86399.999614,patch:43199.999807] (../lib/sbi/nnrf-handler.c:509)
[32m07/25 16:22:18.570[0m: [[33msbi[0m] [1;32mINFO[0m: [f36f5304-8801-41f1-8adb-0956609cc10a] Subscription created until 2026-07-26T16:22:18.570012+08:00 [duration:86400,validity:86399.999639,patch:43199.999819] (../lib/sbi/nnrf-handler.c:509)
[32m07/25 16:22:18.570[0m: [[33msbi[0m] [1;32mINFO[0m: [f36f53ae-8801-41f1-8adb-0956609cc10a] Subscription created until 2026-07-26T16:22:18.570028+08:00 [duration:86400,validity:86399.999600,patch:43199.999800] (../lib/sbi/nnrf-handler.c:509)
[32m07/25 16:22:18.570[0m: [[33msbi[0m] [1;32mINFO[0m: [f36f549e-8801-41f1-8adb-0956609cc10a] Subscription created until 2026-07-26T16:22:18.570053+08:00 [duration:86400,validity:86399.999551,patch:43199.999775] (../lib/sbi/nnrf-handler.c:509)
Open5GS daemon v2.6.6

[32m07/25 16:22:18.618[0m: [[33mapp[0m] [1;32mINFO[0m: Configuration: '/opt/CoreCrisis/Corelearner/open5gs-2.6.6/build/configs/sample.yaml' (../lib/app/ogs-init.c:126)
[32m07/25 16:22:18.638[0m: [[33mmetrics[0m] [1;32mINFO[0m: metrics_server() [http://127.0.0.7]:9090 (../lib/metrics/prometheus/context.c:299)
[32m07/25 16:22:18.638[0m: [[33mpfcp[0m] [1;32mINFO[0m: pfcp_server() [127.0.0.7]:8805 (../lib/pfcp/path.c:30)
[32m07/25 16:22:18.638[0m: [[33mpfcp[0m] [1;32mINFO[0m: ogs_pfcp_connect() [127.0.0.4]:8805 (../lib/pfcp/path.c:61)
[32m07/25 16:22:18.638[0m: [[33mgtp[0m] [1;32mINFO[0m: gtp_server() [127.0.0.7]:2152 (../lib/gtp/path.c:30)
[32m07/25 16:22:18.639[0m: [[33mapp[0m] [1;32mINFO[0m: UPF initialize...done (../src/upf/app.c:31)
Open5GS daemon v2.6.6

[32m07/25 16:22:18.671[0m: [[33mapp[0m] [1;32mINFO[0m: Configuration: '/opt/CoreCrisis/Corelearner/open5gs-2.6.6/build/configs/sample.yaml' (../lib/app/ogs-init.c:126)
[32m07/25 16:22:18.693[0m: [[33mmetrics[0m] [1;32mINFO[0m: metrics_server() [http://127.0.0.4]:9090 (../lib/metrics/prometheus/context.c:299)
[32m07/25 16:22:18.704[0m: [[33mgtp[0m] [1;32mINFO[0m: gtp_server() [127.0.0.4]:2123 (../lib/gtp/path.c:30)
[32m07/25 16:22:18.704[0m: [[33mgtp[0m] [1;32mINFO[0m: gtp_server() [::1]:2123 (../lib/gtp/path.c:30)
[32m07/25 16:22:18.704[0m: [[33mgtp[0m] [1;32mINFO[0m: gtp_server() [127.0.0.4]:2152 (../lib/gtp/path.c:30)
[32m07/25 16:22:18.704[0m: [[33mgtp[0m] [1;32mINFO[0m: gtp_server() [::1]:2152 (../lib/gtp/path.c:30)
[32m07/25 16:22:18.704[0m: [[33mpfcp[0m] [1;32mINFO[0m: pfcp_server() [127.0.0.4]:8805 (../lib/pfcp/path.c:30)
[32m07/25 16:22:18.704[0m: [[33mpfcp[0m] [1;32mINFO[0m: ogs_pfcp_connect() [127.0.0.7]:8805 (../lib/pfcp/path.c:61)
[32m07/25 16:22:18.704[0m: [[33mupf[0m] [1;32mINFO[0m: PFCP associated [127.0.0.4]:8805 (../src/upf/pfcp-sm.c:184)
[32m07/25 16:22:18.704[0m: [[33msbi[0m] [1;32mINFO[0m: NF Service [nsmf-pdusession] (../lib/sbi/context.c:1438)
[32m07/25 16:22:18.705[0m: [[33msbi[0m] [1;32mINFO[0m: nghttp2_server() [http://127.0.0.4]:7777 (../lib/sbi/nghttp2-server.c:395)
[32m07/25 16:22:18.705[0m: [[33mapp[0m] [1;32mINFO[0m: SMF initialize...done (../src/smf/app.c:31)
[32m07/25 16:22:18.705[0m: [[33msmf[0m] [1;32mINFO[0m: PFCP associated [127.0.0.7]:8805 (../src/smf/pfcp-sm.c:196)
[32m07/25 16:22:18.705[0m: [[33mnrf[0m] [1;32mINFO[0m: [f381ccdc-8801-41f1-aff4-ef816056f6cb] NF registered [Heartbeat:10s] (../src/nrf/nf-sm.c:190)
[32m07/25 16:22:18.705[0m: [[33msbi[0m] [1;32mINFO[0m: [f381ccdc-8801-41f1-aff4-ef816056f6cb] (NRF-notify) NF registered (../lib/sbi/nnrf-handler.c:725)
[32m07/25 16:22:18.705[0m: [[33msbi[0m] [1;32mINFO[0m: [f381ccdc-8801-41f1-aff4-ef816056f6cb] (NRF-notify) NF Profile updated (../lib/sbi/nnrf-handler.c:735)
[32m07/25 16:22:18.705[0m: [[33msbi[0m] [1;32mINFO[0m: [f381ccdc-8801-41f1-aff4-ef816056f6cb] NF registered [Heartbeat:10s] (../lib/sbi/nf-sm.c:214)
[32m07/25 16:22:18.706[0m: [[33mnrf[0m] [1;32mINFO[0m: [f3841938-8801-41f1-8adb-0956609cc10a] Subscription created until 2026-07-26T16:22:18.706172+08:00 [validity_duration:86400] (../src/nrf/nnrf-handler.c:375)
[32m07/25 16:22:18.706[0m: [[33mnrf[0m] [1;32mINFO[0m: [f384236a-8801-41f1-8adb-0956609cc10a] Subscription created until 2026-07-26T16:22:18.706424+08:00 [validity_duration:86400] (../src/nrf/nnrf-handler.c:375)
[32m07/25 16:22:18.706[0m: [[33mnrf[0m] [1;32mINFO[0m: [f38426a8-8801-41f1-8adb-0956609cc10a] Subscription created until 2026-07-26T16:22:18.706505+08:00 [validity_duration:86400] (../src/nrf/nnrf-handler.c:375)
[32m07/25 16:22:18.706[0m: [[33mnrf[0m] [1;32mINFO[0m: [f38427c0-8801-41f1-8adb-0956609cc10a] Subscription created until 2026-07-26T16:22:18.706530+08:00 [validity_duration:86400] (../src/nrf/nnrf-handler.c:375)
[32m07/25 16:22:18.706[0m: [[33msbi[0m] [1;32mINFO[0m: [f3841938-8801-41f1-8adb-0956609cc10a] Subscription created until 2026-07-26T16:22:18.706172+08:00 [duration:86400,validity:86399.999292,patch:43199.999646] (../lib/sbi/nnrf-handler.c:509)
[32m07/25 16:22:18.706[0m: [[33msbi[0m] [1;32mINFO[0m: [f384236a-8801-41f1-8adb-0956609cc10a] Subscription created until 2026-07-26T16:22:18.706424+08:00 [duration:86400,validity:86399.999497,patch:43199.999748] (../lib/sbi/nnrf-handler.c:509)
[32m07/25 16:22:18.706[0m: [[33msbi[0m] [1;32mINFO[0m: [f38426a8-8801-41f1-8adb-0956609cc10a] Subscription created until 2026-07-26T16:22:18.706505+08:00 [duration:86400,validity:86399.999568,patch:43199.999784] (../lib/sbi/nnrf-handler.c:509)
[32m07/25 16:22:18.706[0m: [[33msbi[0m] [1;32mINFO[0m: [f38427c0-8801-41f1-8adb-0956609cc10a] Subscription created until 2026-07-26T16:22:18.706530+08:00 [duration:86400,validity:86399.999560,patch:43199.999780] (../lib/sbi/nnrf-handler.c:509)
Open5GS daemon v2.6.6

[32m07/25 16:22:18.720[0m: [[33mapp[0m] [1;32mINFO[0m: Configuration: '/opt/CoreCrisis/Corelearner/open5gs-2.6.6/build/configs/sample.yaml' (../lib/app/ogs-init.c:126)
[32m07/25 16:22:18.722[0m: [[33mmetrics[0m] [1;32mINFO[0m: metrics_server() [http://127.0.0.5]:9090 (../lib/metrics/prometheus/context.c:299)
[32m07/25 16:22:18.722[0m: [[33msbi[0m] [1;32mINFO[0m: NF Service [namf-comm] (../lib/sbi/context.c:1438)
[32m07/25 16:22:18.722[0m: [[33msbi[0m] [1;32mINFO[0m: nghttp2_server() [http://127.0.0.5]:7777 (../lib/sbi/nghttp2-server.c:395)
[32m07/25 16:22:18.722[0m: [[33mamf[0m] [1;32mINFO[0m: ngap_server() [127.0.0.5]:38412 (../src/amf/ngap-sctp.c:61)
[32m07/25 16:22:18.722[0m: [[33msctp[0m] [1;32mINFO[0m: AMF initialize...done (../src/amf/app.c:33)
[32m07/25 16:22:18.722[0m: [[33mnrf[0m] [1;32mINFO[0m: [f3866c6a-8801-41f1-8d5b-4108c1216f66] NF registered [Heartbeat:10s] (../src/nrf/nf-sm.c:190)
[32m07/25 16:22:18.722[0m: [[33msbi[0m] [1;32mINFO[0m: [f3866c6a-8801-41f1-8d5b-4108c1216f66] (NRF-notify) NF registered (../lib/sbi/nnrf-handler.c:725)
[32m07/25 16:22:18.722[0m: [[33msbi[0m] [1;32mINFO[0m: [f3866c6a-8801-41f1-8d5b-4108c1216f66] (NRF-notify) NF Profile updated (../lib/sbi/nnrf-handler.c:735)
[32m07/25 16:22:18.723[0m: [[33msbi[0m] [1;32mINFO[0m: [f3866c6a-8801-41f1-8d5b-4108c1216f66] NF registered [Heartbeat:10s] (../lib/sbi/nf-sm.c:214)
[32m07/25 16:22:18.723[0m: [[33msbi[0m] [1;32mINFO[0m: [f3866c6a-8801-41f1-8d5b-4108c1216f66] (NRF-notify) NF registered (../lib/sbi/nnrf-handler.c:725)
[32m07/25 16:22:18.723[0m: [[33msbi[0m] [1;32mINFO[0m: [f3866c6a-8801-41f1-8d5b-4108c1216f66] (NRF-notify) NF Profile updated (../lib/sbi/nnrf-handler.c:735)
[32m07/25 16:22:18.723[0m: [[33mnrf[0m] [1;32mINFO[0m: [f386c674-8801-41f1-8adb-0956609cc10a] Subscription created until 2026-07-26T16:22:18.723714+08:00 [validity_duration:86400] (../src/nrf/nnrf-handler.c:375)
[32m07/25 16:22:18.723[0m: [[33mnrf[0m] [1;32mINFO[0m: [f386c890-8801-41f1-8adb-0956609cc10a] Subscription created until 2026-07-26T16:22:18.723755+08:00 [validity_duration:86400] (../src/nrf/nnrf-handler.c:375)
[32m07/25 16:22:18.723[0m: [[33mnrf[0m] [1;32mINFO[0m: [f386c9b2-8801-41f1-8adb-0956609cc10a] Subscription created until 2026-07-26T16:22:18.723783+08:00 [validity_duration:86400] (../src/nrf/nnrf-handler.c:375)
[32m07/25 16:22:18.723[0m: [[33mnrf[0m] [1;32mINFO[0m: [f386cad4-8801-41f1-8adb-0956609cc10a] Subscription created until 2026-07-26T16:22:18.723811+08:00 [validity_duration:86400] (../src/nrf/nnrf-handler.c:375)
[32m07/25 16:22:18.723[0m: [[33mnrf[0m] [1;32mINFO[0m: [f386cbc4-8801-41f1-8adb-0956609cc10a] Subscription created until 2026-07-26T16:22:18.723836+08:00 [validity_duration:86400] (../src/nrf/nnrf-handler.c:375)
[32m07/25 16:22:18.723[0m: [[33mnrf[0m] [1;32mINFO[0m: [f386ce30-8801-41f1-8adb-0956609cc10a] Subscription created until 2026-07-26T16:22:18.723898+08:00 [validity_duration:86400] (../src/nrf/nnrf-handler.c:375)
[32m07/25 16:22:18.724[0m: [[33msbi[0m] [1;32mINFO[0m: [f386c674-8801-41f1-8adb-0956609cc10a] Subscription created until 2026-07-26T16:22:18.723714+08:00 [duration:86400,validity:86399.999128,patch:43199.999564] (../lib/sbi/nnrf-handler.c:509)
[32m07/25 16:22:18.724[0m: [[33msbi[0m] [1;32mINFO[0m: [f386c890-8801-41f1-8adb-0956609cc10a] Subscription created until 2026-07-26T16:22:18.723755+08:00 [duration:86400,validity:86399.999136,patch:43199.999568] (../lib/sbi/nnrf-handler.c:509)
[32m07/25 16:22:18.724[0m: [[33msbi[0m] [1;32mINFO[0m: [f386c9b2-8801-41f1-8adb-0956609cc10a] Subscription created until 2026-07-26T16:22:18.723783+08:00 [duration:86400,validity:86399.999145,patch:43199.999572] (../lib/sbi/nnrf-handler.c:509)
[32m07/25 16:22:18.724[0m: [[33msbi[0m] [1;32mINFO[0m: [f386cad4-8801-41f1-8adb-0956609cc10a] Subscription created until 2026-07-26T16:22:18.723811+08:00 [duration:86400,validity:86399.999155,patch:43199.999577] (../lib/sbi/nnrf-handler.c:509)
[32m07/25 16:22:18.724[0m: [[33msbi[0m] [1;32mINFO[0m: [f386cbc4-8801-41f1-8adb-0956609cc10a] Subscription created until 2026-07-26T16:22:18.723836+08:00 [duration:86400,validity:86399.999164,patch:43199.999582] (../lib/sbi/nnrf-handler.c:509)
[32m07/25 16:22:18.724[0m: [[33msbi[0m] [1;32mINFO[0m: [f386ce30-8801-41f1-8adb-0956609cc10a] Subscription created until 2026-07-26T16:22:18.723898+08:00 [duration:86400,validity:86399.999208,patch:43199.999604] (../lib/sbi/nnrf-handler.c:509)
Open5GS daemon v2.6.6

[32m07/25 16:22:18.768[0m: [[33mapp[0m] [1;32mINFO[0m: Configuration: '/opt/CoreCrisis/Corelearner/open5gs-2.6.6/build/configs/sample.yaml' (../lib/app/ogs-init.c:126)
[32m07/25 16:22:18.769[0m: [[33msbi[0m] [1;32mINFO[0m: NF Service [nausf-auth] (../lib/sbi/context.c:1438)
[32m07/25 16:22:18.769[0m: [[33msbi[0m] [1;32mINFO[0m: nghttp2_server() [http://127.0.0.11]:7777 (../lib/sbi/nghttp2-server.c:395)
[32m07/25 16:22:18.769[0m: [[33mapp[0m] [1;32mINFO[0m: AUSF initialize...done (../src/ausf/app.c:31)
[32m07/25 16:22:18.769[0m: [[33mnrf[0m] [1;32mINFO[0m: [f38db858-8801-41f1-a2c4-1199abd302ce] NF registered [Heartbeat:10s] (../src/nrf/nf-sm.c:190)
[32m07/25 16:22:18.769[0m: [[33msbi[0m] [1;32mINFO[0m: [f38db858-8801-41f1-a2c4-1199abd302ce] (NRF-notify) NF registered (../lib/sbi/nnrf-handler.c:725)
[32m07/25 16:22:18.769[0m: [[33msbi[0m] [1;32mINFO[0m: [f38db858-8801-41f1-a2c4-1199abd302ce] (NRF-notify) NF Profile updated (../lib/sbi/nnrf-handler.c:735)
[32m07/25 16:22:18.770[0m: [[33msbi[0m] [1;32mINFO[0m: [f38db858-8801-41f1-a2c4-1199abd302ce] (NRF-notify) NF registered (../lib/sbi/nnrf-handler.c:725)
[32m07/25 16:22:18.770[0m: [[33msbi[0m] [1;32mINFO[0m: [f38db858-8801-41f1-a2c4-1199abd302ce] (NRF-notify) NF Profile updated (../lib/sbi/nnrf-handler.c:735)
[32m07/25 16:22:18.770[0m: [[33msbi[0m] [1;32mINFO[0m: [f38db858-8801-41f1-a2c4-1199abd302ce] NF registered [Heartbeat:10s] (../lib/sbi/nf-sm.c:214)
[32m07/25 16:22:18.770[0m: [[33mnrf[0m] [1;32mINFO[0m: [f38debfc-8801-41f1-8adb-0956609cc10a] Subscription created until 2026-07-26T16:22:18.770547+08:00 [validity_duration:86400] (../src/nrf/nnrf-handler.c:375)
[32m07/25 16:22:18.770[0m: [[33msbi[0m] [1;32mINFO[0m: [f38debfc-8801-41f1-8adb-0956609cc10a] Subscription created until 2026-07-26T16:22:18.770547+08:00 [duration:86400,validity:86399.999812,patch:43199.999906] (../lib/sbi/nnrf-handler.c:509)
Open5GS daemon v2.6.6

[32m07/25 16:22:18.818[0m: [[33mapp[0m] [1;32mINFO[0m: Configuration: '/opt/CoreCrisis/Corelearner/open5gs-2.6.6/build/configs/sample.yaml' (../lib/app/ogs-init.c:126)
[32m07/25 16:22:18.819[0m: [[33msbi[0m] [1;32mINFO[0m: NF Service [nudm-ueau] (../lib/sbi/context.c:1438)
[32m07/25 16:22:18.819[0m: [[33msbi[0m] [1;32mINFO[0m: NF Service [nudm-uecm] (../lib/sbi/context.c:1438)
[32m07/25 16:22:18.819[0m: [[33msbi[0m] [1;32mINFO[0m: NF Service [nudm-sdm] (../lib/sbi/context.c:1438)
[32m07/25 16:22:18.819[0m: [[33msbi[0m] [1;32mINFO[0m: nghttp2_server() [http://127.0.0.12]:7777 (../lib/sbi/nghttp2-server.c:395)
[32m07/25 16:22:18.819[0m: [[33mapp[0m] [1;32mINFO[0m: UDM initialize...done (../src/udm/app.c:31)
[32m07/25 16:22:18.819[0m: [[33mnrf[0m] [1;32mINFO[0m: [f3955cca-8801-41f1-a504-577aa99a427f] NF registered [Heartbeat:10s] (../src/nrf/nf-sm.c:190)
[32m07/25 16:22:18.820[0m: [[33msbi[0m] [1;32mINFO[0m: [f3955cca-8801-41f1-a504-577aa99a427f] (NRF-notify) NF registered (../lib/sbi/nnrf-handler.c:725)
[32m07/25 16:22:18.820[0m: [[33msbi[0m] [1;32mINFO[0m: [f3955cca-8801-41f1-a504-577aa99a427f] (NRF-notify) NF Profile updated (../lib/sbi/nnrf-handler.c:735)
[32m07/25 16:22:18.820[0m: [[33msbi[0m] [1;32mINFO[0m: [f3955cca-8801-41f1-a504-577aa99a427f] (NRF-notify) NF registered (../lib/sbi/nnrf-handler.c:725)
[32m07/25 16:22:18.820[0m: [[33msbi[0m] [1;32mINFO[0m: [f3955cca-8801-41f1-a504-577aa99a427f] (NRF-notify) NF Profile updated (../lib/sbi/nnrf-handler.c:735)
[32m07/25 16:22:18.820[0m: [[33msbi[0m] [1;36mWARNING[0m: [f3955cca-8801-41f1-a504-577aa99a427f] (NRF-notify) NF has already been added (../lib/sbi/nnrf-handler.c:729)
[32m07/25 16:22:18.820[0m: [[33msbi[0m] [1;32mINFO[0m: [f3955cca-8801-41f1-a504-577aa99a427f] (NRF-notify) NF Profile updated (../lib/sbi/nnrf-handler.c:735)
[32m07/25 16:22:18.820[0m: [[33msbi[0m] [1;36mWARNING[0m: NF EndPoint updated [127.0.0.12:80] (../lib/sbi/context.c:1623)
[32m07/25 16:22:18.820[0m: [[33msbi[0m] [1;36mWARNING[0m: NF EndPoint updated [127.0.0.12:7777] (../lib/sbi/context.c:1532)
[32m07/25 16:22:18.820[0m: [[33msbi[0m] [1;32mINFO[0m: [f3955cca-8801-41f1-a504-577aa99a427f] NF registered [Heartbeat:10s] (../lib/sbi/nf-sm.c:214)
[32m07/25 16:22:18.821[0m: [[33msbi[0m] [1;32mINFO[0m: [f3955cca-8801-41f1-a504-577aa99a427f] (NRF-notify) NF registered (../lib/sbi/nnrf-handler.c:725)
[32m07/25 16:22:18.821[0m: [[33msbi[0m] [1;32mINFO[0m: [f3955cca-8801-41f1-a504-577aa99a427f] (NRF-notify) NF Profile updated (../lib/sbi/nnrf-handler.c:735)
[32m07/25 16:22:18.820[0m: [[33msbi[0m] [1;32mINFO[0m: [f3955cca-8801-41f1-a504-577aa99a427f] (NRF-notify) NF registered (../lib/sbi/nnrf-handler.c:725)
[32m07/25 16:22:18.820[0m: [[33msbi[0m] [1;32mINFO[0m: [f3955cca-8801-41f1-a504-577aa99a427f] (NRF-notify) NF Profile updated (../lib/sbi/nnrf-handler.c:735)
[32m07/25 16:22:18.820[0m: [[33msbi[0m] [1;36mWARNING[0m: [f3955cca-8801-41f1-a504-577aa99a427f] (NRF-notify) NF has already been added (../lib/sbi/nnrf-handler.c:729)
[32m07/25 16:22:18.820[0m: [[33msbi[0m] [1;32mINFO[0m: [f3955cca-8801-41f1-a504-577aa99a427f] (NRF-notify) NF Profile updated (../lib/sbi/nnrf-handler.c:735)
[32m07/25 16:22:18.820[0m: [[33msbi[0m] [1;36mWARNING[0m: NF EndPoint updated [127.0.0.12:80] (../lib/sbi/context.c:1623)
[32m07/25 16:22:18.820[0m: [[33msbi[0m] [1;36mWARNING[0m: NF EndPoint updated [127.0.0.12:7777] (../lib/sbi/context.c:1532)
[32m07/25 16:22:18.821[0m: [[33mnrf[0m] [1;32mINFO[0m: [f395aef0-8801-41f1-8adb-0956609cc10a] Subscription created until 2026-07-26T16:22:18.821415+08:00 [validity_duration:86400] (../src/nrf/nnrf-handler.c:375)
[32m07/25 16:22:18.821[0m: [[33msbi[0m] [1;32mINFO[0m: [f395aef0-8801-41f1-8adb-0956609cc10a] Subscription created until 2026-07-26T16:22:18.821415+08:00 [duration:86400,validity:86399.999764,patch:43199.999882] (../lib/sbi/nnrf-handler.c:509)
Open5GS daemon v2.6.6

[32m07/25 16:22:18.871[0m: [[33mapp[0m] [1;32mINFO[0m: Configuration: '/opt/CoreCrisis/Corelearner/open5gs-2.6.6/build/configs/sample.yaml' (../lib/app/ogs-init.c:126)
[32m07/25 16:22:18.872[0m: [[33mmetrics[0m] [1;32mINFO[0m: metrics_server() [http://127.0.0.13]:9090 (../lib/metrics/prometheus/context.c:299)
[32m07/25 16:22:18.873[0m: [[33mdbi[0m] [1;32mINFO[0m: MongoDB URI: 'mongodb://localhost/open5gs' (../lib/dbi/ogs-mongoc.c:130)
[32m07/25 16:22:18.873[0m: [[33msbi[0m] [1;32mINFO[0m: NF Service [npcf-am-policy-control] (../lib/sbi/context.c:1438)
[32m07/25 16:22:18.873[0m: [[33msbi[0m] [1;32mINFO[0m: NF Service [npcf-smpolicycontrol] (../lib/sbi/context.c:1438)
[32m07/25 16:22:18.873[0m: [[33msbi[0m] [1;32mINFO[0m: NF Service [npcf-policyauthorization] (../lib/sbi/context.c:1438)
[32m07/25 16:22:18.873[0m: [[33msbi[0m] [1;32mINFO[0m: nghttp2_server() [http://127.0.0.13]:7777 (../lib/sbi/nghttp2-server.c:395)
[32m07/25 16:22:18.873[0m: [[33mapp[0m] [1;32mINFO[0m: PCF initialize...done (../src/pcf/app.c:31)
[32m07/25 16:22:18.873[0m: [[33mnrf[0m] [1;32mINFO[0m: [f39d6e9c-8801-41f1-be29-239a5e7e6c8a] NF registered [Heartbeat:10s] (../src/nrf/nf-sm.c:190)
[32m07/25 16:22:18.873[0m: [[33msbi[0m] [1;32mINFO[0m: [f39d6e9c-8801-41f1-be29-239a5e7e6c8a] (NRF-notify) NF registered (../lib/sbi/nnrf-handler.c:725)
[32m07/25 16:22:18.873[0m: [[33msbi[0m] [1;32mINFO[0m: [f39d6e9c-8801-41f1-be29-239a5e7e6c8a] (NRF-notify) NF Profile updated (../lib/sbi/nnrf-handler.c:735)
[32m07/25 16:22:18.873[0m: [[33msbi[0m] [1;32mINFO[0m: [f39d6e9c-8801-41f1-be29-239a5e7e6c8a] (NRF-notify) NF registered (../lib/sbi/nnrf-handler.c:725)
[32m07/25 16:22:18.873[0m: [[33msbi[0m] [1;32mINFO[0m: [f39d6e9c-8801-41f1-be29-239a5e7e6c8a] (NRF-notify) NF Profile updated (../lib/sbi/nnrf-handler.c:735)
[32m07/25 16:22:18.874[0m: [[33msbi[0m] [1;32mINFO[0m: [f39d6e9c-8801-41f1-be29-239a5e7e6c8a] (NRF-notify) NF registered (../lib/sbi/nnrf-handler.c:725)
[32m07/25 16:22:18.874[0m: [[33msbi[0m] [1;32mINFO[0m: [f39d6e9c-8801-41f1-be29-239a5e7e6c8a] (NRF-notify) NF Profile updated (../lib/sbi/nnrf-handler.c:735)
[32m07/25 16:22:18.874[0m: [[33msbi[0m] [1;32mINFO[0m: [f39d6e9c-8801-41f1-be29-239a5e7e6c8a] NF registered [Heartbeat:10s] (../lib/sbi/nf-sm.c:214)
[32m07/25 16:22:18.874[0m: [[33mnrf[0m] [1;32mINFO[0m: [f39dc644-8801-41f1-8adb-0956609cc10a] Subscription created until 2026-07-26T16:22:18.874442+08:00 [validity_duration:86400] (../src/nrf/nnrf-handler.c:375)
[32m07/25 16:22:18.874[0m: [[33mnrf[0m] [1;32mINFO[0m: [f39dca86-8801-41f1-8adb-0956609cc10a] Subscription created until 2026-07-26T16:22:18.874540+08:00 [validity_duration:86400] (../src/nrf/nnrf-handler.c:375)
[32m07/25 16:22:18.874[0m: [[33msbi[0m] [1;32mINFO[0m: [f39dc644-8801-41f1-8adb-0956609cc10a] Subscription created until 2026-07-26T16:22:18.874442+08:00 [duration:86400,validity:86399.999634,patch:43199.999817] (../lib/sbi/nnrf-handler.c:509)
[32m07/25 16:22:18.874[0m: [[33msbi[0m] [1;32mINFO[0m: [f39dca86-8801-41f1-8adb-0956609cc10a] Subscription created until 2026-07-26T16:22:18.874540+08:00 [duration:86400,validity:86399.999714,patch:43199.999857] (../lib/sbi/nnrf-handler.c:509)
Open5GS daemon v2.6.6

[32m07/25 16:22:18.918[0m: [[33mapp[0m] [1;32mINFO[0m: Configuration: '/opt/CoreCrisis/Corelearner/open5gs-2.6.6/build/configs/sample.yaml' (../lib/app/ogs-init.c:126)
[32m07/25 16:22:18.919[0m: [[33msbi[0m] [1;32mINFO[0m: NF Service [nnssf-nsselection] (../lib/sbi/context.c:1438)
[32m07/25 16:22:18.919[0m: [[33msbi[0m] [1;32mINFO[0m: nghttp2_server() [http://127.0.0.14]:7777 (../lib/sbi/nghttp2-server.c:395)
[32m07/25 16:22:18.919[0m: [[33mapp[0m] [1;32mINFO[0m: NSSF initialize...done (../src/nssf/app.c:31)
[32m07/25 16:22:18.920[0m: [[33mnrf[0m] [1;32mINFO[0m: [f3a4a6f8-8801-41f1-9611-6fd222e75b3c] NF registered [Heartbeat:10s] (../src/nrf/nf-sm.c:190)
[32m07/25 16:22:18.920[0m: [[33msbi[0m] [1;32mINFO[0m: [f3a4a6f8-8801-41f1-9611-6fd222e75b3c] (NRF-notify) NF registered (../lib/sbi/nnrf-handler.c:725)
[32m07/25 16:22:18.920[0m: [[33msbi[0m] [1;32mINFO[0m: [f3a4a6f8-8801-41f1-9611-6fd222e75b3c] (NRF-notify) NF Profile updated (../lib/sbi/nnrf-handler.c:735)
[32m07/25 16:22:18.920[0m: [[33msbi[0m] [1;32mINFO[0m: [f3a4a6f8-8801-41f1-9611-6fd222e75b3c] (NRF-notify) NF registered (../lib/sbi/nnrf-handler.c:725)
[32m07/25 16:22:18.920[0m: [[33msbi[0m] [1;32mINFO[0m: [f3a4a6f8-8801-41f1-9611-6fd222e75b3c] (NRF-notify) NF Profile updated (../lib/sbi/nnrf-handler.c:735)
[32m07/25 16:22:18.920[0m: [[33msbi[0m] [1;32mINFO[0m: [f3a4a6f8-8801-41f1-9611-6fd222e75b3c] NF registered [Heartbeat:10s] (../lib/sbi/nf-sm.c:214)
Open5GS daemon v2.6.6

[32m07/25 16:22:18.968[0m: [[33mapp[0m] [1;32mINFO[0m: Configuration: '/opt/CoreCrisis/Corelearner/open5gs-2.6.6/build/configs/sample.yaml' (../lib/app/ogs-init.c:126)
[32m07/25 16:22:18.969[0m: [[33msbi[0m] [1;32mINFO[0m: NF Service [nbsf-management] (../lib/sbi/context.c:1438)
[32m07/25 16:22:18.969[0m: [[33msbi[0m] [1;32mINFO[0m: nghttp2_server() [http://127.0.0.15]:7777 (../lib/sbi/nghttp2-server.c:395)
[32m07/25 16:22:18.969[0m: [[33mapp[0m] [1;32mINFO[0m: BSF initialize...done (../src/bsf/app.c:31)
[32m07/25 16:22:18.970[0m: [[33mnrf[0m] [1;32mINFO[0m: [f3ac4cdc-8801-41f1-9bb0-9367cbe542a0] NF registered [Heartbeat:10s] (../src/nrf/nf-sm.c:190)
[32m07/25 16:22:18.970[0m: [[33msbi[0m] [1;32mINFO[0m: [f3ac4cdc-8801-41f1-9bb0-9367cbe542a0] (NRF-notify) NF registered (../lib/sbi/nnrf-handler.c:725)
[32m07/25 16:22:18.970[0m: [[33msbi[0m] [1;32mINFO[0m: [f3ac4cdc-8801-41f1-9bb0-9367cbe542a0] (NRF-notify) NF Profile updated (../lib/sbi/nnrf-handler.c:735)
[32m07/25 16:22:18.970[0m: [[33msbi[0m] [1;32mINFO[0m: [f3ac4cdc-8801-41f1-9bb0-9367cbe542a0] NF registered [Heartbeat:10s] (../lib/sbi/nf-sm.c:214)
[32m07/25 16:22:18.970[0m: [[33msbi[0m] [1;32mINFO[0m: [f3ac4cdc-8801-41f1-9bb0-9367cbe542a0] (NRF-notify) NF registered (../lib/sbi/nnrf-handler.c:725)
[32m07/25 16:22:18.970[0m: [[33msbi[0m] [1;32mINFO[0m: [f3ac4cdc-8801-41f1-9bb0-9367cbe542a0] (NRF-notify) NF Profile updated (../lib/sbi/nnrf-handler.c:735)
Open5GS daemon v2.6.6

[32m07/25 16:22:19.021[0m: [[33mapp[0m] [1;32mINFO[0m: Configuration: '/opt/CoreCrisis/Corelearner/open5gs-2.6.6/build/configs/sample.yaml' (../lib/app/ogs-init.c:126)
[32m07/25 16:22:19.022[0m: [[33mdbi[0m] [1;32mINFO[0m: MongoDB URI: 'mongodb://localhost/open5gs' (../lib/dbi/ogs-mongoc.c:130)
[32m07/25 16:22:19.022[0m: [[33msbi[0m] [1;32mINFO[0m: NF Service [nudr-dr] (../lib/sbi/context.c:1438)
[32m07/25 16:22:19.022[0m: [[33msbi[0m] [1;32mINFO[0m: nghttp2_server() [http://127.0.0.20]:7777 (../lib/sbi/nghttp2-server.c:395)
[32m07/25 16:22:19.023[0m: [[33mapp[0m] [1;32mINFO[0m: UDR initialize...done (../src/udr/app.c:31)
[32m07/25 16:22:19.023[0m: [[33mnrf[0m] [1;32mINFO[0m: [f3b452ba-8801-41f1-b482-0fe97f587648] NF registered [Heartbeat:10s] (../src/nrf/nf-sm.c:190)
[32m07/25 16:22:19.023[0m: [[33msbi[0m] [1;32mINFO[0m: [f3b452ba-8801-41f1-b482-0fe97f587648] (NRF-notify) NF registered (../lib/sbi/nnrf-handler.c:725)
[32m07/25 16:22:19.023[0m: [[33msbi[0m] [1;32mINFO[0m: [f3b452ba-8801-41f1-b482-0fe97f587648] (NRF-notify) NF Profile updated (../lib/sbi/nnrf-handler.c:735)
[32m07/25 16:22:19.024[0m: [[33msbi[0m] [1;32mINFO[0m: [f3b452ba-8801-41f1-b482-0fe97f587648] (NRF-notify) NF registered (../lib/sbi/nnrf-handler.c:725)
[32m07/25 16:22:19.024[0m: [[33msbi[0m] [1;32mINFO[0m: [f3b452ba-8801-41f1-b482-0fe97f587648] (NRF-notify) NF Profile updated (../lib/sbi/nnrf-handler.c:735)
[32m07/25 16:22:19.023[0m: [[33msbi[0m] [1;32mINFO[0m: [f3b452ba-8801-41f1-b482-0fe97f587648] (NRF-notify) NF registered (../lib/sbi/nnrf-handler.c:725)
[32m07/25 16:22:19.023[0m: [[33msbi[0m] [1;32mINFO[0m: [f3b452ba-8801-41f1-b482-0fe97f587648] (NRF-notify) NF Profile updated (../lib/sbi/nnrf-handler.c:735)
[32m07/25 16:22:19.024[0m: [[33msbi[0m] [1;32mINFO[0m: [f3b452ba-8801-41f1-b482-0fe97f587648] NF registered [Heartbeat:10s] (../lib/sbi/nf-sm.c:214)
[32m07/25 16:22:21.141[0m: [[33msmf[0m] [1;36mWARNING[0m: PFCP[REQ] has already been associated [127.0.0.7]:8805 (../src/smf/pfcp-sm.c:292)
[32m07/25 16:22:21.141[0m: [[33mupf[0m] [1;36mWARNING[0m: PFCP[RSP] has already been associated [127.0.0.4]:8805 (../src/upf/pfcp-sm.c:277)
[32m07/25 16:22:24.511[0m: [[33mamf[0m] [1;32mINFO[0m: gNB-N2 accepted[127.0.0.1]:48595 in ng-path module (../src/amf/ngap-sctp.c:113)
[32m07/25 16:22:24.511[0m: [[33mamf[0m] [1;32mINFO[0m: gNB-N2 accepted[127.0.0.1] in master_sm module (../src/amf/amf-sm.c:741)
[32m07/25 16:22:24.511[0m: [[33mamf[0m] [1;32mINFO[0m: [Added] Number of gNBs is now 1 (../src/amf/context.c:1185)
[32m07/25 16:22:24.511[0m: [[33mamf[0m] [1;32mINFO[0m: gNB-N2[127.0.0.1] max_num_of_ostreams : 10 (../src/amf/amf-sm.c:780)
[32m07/25 16:22:43.055[0m: [[33mamf[0m] [1;32mINFO[0m: InitialUEMessage (../src/amf/ngap-handler.c:401)
[32m07/25 16:22:43.055[0m: [[33mamf[0m] [1;32mINFO[0m: [Added] Number of gNB-UEs is now 1 (../src/amf/context.c:2523)
[32m07/25 16:22:43.055[0m: [[33mamf[0m] [1;32mINFO[0m:     RAN_UE_NGAP_ID[1] AMF_UE_NGAP_ID[1] TAC[1] CellID[0x10] (../src/amf/ngap-handler.c:562)
[32m07/25 16:22:43.055[0m: [[33mamf[0m] [1;32mINFO[0m: [suci-0-999-70-0000-0-0-0000000001] Unknown UE by SUCI (../src/amf/context.c:1789)
[32m07/25 16:22:43.055[0m: [[33mamf[0m] [1;32mINFO[0m: [Added] Number of AMF-UEs is now 1 (../src/amf/context.c:1570)
[32m07/25 16:22:43.055[0m: [[33mgmm[0m] [1;32mINFO[0m: Registration request (../src/amf/gmm-sm.c:1061)
[32m07/25 16:22:43.055[0m: [[33mgmm[0m] [1;32mINFO[0m: [suci-0-999-70-0000-0-0-0000000001]    SUCI (../src/amf/gmm-handler.c:157)
[32m07/25 16:22:44.063[0m: [[33mgmm[0m] [1;36mWARNING[0m: [imsi-999700000000001] Security mode reject : Cause[24] (../src/amf/gmm-sm.c:1719)
[32m07/25 16:22:44.063[0m: [[33mamf[0m] [1;32mINFO[0m: UE Context Release [Action:3] (../src/amf/ngap-handler.c:1677)
[32m07/25 16:22:44.063[0m: [[33mamf[0m] [1;32mINFO[0m:     RAN_UE_NGAP_ID[1] AMF_UE_NGAP_ID[1] (../src/amf/ngap-handler.c:1678)
[32m07/25 16:22:44.063[0m: [[33mamf[0m] [1;32mINFO[0m:     SUCI[suci-0-999-70-0000-0-0-0000000001] (../src/amf/ngap-handler.c:1681)
[32m07/25 16:22:44.063[0m: [[33mamf[0m] [1;32mINFO[0m: [Removed] Number of gNB-UEs is now 0 (../src/amf/context.c:2530)
[32m07/25 16:22:44.063[0m: [[33mamf[0m] [1;32mINFO[0m: [Removed] Number of AMF-UEs is now 0 (../src/amf/context.c:1663)
[32m07/25 16:22:45.564[0m: [[33mamf[0m] [1;32mINFO[0m: InitialUEMessage (../src/amf/ngap-handler.c:401)
[32m07/25 16:22:45.564[0m: [[33mamf[0m] [1;32mINFO[0m: [Added] Number of gNB-UEs is now 1 (../src/amf/context.c:2523)
[32m07/25 16:22:45.564[0m: [[33mamf[0m] [1;32mINFO[0m:     RAN_UE_NGAP_ID[2] AMF_UE_NGAP_ID[2] TAC[1] CellID[0x10] (../src/amf/ngap-handler.c:562)
[32m07/25 16:22:45.564[0m: [[33mamf[0m] [1;32mINFO[0m: Unknown UE by 5G-S_TMSI[AMF_ID:0x0,M_TMSI:0x0] (../src/amf/context.c:1807)
[32m07/25 16:22:45.564[0m: [[33mamf[0m] [1;32mINFO[0m: [Added] Number of AMF-UEs is now 1 (../src/amf/context.c:1570)
[32m07/25 16:22:45.564[0m: [[33mgmm[0m] [1;32mINFO[0m: Registration request (../src/amf/gmm-sm.c:1061)
[32m07/25 16:22:45.564[0m: [[33mgmm[0m] [1;32mINFO[0m: [Unknown ID]    5G-S_GUTI[AMF_ID:0x0,M_TMSI:0x0] (../src/amf/gmm-handler.c:170)
[32m07/25 16:22:46.065[0m: [[33mgmm[0m] [1;32mINFO[0m: Identity response (../src/amf/gmm-sm.c:1234)
[32m07/25 16:22:46.065[0m: [[33mgmm[0m] [1;32mINFO[0m: [suci-0-999-70-0000-0-0-0000000001]    SUCI (../src/amf/gmm-handler.c:927)
[32m07/25 16:23:02.340[0m: [[33mamf[0m] [1;32mINFO[0m: gNB-N2[127.0.0.1] connection refused!!! (../src/amf/amf-sm.c:793)
[32m07/25 16:23:02.340[0m: [[33mamf[0m] [1;32mINFO[0m: [Removed] Number of gNB-UEs is now 0 (../src/amf/context.c:2530)
[32m07/25 16:23:02.340[0m: [[33mamf[0m] [1;32mINFO[0m: [Removed] Number of gNBs is now 0 (../src/amf/context.c:1212)
[32m07/25 16:23:03.117[0m: [[33mapp[0m] [1;32mINFO[0m: SIGTERM received (../src/main.c:53)
[32m07/25 16:23:03.117[0m: [[33mapp[0m] [1;32mINFO[0m: Open5GS daemon terminating... (../src/main.c:226)
[32m07/25 16:23:05.084[0m: [[33mamf[0m] [1;33mERROR[0m: NG context has already been removed (../src/amf/nas-path.c:93)
[32m07/25 16:23:05.084[0m: [[33mgmm[0m] [1;33mERROR[0m: gmm_state_initial_context_setup: Expectation `r == OGS_OK' failed. (../src/amf/gmm-sm.c:2143)
[32m07/25 16:23:08.118[0m: [[33mthread[0m] [1;31mFATAL[0m: thread still running after 3 seconds (../lib/core/ogs-thread.c:129)
[32m07/25 16:23:08.118[0m: [[33mthread[0m] [1;31mFATAL[0m: ogs_thread_destroy: should not be reached. (../lib/core/ogs-thread.c:130)
[32m07/25 16:23:08.118[0m: [[33mcore[0m] [1;31mFATAL[0m: backtrace() returned 8 addresses (../lib/core/ogs-abort.c:37)
/opt/CoreCrisis/Corelearner/open5gs-2.6.6/build/tests/app/../../lib/core/libogscore.so.2(ogs_thread_destroy+0x1f0) [0x7fcc4b3adb00]
/opt/CoreCrisis/Corelearner/open5gs-2.6.6/build/tests/app/5gc(+0x4599) [0x561e13e20599]
/opt/CoreCrisis/Corelearner/open5gs-2.6.6/build/tests/app/5gc(+0x3fcd) [0x561e13e1ffcd]
/lib/x86_64-linux-gnu/libc.so.6(+0x468a7) [0x7fcc4af798a7]
/lib/x86_64-linux-gnu/libc.so.6(on_exit+0) [0x7fcc4af79a60]
/lib/x86_64-linux-gnu/libc.so.6(__libc_start_main+0xfa) [0x7fcc4af5708a]
/opt/CoreCrisis/Corelearner/open5gs-2.6.6/build/tests/app/5gc(+0x3efe) [0x561e13e1fefe]
