Open5GS daemon v2.6.6

[32m07/27 12:43:28.601[0m: [[33mapp[0m] [1;32mINFO[0m: Configuration: '/opt/CoreCrisis/Corelearner/open5gs-2.6.6/build/configs/sample.yaml' (../lib/app/ogs-init.c:126)
Open5GS daemon v2.6.6

[32m07/27 12:43:28.608[0m: [[33mapp[0m] [1;32mINFO[0m: Configuration: '/opt/CoreCrisis/Corelearner/open5gs-2.6.6/build/configs/sample.yaml' (../lib/app/ogs-init.c:126)
[32m07/27 12:43:28.613[0m: [[33msbi[0m] [1;32mINFO[0m: nghttp2_server() [http://127.0.0.10]:7777 (../lib/sbi/nghttp2-server.c:395)
[32m07/27 12:43:28.613[0m: [[33msbi[0m] [1;32mINFO[0m: nghttp2_server() [http://::1]:7777 (../lib/sbi/nghttp2-server.c:395)
[32m07/27 12:43:28.613[0m: [[33mapp[0m] [1;32mINFO[0m: NRF initialize...done (../src/nrf/app.c:31)
Open5GS daemon v2.6.6

[32m07/27 12:43:28.657[0m: [[33mapp[0m] [1;32mINFO[0m: Configuration: '/opt/CoreCrisis/Corelearner/open5gs-2.6.6/build/configs/sample.yaml' (../lib/app/ogs-init.c:126)
[32m07/27 12:43:28.663[0m: [[33msbi[0m] [1;32mINFO[0m: nghttp2_server() [http://127.0.1.10]:7777 (../lib/sbi/nghttp2-server.c:395)
[32m07/27 12:43:28.663[0m: [[33mapp[0m] [1;32mINFO[0m: SCP initialize...done (../src/scp/app.c:31)
[32m07/27 12:43:28.665[0m: [[33mnrf[0m] [1;32mINFO[0m: [b6395e88-8975-41f1-989e-89354b28873c] NF registered [Heartbeat:10s] (../src/nrf/nf-sm.c:190)
[32m07/27 12:43:28.665[0m: [[33msbi[0m] [1;32mINFO[0m: [b6395e88-8975-41f1-989e-89354b28873c] NF registered [Heartbeat:10s] (../lib/sbi/nf-sm.c:214)
[32m07/27 12:43:28.668[0m: [[33mnrf[0m] [1;32mINFO[0m: [b63ad42a-8975-41f1-9fec-d7aa65bb585b] Subscription created until 2026-07-28T12:43:28.668379+08:00 [validity_duration:86400] (../src/nrf/nnrf-handler.c:375)
[32m07/27 12:43:28.668[0m: [[33mnrf[0m] [1;32mINFO[0m: [b63ad8d0-8975-41f1-9fec-d7aa65bb585b] Subscription created until 2026-07-28T12:43:28.668491+08:00 [validity_duration:86400] (../src/nrf/nnrf-handler.c:375)
[32m07/27 12:43:28.668[0m: [[33mnrf[0m] [1;32mINFO[0m: [b63ada1a-8975-41f1-9fec-d7aa65bb585b] Subscription created until 2026-07-28T12:43:28.668523+08:00 [validity_duration:86400] (../src/nrf/nnrf-handler.c:375)
[32m07/27 12:43:28.668[0m: [[33mnrf[0m] [1;32mINFO[0m: [b63adb32-8975-41f1-9fec-d7aa65bb585b] Subscription created until 2026-07-28T12:43:28.668551+08:00 [validity_duration:86400] (../src/nrf/nnrf-handler.c:375)
[32m07/27 12:43:28.668[0m: [[33mnrf[0m] [1;32mINFO[0m: [b63adc36-8975-41f1-9fec-d7aa65bb585b] Subscription created until 2026-07-28T12:43:28.668576+08:00 [validity_duration:86400] (../src/nrf/nnrf-handler.c:375)
[32m07/27 12:43:28.668[0m: [[33mnrf[0m] [1;32mINFO[0m: [b63add44-8975-41f1-9fec-d7aa65bb585b] Subscription created until 2026-07-28T12:43:28.668603+08:00 [validity_duration:86400] (../src/nrf/nnrf-handler.c:375)
[32m07/27 12:43:28.668[0m: [[33mnrf[0m] [1;32mINFO[0m: [b63ade48-8975-41f1-9fec-d7aa65bb585b] Subscription created until 2026-07-28T12:43:28.668629+08:00 [validity_duration:86400] (../src/nrf/nnrf-handler.c:375)
[32m07/27 12:43:28.668[0m: [[33mnrf[0m] [1;32mINFO[0m: [b63adf38-8975-41f1-9fec-d7aa65bb585b] Subscription created until 2026-07-28T12:43:28.668654+08:00 [validity_duration:86400] (../src/nrf/nnrf-handler.c:375)
[32m07/27 12:43:28.668[0m: [[33msbi[0m] [1;32mINFO[0m: [b63ad42a-8975-41f1-9fec-d7aa65bb585b] Subscription created until 2026-07-28T12:43:28.668379+08:00 [duration:86400,validity:86399.999648,patch:43199.999824] (../lib/sbi/nnrf-handler.c:509)
[32m07/27 12:43:28.668[0m: [[33msbi[0m] [1;32mINFO[0m: [b63ad8d0-8975-41f1-9fec-d7aa65bb585b] Subscription created until 2026-07-28T12:43:28.668491+08:00 [duration:86400,validity:86399.999663,patch:43199.999831] (../lib/sbi/nnrf-handler.c:509)
[32m07/27 12:43:28.668[0m: [[33msbi[0m] [1;32mINFO[0m: [b63ada1a-8975-41f1-9fec-d7aa65bb585b] Subscription created until 2026-07-28T12:43:28.668523+08:00 [duration:86400,validity:86399.999681,patch:43199.999840] (../lib/sbi/nnrf-handler.c:509)
[32m07/27 12:43:28.668[0m: [[33msbi[0m] [1;32mINFO[0m: [b63adb32-8975-41f1-9fec-d7aa65bb585b] Subscription created until 2026-07-28T12:43:28.668551+08:00 [duration:86400,validity:86399.999655,patch:43199.999827] (../lib/sbi/nnrf-handler.c:509)
[32m07/27 12:43:28.668[0m: [[33msbi[0m] [1;32mINFO[0m: [b63adc36-8975-41f1-9fec-d7aa65bb585b] Subscription created until 2026-07-28T12:43:28.668576+08:00 [duration:86400,validity:86399.999582,patch:43199.999791] (../lib/sbi/nnrf-handler.c:509)
[32m07/27 12:43:28.669[0m: [[33msbi[0m] [1;32mINFO[0m: [b63add44-8975-41f1-9fec-d7aa65bb585b] Subscription created until 2026-07-28T12:43:28.668603+08:00 [duration:86400,validity:86399.999551,patch:43199.999775] (../lib/sbi/nnrf-handler.c:509)
[32m07/27 12:43:28.669[0m: [[33msbi[0m] [1;32mINFO[0m: [b63ade48-8975-41f1-9fec-d7aa65bb585b] Subscription created until 2026-07-28T12:43:28.668629+08:00 [duration:86400,validity:86399.999560,patch:43199.999780] (../lib/sbi/nnrf-handler.c:509)
[32m07/27 12:43:28.669[0m: [[33msbi[0m] [1;32mINFO[0m: [b63adf38-8975-41f1-9fec-d7aa65bb585b] Subscription created until 2026-07-28T12:43:28.668654+08:00 [duration:86400,validity:86399.999510,patch:43199.999755] (../lib/sbi/nnrf-handler.c:509)
Open5GS daemon v2.6.6

[32m07/27 12:43:28.724[0m: [[33mapp[0m] [1;32mINFO[0m: Configuration: '/opt/CoreCrisis/Corelearner/open5gs-2.6.6/build/configs/sample.yaml' (../lib/app/ogs-init.c:126)
[32m07/27 12:43:28.744[0m: [[33mmetrics[0m] [1;32mINFO[0m: metrics_server() [http://127.0.0.7]:9090 (../lib/metrics/prometheus/context.c:299)
[32m07/27 12:43:28.744[0m: [[33mpfcp[0m] [1;32mINFO[0m: pfcp_server() [127.0.0.7]:8805 (../lib/pfcp/path.c:30)
[32m07/27 12:43:28.744[0m: [[33mpfcp[0m] [1;32mINFO[0m: ogs_pfcp_connect() [127.0.0.4]:8805 (../lib/pfcp/path.c:61)
[32m07/27 12:43:28.744[0m: [[33mgtp[0m] [1;32mINFO[0m: gtp_server() [127.0.0.7]:2152 (../lib/gtp/path.c:30)
[32m07/27 12:43:28.746[0m: [[33mapp[0m] [1;32mINFO[0m: UPF initialize...done (../src/upf/app.c:31)
Open5GS daemon v2.6.6

[32m07/27 12:43:28.775[0m: [[33mapp[0m] [1;32mINFO[0m: Configuration: '/opt/CoreCrisis/Corelearner/open5gs-2.6.6/build/configs/sample.yaml' (../lib/app/ogs-init.c:126)
[32m07/27 12:43:28.797[0m: [[33mmetrics[0m] [1;32mINFO[0m: metrics_server() [http://127.0.0.4]:9090 (../lib/metrics/prometheus/context.c:299)
Open5GS daemon v2.6.6

[32m07/27 12:43:28.812[0m: [[33mapp[0m] [1;32mINFO[0m: Configuration: '/opt/CoreCrisis/Corelearner/open5gs-2.6.6/build/configs/sample.yaml' (../lib/app/ogs-init.c:126)
[32m07/27 12:43:28.814[0m: [[33mmetrics[0m] [1;32mINFO[0m: metrics_server() [http://127.0.0.5]:9090 (../lib/metrics/prometheus/context.c:299)
[32m07/27 12:43:28.814[0m: [[33msbi[0m] [1;32mINFO[0m: NF Service [namf-comm] (../lib/sbi/context.c:1438)
[32m07/27 12:43:28.819[0m: [[33msbi[0m] [1;32mINFO[0m: nghttp2_server() [http://127.0.0.5]:7777 (../lib/sbi/nghttp2-server.c:395)
[32m07/27 12:43:28.828[0m: [[33mamf[0m] [1;32mINFO[0m: ngap_server() [127.0.0.5]:38412 (../src/amf/ngap-sctp.c:61)
[32m07/27 12:43:28.828[0m: [[33msctp[0m] [1;32mINFO[0m: AMF initialize...done (../src/amf/app.c:33)
[32m07/27 12:43:28.829[0m: [[33mnrf[0m] [1;32mINFO[0m: [b650fb56-8975-41f1-9d6b-fdfaa4f5c5c7] NF registered [Heartbeat:10s] (../src/nrf/nf-sm.c:190)
[32m07/27 12:43:28.829[0m: [[33msbi[0m] [1;32mINFO[0m: [b650fb56-8975-41f1-9d6b-fdfaa4f5c5c7] (NRF-notify) NF registered (../lib/sbi/nnrf-handler.c:725)
[32m07/27 12:43:28.829[0m: [[33msbi[0m] [1;32mINFO[0m: [b650fb56-8975-41f1-9d6b-fdfaa4f5c5c7] (NRF-notify) NF Profile updated (../lib/sbi/nnrf-handler.c:735)
[32m07/27 12:43:28.829[0m: [[33mgtp[0m] [1;32mINFO[0m: gtp_server() [127.0.0.4]:2123 (../lib/gtp/path.c:30)
[32m07/27 12:43:28.829[0m: [[33mgtp[0m] [1;32mINFO[0m: gtp_server() [::1]:2123 (../lib/gtp/path.c:30)
[32m07/27 12:43:28.829[0m: [[33mgtp[0m] [1;32mINFO[0m: gtp_server() [127.0.0.4]:2152 (../lib/gtp/path.c:30)
[32m07/27 12:43:28.829[0m: [[33mgtp[0m] [1;32mINFO[0m: gtp_server() [::1]:2152 (../lib/gtp/path.c:30)
[32m07/27 12:43:28.829[0m: [[33mpfcp[0m] [1;32mINFO[0m: pfcp_server() [127.0.0.4]:8805 (../lib/pfcp/path.c:30)
[32m07/27 12:43:28.829[0m: [[33mpfcp[0m] [1;32mINFO[0m: ogs_pfcp_connect() [127.0.0.7]:8805 (../lib/pfcp/path.c:61)
[32m07/27 12:43:28.830[0m: [[33msbi[0m] [1;32mINFO[0m: NF Service [nsmf-pdusession] (../lib/sbi/context.c:1438)
[32m07/27 12:43:28.830[0m: [[33msbi[0m] [1;32mINFO[0m: nghttp2_server() [http://127.0.0.4]:7777 (../lib/sbi/nghttp2-server.c:395)
[32m07/27 12:43:28.830[0m: [[33msbi[0m] [1;32mINFO[0m: [b650fb56-8975-41f1-9d6b-fdfaa4f5c5c7] NF registered [Heartbeat:10s] (../lib/sbi/nf-sm.c:214)
[32m07/27 12:43:28.830[0m: [[33mupf[0m] [1;32mINFO[0m: PFCP associated [127.0.0.4]:8805 (../src/upf/pfcp-sm.c:184)
[32m07/27 12:43:28.830[0m: [[33mapp[0m] [1;32mINFO[0m: SMF initialize...done (../src/smf/app.c:31)
[32m07/27 12:43:28.831[0m: [[33mnrf[0m] [1;32mINFO[0m: [b653ab6c-8975-41f1-9fec-d7aa65bb585b] Subscription created until 2026-07-28T12:43:28.831182+08:00 [validity_duration:86400] (../src/nrf/nnrf-handler.c:375)
[32m07/27 12:43:28.831[0m: [[33mnrf[0m] [1;32mINFO[0m: [b653ada6-8975-41f1-9fec-d7aa65bb585b] Subscription created until 2026-07-28T12:43:28.831226+08:00 [validity_duration:86400] (../src/nrf/nnrf-handler.c:375)
[32m07/27 12:43:28.831[0m: [[33mnrf[0m] [1;32mINFO[0m: [b653aebe-8975-41f1-9fec-d7aa65bb585b] Subscription created until 2026-07-28T12:43:28.831254+08:00 [validity_duration:86400] (../src/nrf/nnrf-handler.c:375)
[32m07/27 12:43:28.831[0m: [[33mnrf[0m] [1;32mINFO[0m: [b653afd6-8975-41f1-9fec-d7aa65bb585b] Subscription created until 2026-07-28T12:43:28.831280+08:00 [validity_duration:86400] (../src/nrf/nnrf-handler.c:375)
[32m07/27 12:43:28.831[0m: [[33mnrf[0m] [1;32mINFO[0m: [b653b0e4-8975-41f1-9fec-d7aa65bb585b] Subscription created until 2026-07-28T12:43:28.831307+08:00 [validity_duration:86400] (../src/nrf/nnrf-handler.c:375)
[32m07/27 12:43:28.831[0m: [[33mnrf[0m] [1;32mINFO[0m: [b653b1f2-8975-41f1-9fec-d7aa65bb585b] Subscription created until 2026-07-28T12:43:28.831334+08:00 [validity_duration:86400] (../src/nrf/nnrf-handler.c:375)
[32m07/27 12:43:28.831[0m: [[33msmf[0m] [1;32mINFO[0m: PFCP associated [127.0.0.7]:8805 (../src/smf/pfcp-sm.c:196)
[32m07/27 12:43:28.832[0m: [[33mnrf[0m] [1;32mINFO[0m: [b64e2606-8975-41f1-a613-f34051aaaf41] NF registered [Heartbeat:10s] (../src/nrf/nf-sm.c:190)
[32m07/27 12:43:28.832[0m: [[33msbi[0m] [1;32mINFO[0m: [b64e2606-8975-41f1-a613-f34051aaaf41] (NRF-notify) NF registered (../lib/sbi/nnrf-handler.c:725)
[32m07/27 12:43:28.832[0m: [[33msbi[0m] [1;32mINFO[0m: [b64e2606-8975-41f1-a613-f34051aaaf41] (NRF-notify) NF Profile updated (../lib/sbi/nnrf-handler.c:735)
[32m07/27 12:43:28.832[0m: [[33msbi[0m] [1;32mINFO[0m: [b64e2606-8975-41f1-a613-f34051aaaf41] NF registered [Heartbeat:10s] (../lib/sbi/nf-sm.c:214)
[32m07/27 12:43:28.832[0m: [[33msbi[0m] [1;32mINFO[0m: [b653ab6c-8975-41f1-9fec-d7aa65bb585b] Subscription created until 2026-07-28T12:43:28.831182+08:00 [duration:86400,validity:86399.998639,patch:43199.999319] (../lib/sbi/nnrf-handler.c:509)
[32m07/27 12:43:28.832[0m: [[33msbi[0m] [1;32mINFO[0m: [b653ada6-8975-41f1-9fec-d7aa65bb585b] Subscription created until 2026-07-28T12:43:28.831226+08:00 [duration:86400,validity:86399.998603,patch:43199.999301] (../lib/sbi/nnrf-handler.c:509)
[32m07/27 12:43:28.832[0m: [[33msbi[0m] [1;32mINFO[0m: [b64e2606-8975-41f1-a613-f34051aaaf41] (NRF-notify) NF registered (../lib/sbi/nnrf-handler.c:725)
[32m07/27 12:43:28.832[0m: [[33msbi[0m] [1;32mINFO[0m: [b64e2606-8975-41f1-a613-f34051aaaf41] (NRF-notify) NF Profile updated (../lib/sbi/nnrf-handler.c:735)
[32m07/27 12:43:28.832[0m: [[33msbi[0m] [1;32mINFO[0m: [b653aebe-8975-41f1-9fec-d7aa65bb585b] Subscription created until 2026-07-28T12:43:28.831254+08:00 [duration:86400,validity:86399.998408,patch:43199.999204] (../lib/sbi/nnrf-handler.c:509)
[32m07/27 12:43:28.832[0m: [[33msbi[0m] [1;32mINFO[0m: [b653afd6-8975-41f1-9fec-d7aa65bb585b] Subscription created until 2026-07-28T12:43:28.831280+08:00 [duration:86400,validity:86399.998339,patch:43199.999169] (../lib/sbi/nnrf-handler.c:509)
[32m07/27 12:43:28.832[0m: [[33mnrf[0m] [1;32mINFO[0m: [b653ebea-8975-41f1-9fec-d7aa65bb585b] Subscription created until 2026-07-28T12:43:28.832841+08:00 [validity_duration:86400] (../src/nrf/nnrf-handler.c:375)
[32m07/27 12:43:28.832[0m: [[33msbi[0m] [1;32mINFO[0m: [b653b0e4-8975-41f1-9fec-d7aa65bb585b] Subscription created until 2026-07-28T12:43:28.831307+08:00 [duration:86400,validity:86399.998317,patch:43199.999158] (../lib/sbi/nnrf-handler.c:509)
[32m07/27 12:43:28.833[0m: [[33msbi[0m] [1;32mINFO[0m: [b653b1f2-8975-41f1-9fec-d7aa65bb585b] Subscription created until 2026-07-28T12:43:28.831334+08:00 [duration:86400,validity:86399.998313,patch:43199.999156] (../lib/sbi/nnrf-handler.c:509)
[32m07/27 12:43:28.833[0m: [[33msbi[0m] [1;32mINFO[0m: [b653ebea-8975-41f1-9fec-d7aa65bb585b] Subscription created until 2026-07-28T12:43:28.832841+08:00 [duration:86400,validity:86399.999573,patch:43199.999786] (../lib/sbi/nnrf-handler.c:509)
[32m07/27 12:43:28.833[0m: [[33mnrf[0m] [1;32mINFO[0m: [b65400bc-8975-41f1-9fec-d7aa65bb585b] Subscription created until 2026-07-28T12:43:28.833355+08:00 [validity_duration:86400] (../src/nrf/nnrf-handler.c:375)
[32m07/27 12:43:28.833[0m: [[33mnrf[0m] [1;32mINFO[0m: [b654021a-8975-41f1-9fec-d7aa65bb585b] Subscription created until 2026-07-28T12:43:28.833388+08:00 [validity_duration:86400] (../src/nrf/nnrf-handler.c:375)
[32m07/27 12:43:28.833[0m: [[33mnrf[0m] [1;32mINFO[0m: [b65402ec-8975-41f1-9fec-d7aa65bb585b] Subscription created until 2026-07-28T12:43:28.833408+08:00 [validity_duration:86400] (../src/nrf/nnrf-handler.c:375)
[32m07/27 12:43:28.833[0m: [[33msbi[0m] [1;32mINFO[0m: [b65400bc-8975-41f1-9fec-d7aa65bb585b] Subscription created until 2026-07-28T12:43:28.833355+08:00 [duration:86400,validity:86399.999592,patch:43199.999796] (../lib/sbi/nnrf-handler.c:509)
[32m07/27 12:43:28.833[0m: [[33msbi[0m] [1;32mINFO[0m: [b654021a-8975-41f1-9fec-d7aa65bb585b] Subscription created until 2026-07-28T12:43:28.833388+08:00 [duration:86400,validity:86399.999609,patch:43199.999804] (../lib/sbi/nnrf-handler.c:509)
[32m07/27 12:43:28.833[0m: [[33msbi[0m] [1;32mINFO[0m: [b65402ec-8975-41f1-9fec-d7aa65bb585b] Subscription created until 2026-07-28T12:43:28.833408+08:00 [duration:86400,validity:86399.999598,patch:43199.999799] (../lib/sbi/nnrf-handler.c:509)
Open5GS daemon v2.6.6

[32m07/27 12:43:28.858[0m: [[33mapp[0m] [1;32mINFO[0m: Configuration: '/opt/CoreCrisis/Corelearner/open5gs-2.6.6/build/configs/sample.yaml' (../lib/app/ogs-init.c:126)
[32m07/27 12:43:28.859[0m: [[33msbi[0m] [1;32mINFO[0m: NF Service [nausf-auth] (../lib/sbi/context.c:1438)
[32m07/27 12:43:28.859[0m: [[33msbi[0m] [1;32mINFO[0m: nghttp2_server() [http://127.0.0.11]:7777 (../lib/sbi/nghttp2-server.c:395)
[32m07/27 12:43:28.859[0m: [[33mapp[0m] [1;32mINFO[0m: AUSF initialize...done (../src/ausf/app.c:31)
[32m07/27 12:43:28.859[0m: [[33mnrf[0m] [1;32mINFO[0m: [b657f654-8975-41f1-8365-b3607f0d568d] NF registered [Heartbeat:10s] (../src/nrf/nf-sm.c:190)
[32m07/27 12:43:28.859[0m: [[33msbi[0m] [1;32mINFO[0m: [b657f654-8975-41f1-8365-b3607f0d568d] (NRF-notify) NF registered (../lib/sbi/nnrf-handler.c:725)
[32m07/27 12:43:28.860[0m: [[33msbi[0m] [1;32mINFO[0m: [b657f654-8975-41f1-8365-b3607f0d568d] (NRF-notify) NF Profile updated (../lib/sbi/nnrf-handler.c:735)
[32m07/27 12:43:28.860[0m: [[33msbi[0m] [1;32mINFO[0m: [b657f654-8975-41f1-8365-b3607f0d568d] (NRF-notify) NF registered (../lib/sbi/nnrf-handler.c:725)
[32m07/27 12:43:28.860[0m: [[33msbi[0m] [1;32mINFO[0m: [b657f654-8975-41f1-8365-b3607f0d568d] (NRF-notify) NF Profile updated (../lib/sbi/nnrf-handler.c:735)
[32m07/27 12:43:28.860[0m: [[33msbi[0m] [1;32mINFO[0m: [b657f654-8975-41f1-8365-b3607f0d568d] NF registered [Heartbeat:10s] (../lib/sbi/nf-sm.c:214)
[32m07/27 12:43:28.860[0m: [[33mnrf[0m] [1;32mINFO[0m: [b65825e8-8975-41f1-9fec-d7aa65bb585b] Subscription created until 2026-07-28T12:43:28.860530+08:00 [validity_duration:86400] (../src/nrf/nnrf-handler.c:375)
[32m07/27 12:43:28.860[0m: [[33msbi[0m] [1;32mINFO[0m: [b65825e8-8975-41f1-9fec-d7aa65bb585b] Subscription created until 2026-07-28T12:43:28.860530+08:00 [duration:86400,validity:86399.999817,patch:43199.999908] (../lib/sbi/nnrf-handler.c:509)
Open5GS daemon v2.6.6

[32m07/27 12:43:28.908[0m: [[33mapp[0m] [1;32mINFO[0m: Configuration: '/opt/CoreCrisis/Corelearner/open5gs-2.6.6/build/configs/sample.yaml' (../lib/app/ogs-init.c:126)
[32m07/27 12:43:28.912[0m: [[33msbi[0m] [1;32mINFO[0m: NF Service [nudm-ueau] (../lib/sbi/context.c:1438)
[32m07/27 12:43:28.912[0m: [[33msbi[0m] [1;32mINFO[0m: NF Service [nudm-uecm] (../lib/sbi/context.c:1438)
[32m07/27 12:43:28.912[0m: [[33msbi[0m] [1;32mINFO[0m: NF Service [nudm-sdm] (../lib/sbi/context.c:1438)
[32m07/27 12:43:28.912[0m: [[33msbi[0m] [1;32mINFO[0m: nghttp2_server() [http://127.0.0.12]:7777 (../lib/sbi/nghttp2-server.c:395)
[32m07/27 12:43:28.912[0m: [[33mapp[0m] [1;32mINFO[0m: UDM initialize...done (../src/udm/app.c:31)
[32m07/27 12:43:28.912[0m: [[33mnrf[0m] [1;32mINFO[0m: [b65fac78-8975-41f1-9c42-a76f1b255d0d] NF registered [Heartbeat:10s] (../src/nrf/nf-sm.c:190)
[32m07/27 12:43:28.912[0m: [[33msbi[0m] [1;32mINFO[0m: [b65fac78-8975-41f1-9c42-a76f1b255d0d] (NRF-notify) NF registered (../lib/sbi/nnrf-handler.c:725)
[32m07/27 12:43:28.912[0m: [[33msbi[0m] [1;32mINFO[0m: [b65fac78-8975-41f1-9c42-a76f1b255d0d] (NRF-notify) NF Profile updated (../lib/sbi/nnrf-handler.c:735)
[32m07/27 12:43:28.913[0m: [[33msbi[0m] [1;32mINFO[0m: [b65fac78-8975-41f1-9c42-a76f1b255d0d] (NRF-notify) NF registered (../lib/sbi/nnrf-handler.c:725)
[32m07/27 12:43:28.913[0m: [[33msbi[0m] [1;32mINFO[0m: [b65fac78-8975-41f1-9c42-a76f1b255d0d] (NRF-notify) NF Profile updated (../lib/sbi/nnrf-handler.c:735)
[32m07/27 12:43:28.913[0m: [[33msbi[0m] [1;36mWARNING[0m: [b65fac78-8975-41f1-9c42-a76f1b255d0d] (NRF-notify) NF has already been added (../lib/sbi/nnrf-handler.c:729)
[32m07/27 12:43:28.913[0m: [[33msbi[0m] [1;32mINFO[0m: [b65fac78-8975-41f1-9c42-a76f1b255d0d] (NRF-notify) NF Profile updated (../lib/sbi/nnrf-handler.c:735)
[32m07/27 12:43:28.913[0m: [[33msbi[0m] [1;36mWARNING[0m: NF EndPoint updated [127.0.0.12:80] (../lib/sbi/context.c:1623)
[32m07/27 12:43:28.913[0m: [[33msbi[0m] [1;36mWARNING[0m: NF EndPoint updated [127.0.0.12:7777] (../lib/sbi/context.c:1532)
[32m07/27 12:43:28.913[0m: [[33msbi[0m] [1;32mINFO[0m: [b65fac78-8975-41f1-9c42-a76f1b255d0d] (NRF-notify) NF registered (../lib/sbi/nnrf-handler.c:725)
[32m07/27 12:43:28.913[0m: [[33msbi[0m] [1;32mINFO[0m: [b65fac78-8975-41f1-9c42-a76f1b255d0d] (NRF-notify) NF Profile updated (../lib/sbi/nnrf-handler.c:735)
[32m07/27 12:43:28.913[0m: [[33msbi[0m] [1;32mINFO[0m: [b65fac78-8975-41f1-9c42-a76f1b255d0d] (NRF-notify) NF registered (../lib/sbi/nnrf-handler.c:725)
[32m07/27 12:43:28.913[0m: [[33msbi[0m] [1;32mINFO[0m: [b65fac78-8975-41f1-9c42-a76f1b255d0d] (NRF-notify) NF Profile updated (../lib/sbi/nnrf-handler.c:735)
[32m07/27 12:43:28.913[0m: [[33msbi[0m] [1;36mWARNING[0m: [b65fac78-8975-41f1-9c42-a76f1b255d0d] (NRF-notify) NF has already been added (../lib/sbi/nnrf-handler.c:729)
[32m07/27 12:43:28.913[0m: [[33msbi[0m] [1;32mINFO[0m: [b65fac78-8975-41f1-9c42-a76f1b255d0d] (NRF-notify) NF Profile updated (../lib/sbi/nnrf-handler.c:735)
[32m07/27 12:43:28.913[0m: [[33msbi[0m] [1;36mWARNING[0m: NF EndPoint updated [127.0.0.12:80] (../lib/sbi/context.c:1623)
[32m07/27 12:43:28.913[0m: [[33msbi[0m] [1;36mWARNING[0m: NF EndPoint updated [127.0.0.12:7777] (../lib/sbi/context.c:1532)
[32m07/27 12:43:28.913[0m: [[33msbi[0m] [1;32mINFO[0m: [b65fac78-8975-41f1-9c42-a76f1b255d0d] NF registered [Heartbeat:10s] (../lib/sbi/nf-sm.c:214)
[32m07/27 12:43:28.914[0m: [[33mnrf[0m] [1;32mINFO[0m: [b6605286-8975-41f1-9fec-d7aa65bb585b] Subscription created until 2026-07-28T12:43:28.914108+08:00 [validity_duration:86400] (../src/nrf/nnrf-handler.c:375)
[32m07/27 12:43:28.914[0m: [[33msbi[0m] [1;32mINFO[0m: [b6605286-8975-41f1-9fec-d7aa65bb585b] Subscription created until 2026-07-28T12:43:28.914108+08:00 [duration:86400,validity:86399.999789,patch:43199.999894] (../lib/sbi/nnrf-handler.c:509)
Open5GS daemon v2.6.6

[32m07/27 12:43:28.961[0m: [[33mapp[0m] [1;32mINFO[0m: Configuration: '/opt/CoreCrisis/Corelearner/open5gs-2.6.6/build/configs/sample.yaml' (../lib/app/ogs-init.c:126)
[32m07/27 12:43:28.962[0m: [[33mmetrics[0m] [1;32mINFO[0m: metrics_server() [http://127.0.0.13]:9090 (../lib/metrics/prometheus/context.c:299)
[32m07/27 12:43:28.963[0m: [[33mdbi[0m] [1;32mINFO[0m: MongoDB URI: 'mongodb://localhost/open5gs' (../lib/dbi/ogs-mongoc.c:130)
[32m07/27 12:43:28.963[0m: [[33msbi[0m] [1;32mINFO[0m: NF Service [npcf-am-policy-control] (../lib/sbi/context.c:1438)
[32m07/27 12:43:28.963[0m: [[33msbi[0m] [1;32mINFO[0m: NF Service [npcf-smpolicycontrol] (../lib/sbi/context.c:1438)
[32m07/27 12:43:28.963[0m: [[33msbi[0m] [1;32mINFO[0m: NF Service [npcf-policyauthorization] (../lib/sbi/context.c:1438)
[32m07/27 12:43:28.963[0m: [[33msbi[0m] [1;32mINFO[0m: nghttp2_server() [http://127.0.0.13]:7777 (../lib/sbi/nghttp2-server.c:395)
[32m07/27 12:43:28.963[0m: [[33mapp[0m] [1;32mINFO[0m: PCF initialize...done (../src/pcf/app.c:31)
[32m07/27 12:43:28.964[0m: [[33mnrf[0m] [1;32mINFO[0m: [b667a3ce-8975-41f1-b5b5-fb369d0d75fa] NF registered [Heartbeat:10s] (../src/nrf/nf-sm.c:190)
[32m07/27 12:43:28.964[0m: [[33msbi[0m] [1;32mINFO[0m: [b667a3ce-8975-41f1-b5b5-fb369d0d75fa] (NRF-notify) NF registered (../lib/sbi/nnrf-handler.c:725)
[32m07/27 12:43:28.964[0m: [[33msbi[0m] [1;32mINFO[0m: [b667a3ce-8975-41f1-b5b5-fb369d0d75fa] (NRF-notify) NF Profile updated (../lib/sbi/nnrf-handler.c:735)
[32m07/27 12:43:28.964[0m: [[33msbi[0m] [1;32mINFO[0m: [b667a3ce-8975-41f1-b5b5-fb369d0d75fa] (NRF-notify) NF registered (../lib/sbi/nnrf-handler.c:725)
[32m07/27 12:43:28.964[0m: [[33msbi[0m] [1;32mINFO[0m: [b667a3ce-8975-41f1-b5b5-fb369d0d75fa] (NRF-notify) NF Profile updated (../lib/sbi/nnrf-handler.c:735)
[32m07/27 12:43:28.964[0m: [[33msbi[0m] [1;32mINFO[0m: [b667a3ce-8975-41f1-b5b5-fb369d0d75fa] (NRF-notify) NF registered (../lib/sbi/nnrf-handler.c:725)
[32m07/27 12:43:28.964[0m: [[33msbi[0m] [1;32mINFO[0m: [b667a3ce-8975-41f1-b5b5-fb369d0d75fa] (NRF-notify) NF Profile updated (../lib/sbi/nnrf-handler.c:735)
[32m07/27 12:43:28.964[0m: [[33msbi[0m] [1;32mINFO[0m: [b667a3ce-8975-41f1-b5b5-fb369d0d75fa] NF registered [Heartbeat:10s] (../lib/sbi/nf-sm.c:214)
[32m07/27 12:43:28.964[0m: [[33mnrf[0m] [1;32mINFO[0m: [b6681304-8975-41f1-9fec-d7aa65bb585b] Subscription created until 2026-07-28T12:43:28.964906+08:00 [validity_duration:86400] (../src/nrf/nnrf-handler.c:375)
[32m07/27 12:43:28.964[0m: [[33mnrf[0m] [1;32mINFO[0m: [b668169c-8975-41f1-9fec-d7aa65bb585b] Subscription created until 2026-07-28T12:43:28.964985+08:00 [validity_duration:86400] (../src/nrf/nnrf-handler.c:375)
[32m07/27 12:43:28.965[0m: [[33msbi[0m] [1;32mINFO[0m: [b6681304-8975-41f1-9fec-d7aa65bb585b] Subscription created until 2026-07-28T12:43:28.964906+08:00 [duration:86400,validity:86399.999666,patch:43199.999833] (../lib/sbi/nnrf-handler.c:509)
[32m07/27 12:43:28.965[0m: [[33msbi[0m] [1;32mINFO[0m: [b668169c-8975-41f1-9fec-d7aa65bb585b] Subscription created until 2026-07-28T12:43:28.964985+08:00 [duration:86400,validity:86399.999728,patch:43199.999864] (../lib/sbi/nnrf-handler.c:509)
Open5GS daemon v2.6.6

[32m07/27 12:43:29.008[0m: [[33mapp[0m] [1;32mINFO[0m: Configuration: '/opt/CoreCrisis/Corelearner/open5gs-2.6.6/build/configs/sample.yaml' (../lib/app/ogs-init.c:126)
[32m07/27 12:43:29.009[0m: [[33msbi[0m] [1;32mINFO[0m: NF Service [nnssf-nsselection] (../lib/sbi/context.c:1438)
[32m07/27 12:43:29.009[0m: [[33msbi[0m] [1;32mINFO[0m: nghttp2_server() [http://127.0.0.14]:7777 (../lib/sbi/nghttp2-server.c:395)
[32m07/27 12:43:29.009[0m: [[33mapp[0m] [1;32mINFO[0m: NSSF initialize...done (../src/nssf/app.c:31)
[32m07/27 12:43:29.010[0m: [[33mnrf[0m] [1;32mINFO[0m: [b66ee670-8975-41f1-9788-5f71b9ab438c] NF registered [Heartbeat:10s] (../src/nrf/nf-sm.c:190)
[32m07/27 12:43:29.010[0m: [[33msbi[0m] [1;32mINFO[0m: [b66ee670-8975-41f1-9788-5f71b9ab438c] (NRF-notify) NF registered (../lib/sbi/nnrf-handler.c:725)
[32m07/27 12:43:29.010[0m: [[33msbi[0m] [1;32mINFO[0m: [b66ee670-8975-41f1-9788-5f71b9ab438c] (NRF-notify) NF Profile updated (../lib/sbi/nnrf-handler.c:735)
[32m07/27 12:43:29.010[0m: [[33msbi[0m] [1;32mINFO[0m: [b66ee670-8975-41f1-9788-5f71b9ab438c] (NRF-notify) NF registered (../lib/sbi/nnrf-handler.c:725)
[32m07/27 12:43:29.010[0m: [[33msbi[0m] [1;32mINFO[0m: [b66ee670-8975-41f1-9788-5f71b9ab438c] (NRF-notify) NF Profile updated (../lib/sbi/nnrf-handler.c:735)
[32m07/27 12:43:29.010[0m: [[33msbi[0m] [1;32mINFO[0m: [b66ee670-8975-41f1-9788-5f71b9ab438c] NF registered [Heartbeat:10s] (../lib/sbi/nf-sm.c:214)
Open5GS daemon v2.6.6

[32m07/27 12:43:29.058[0m: [[33mapp[0m] [1;32mINFO[0m: Configuration: '/opt/CoreCrisis/Corelearner/open5gs-2.6.6/build/configs/sample.yaml' (../lib/app/ogs-init.c:126)
[32m07/27 12:43:29.059[0m: [[33msbi[0m] [1;32mINFO[0m: NF Service [nbsf-management] (../lib/sbi/context.c:1438)
[32m07/27 12:43:29.059[0m: [[33msbi[0m] [1;32mINFO[0m: nghttp2_server() [http://127.0.0.15]:7777 (../lib/sbi/nghttp2-server.c:395)
[32m07/27 12:43:29.059[0m: [[33mapp[0m] [1;32mINFO[0m: BSF initialize...done (../src/bsf/app.c:31)
[32m07/27 12:43:29.060[0m: [[33mnrf[0m] [1;32mINFO[0m: [b6768ae2-8975-41f1-adc7-69ea926f4b50] NF registered [Heartbeat:10s] (../src/nrf/nf-sm.c:190)
[32m07/27 12:43:29.060[0m: [[33msbi[0m] [1;32mINFO[0m: [b6768ae2-8975-41f1-adc7-69ea926f4b50] (NRF-notify) NF registered (../lib/sbi/nnrf-handler.c:725)
[32m07/27 12:43:29.060[0m: [[33msbi[0m] [1;32mINFO[0m: [b6768ae2-8975-41f1-adc7-69ea926f4b50] (NRF-notify) NF Profile updated (../lib/sbi/nnrf-handler.c:735)
[32m07/27 12:43:29.060[0m: [[33msbi[0m] [1;32mINFO[0m: [b6768ae2-8975-41f1-adc7-69ea926f4b50] NF registered [Heartbeat:10s] (../lib/sbi/nf-sm.c:214)
[32m07/27 12:43:29.060[0m: [[33msbi[0m] [1;32mINFO[0m: [b6768ae2-8975-41f1-adc7-69ea926f4b50] (NRF-notify) NF registered (../lib/sbi/nnrf-handler.c:725)
[32m07/27 12:43:29.060[0m: [[33msbi[0m] [1;32mINFO[0m: [b6768ae2-8975-41f1-adc7-69ea926f4b50] (NRF-notify) NF Profile updated (../lib/sbi/nnrf-handler.c:735)
Open5GS daemon v2.6.6

[32m07/27 12:43:29.112[0m: [[33mapp[0m] [1;32mINFO[0m: Configuration: '/opt/CoreCrisis/Corelearner/open5gs-2.6.6/build/configs/sample.yaml' (../lib/app/ogs-init.c:126)
[32m07/27 12:43:29.113[0m: [[33mdbi[0m] [1;32mINFO[0m: MongoDB URI: 'mongodb://localhost/open5gs' (../lib/dbi/ogs-mongoc.c:130)
[32m07/27 12:43:29.113[0m: [[33msbi[0m] [1;32mINFO[0m: NF Service [nudr-dr] (../lib/sbi/context.c:1438)
[32m07/27 12:43:29.113[0m: [[33msbi[0m] [1;32mINFO[0m: nghttp2_server() [http://127.0.0.20]:7777 (../lib/sbi/nghttp2-server.c:395)
[32m07/27 12:43:29.113[0m: [[33mapp[0m] [1;32mINFO[0m: UDR initialize...done (../src/udr/app.c:31)
[32m07/27 12:43:29.114[0m: [[33mnrf[0m] [1;32mINFO[0m: [b67eab28-8975-41f1-ab9f-e342e839c03b] NF registered [Heartbeat:10s] (../src/nrf/nf-sm.c:190)
[32m07/27 12:43:29.114[0m: [[33msbi[0m] [1;32mINFO[0m: [b67eab28-8975-41f1-ab9f-e342e839c03b] (NRF-notify) NF registered (../lib/sbi/nnrf-handler.c:725)
[32m07/27 12:43:29.114[0m: [[33msbi[0m] [1;32mINFO[0m: [b67eab28-8975-41f1-ab9f-e342e839c03b] (NRF-notify) NF Profile updated (../lib/sbi/nnrf-handler.c:735)
[32m07/27 12:43:29.114[0m: [[33msbi[0m] [1;32mINFO[0m: [b67eab28-8975-41f1-ab9f-e342e839c03b] (NRF-notify) NF registered (../lib/sbi/nnrf-handler.c:725)
[32m07/27 12:43:29.114[0m: [[33msbi[0m] [1;32mINFO[0m: [b67eab28-8975-41f1-ab9f-e342e839c03b] (NRF-notify) NF Profile updated (../lib/sbi/nnrf-handler.c:735)
[32m07/27 12:43:29.114[0m: [[33msbi[0m] [1;32mINFO[0m: [b67eab28-8975-41f1-ab9f-e342e839c03b] (NRF-notify) NF registered (../lib/sbi/nnrf-handler.c:725)
[32m07/27 12:43:29.114[0m: [[33msbi[0m] [1;32mINFO[0m: [b67eab28-8975-41f1-ab9f-e342e839c03b] (NRF-notify) NF Profile updated (../lib/sbi/nnrf-handler.c:735)
[32m07/27 12:43:29.114[0m: [[33msbi[0m] [1;32mINFO[0m: [b67eab28-8975-41f1-ab9f-e342e839c03b] NF registered [Heartbeat:10s] (../lib/sbi/nf-sm.c:214)
[32m07/27 12:43:31.247[0m: [[33msmf[0m] [1;36mWARNING[0m: PFCP[REQ] has already been associated [127.0.0.7]:8805 (../src/smf/pfcp-sm.c:292)
[32m07/27 12:43:31.248[0m: [[33mupf[0m] [1;36mWARNING[0m: PFCP[RSP] has already been associated [127.0.0.4]:8805 (../src/upf/pfcp-sm.c:277)
[32m07/27 12:43:34.529[0m: [[33mamf[0m] [1;32mINFO[0m: gNB-N2 accepted[127.0.0.1]:52886 in ng-path module (../src/amf/ngap-sctp.c:113)
[32m07/27 12:43:34.529[0m: [[33mamf[0m] [1;32mINFO[0m: gNB-N2 accepted[127.0.0.1] in master_sm module (../src/amf/amf-sm.c:741)
[32m07/27 12:43:34.529[0m: [[33mamf[0m] [1;32mINFO[0m: [Added] Number of gNBs is now 1 (../src/amf/context.c:1185)
[32m07/27 12:43:34.529[0m: [[33mamf[0m] [1;32mINFO[0m: gNB-N2[127.0.0.1] max_num_of_ostreams : 10 (../src/amf/amf-sm.c:780)
[32m07/27 12:43:39.743[0m: [[33mamf[0m] [1;32mINFO[0m: InitialUEMessage (../src/amf/ngap-handler.c:401)
[32m07/27 12:43:39.743[0m: [[33mamf[0m] [1;32mINFO[0m: [Added] Number of gNB-UEs is now 1 (../src/amf/context.c:2523)
[32m07/27 12:43:39.743[0m: [[33mamf[0m] [1;32mINFO[0m:     RAN_UE_NGAP_ID[1] AMF_UE_NGAP_ID[1] TAC[1] CellID[0x10] (../src/amf/ngap-handler.c:562)
[32m07/27 12:43:39.744[0m: [[33mamf[0m] [1;32mINFO[0m: [suci-0-999-70-0000-0-0-0000000001] Unknown UE by SUCI (../src/amf/context.c:1789)
[32m07/27 12:43:39.744[0m: [[33mamf[0m] [1;32mINFO[0m: [Added] Number of AMF-UEs is now 1 (../src/amf/context.c:1570)
[32m07/27 12:43:39.744[0m: [[33mgmm[0m] [1;32mINFO[0m: Registration request (../src/amf/gmm-sm.c:1061)
[32m07/27 12:43:39.744[0m: [[33mgmm[0m] [1;32mINFO[0m: [suci-0-999-70-0000-0-0-0000000001]    SUCI (../src/amf/gmm-handler.c:157)
[32m07/27 12:43:41.265[0m: [[33mgmm[0m] [1;32mINFO[0m: [imsi-999700000000001] Registration complete (../src/amf/gmm-sm.c:1993)
[32m07/27 12:43:41.265[0m: [[33mamf[0m] [1;32mINFO[0m: [imsi-999700000000001] Configuration update command (../src/amf/nas-path.c:612)
[32m07/27 12:43:41.265[0m: [[33mgmm[0m] [1;32mINFO[0m:     UTC [2026-07-27T04:43:41] Timezone[0]/DST[0] (../src/amf/gmm-build.c:558)
[32m07/27 12:43:41.265[0m: [[33mgmm[0m] [1;32mINFO[0m:     LOCAL [2026-07-27T12:43:41] Timezone[28800]/DST[0] (../src/amf/gmm-build.c:563)
[32m07/27 12:43:41.766[0m: [[33mgmm[0m] [1;32mINFO[0m: [imsi-999700000000001] Deregistration request (../src/amf/gmm-sm.c:1272)
[32m07/27 12:43:41.766[0m: [[33mgmm[0m] [1;32mINFO[0m: [suci-0-999-70-0000-0-0-0000000001]    SUCI (../src/amf/gmm-handler.c:798)
[32m07/27 12:43:41.767[0m: [[33mamf[0m] [1;32mINFO[0m: UE Context Release [Action:2] (../src/amf/ngap-handler.c:1677)
[32m07/27 12:43:41.767[0m: [[33mamf[0m] [1;32mINFO[0m:     RAN_UE_NGAP_ID[1] AMF_UE_NGAP_ID[1] (../src/amf/ngap-handler.c:1678)
[32m07/27 12:43:41.767[0m: [[33mamf[0m] [1;32mINFO[0m:     SUCI[suci-0-999-70-0000-0-0-0000000001] (../src/amf/ngap-handler.c:1681)
[32m07/27 12:43:41.767[0m: [[33mamf[0m] [1;32mINFO[0m: [Removed] Number of gNB-UEs is now 0 (../src/amf/context.c:2530)
[32m07/27 12:43:43.268[0m: [[33mamf[0m] [1;32mINFO[0m: InitialUEMessage (../src/amf/ngap-handler.c:401)
[32m07/27 12:43:43.268[0m: [[33mamf[0m] [1;32mINFO[0m: [Added] Number of gNB-UEs is now 1 (../src/amf/context.c:2523)
[32m07/27 12:43:43.268[0m: [[33mamf[0m] [1;32mINFO[0m: [suci-0-999-70-0000-0-0-0000000001]    5G-S_TMSI[AMF_ID:0x20040,M_TMSI:0xc000057e] (../src/amf/ngap-handler.c:482)
[32m07/27 12:43:43.268[0m: [[33mamf[0m] [1;32mINFO[0m:     RAN_UE_NGAP_ID[2] AMF_UE_NGAP_ID[2] TAC[1] CellID[0x10] (../src/amf/ngap-handler.c:562)
[32m07/27 12:43:43.268[0m: [[33mgmm[0m] [1;32mINFO[0m: Identity response (../src/amf/gmm-sm.c:1234)
[32m07/27 12:43:43.268[0m: [[33mgmm[0m] [1;32mINFO[0m: [suci-0-999-70-0000-0-0-0000000001]    SUCI (../src/amf/gmm-handler.c:927)
[32m07/27 12:43:44.271[0m: [[33mgmm[0m] [1;31mFATAL[0m: Invalid OGS_NAS_5GS[69] (../src/amf/gmm-sm.c:1714)
[32m07/27 12:43:44.271[0m: [[33mgmm[0m] [1;31mFATAL[0m: gmm_state_security_mode: should not be reached. (../src/amf/gmm-sm.c:1715)
[32m07/27 12:43:44.271[0m: [[33mcore[0m] [1;31mFATAL[0m: backtrace() returned 9 addresses (../lib/core/ogs-abort.c:37)
/opt/CoreCrisis/Corelearner/open5gs-2.6.6/build/src/amf/open5gs-amfd(+0x20f20) [0x55668040ef20]
/opt/CoreCrisis/Corelearner/open5gs-2.6.6/build/src/amf/../../lib/core/libogscore.so.2(ogs_fsm_dispatch+0x25) [0x7f854b94eae5]
/opt/CoreCrisis/Corelearner/open5gs-2.6.6/build/src/amf/open5gs-amfd(+0x28ecc) [0x556680416ecc]
/opt/CoreCrisis/Corelearner/open5gs-2.6.6/build/src/amf/../../lib/core/libogscore.so.2(ogs_fsm_dispatch+0x25) [0x7f854b94eae5]
/opt/CoreCrisis/Corelearner/open5gs-2.6.6/build/src/amf/open5gs-amfd(+0x9bab) [0x5566803f7bab]
/opt/CoreCrisis/Corelearner/open5gs-2.6.6/build/src/amf/../../lib/core/libogscore.so.2(+0x1074c) [0x7f854b94474c]
/lib/x86_64-linux-gnu/libpthread.so.0(+0x8609) [0x7f854ae2e609]
/lib/x86_64-linux-gnu/libc.so.6(clone+0x43) [0x7f854ad53353]
[32m07/27 12:43:44.274[0m: [[33mapp[0m] [1;33mERROR[0m: Signal-NUM[17] received (Child exited) (../src/main.c:81)
[32m07/27 12:43:49.835[0m: [[33mnrf[0m] [1;36mWARNING[0m: [b650fb56-8975-41f1-9d6b-fdfaa4f5c5c7] No heartbeat (../src/nrf/nrf-sm.c:260)
[32m07/27 12:43:49.835[0m: [[33mnrf[0m] [1;32mINFO[0m: [b650fb56-8975-41f1-9d6b-fdfaa4f5c5c7] NF de-registered (../src/nrf/nf-sm.c:205)
[32m07/27 12:43:49.835[0m: [[33msbi[0m] [1;32mINFO[0m: [b650fb56-8975-41f1-9d6b-fdfaa4f5c5c7:1] NF removed (../lib/sbi/nnrf-handler.c:750)
[32m07/27 12:43:49.836[0m: [[33msbi[0m] [1;36mWARNING[0m: [b650fb56-8975-41f1-9d6b-fdfaa4f5c5c7] (NRF-notify) Not found (../lib/sbi/nnrf-handler.c:756)
[32m07/27 12:43:49.837[0m: [[33mnrf[0m] [1;36mWARNING[0m: Subscription notification failed [404] (../src/nrf/sbi-path.c:46)
[32m07/27 12:43:55.117[0m: [[33mapp[0m] [1;32mINFO[0m: SIGTERM received (../src/main.c:53)
[32m07/27 12:43:55.117[0m: [[33mapp[0m] [1;32mINFO[0m: Open5GS daemon terminating... (../src/main.c:226)
[32m07/27 12:44:00.118[0m: [[33mthread[0m] [1;31mFATAL[0m: thread still running after 3 seconds (../lib/core/ogs-thread.c:129)
[32m07/27 12:44:00.118[0m: [[33mthread[0m] [1;31mFATAL[0m: ogs_thread_destroy: should not be reached. (../lib/core/ogs-thread.c:130)
[32m07/27 12:44:00.118[0m: [[33mcore[0m] [1;31mFATAL[0m: backtrace() returned 8 addresses (../lib/core/ogs-abort.c:37)
/opt/CoreCrisis/Corelearner/open5gs-2.6.6/build/tests/app/../../lib/core/libogscore.so.2(ogs_thread_destroy+0x1f0) [0x7f4e94000b00]
/opt/CoreCrisis/Corelearner/open5gs-2.6.6/build/tests/app/5gc(+0x45aa) [0x562cda1d05aa]
/opt/CoreCrisis/Corelearner/open5gs-2.6.6/build/tests/app/5gc(+0x3fcd) [0x562cda1cffcd]
/lib/x86_64-linux-gnu/libc.so.6(+0x468a7) [0x7f4e93bcc8a7]
/lib/x86_64-linux-gnu/libc.so.6(on_exit+0) [0x7f4e93bcca60]
/lib/x86_64-linux-gnu/libc.so.6(__libc_start_main+0xfa) [0x7f4e93baa08a]
/opt/CoreCrisis/Corelearner/open5gs-2.6.6/build/tests/app/5gc(+0x3efe) [0x562cda1cfefe]
