Open5GS daemon v2.6.6

[32m07/27 13:26:07.708[0m: [[33mapp[0m] [1;32mINFO[0m: Configuration: '/opt/CoreCrisis/Corelearner/open5gs-2.6.6/build/configs/sample.yaml' (../lib/app/ogs-init.c:126)
Open5GS daemon v2.6.6

[32m07/27 13:26:07.713[0m: [[33mapp[0m] [1;32mINFO[0m: Configuration: '/opt/CoreCrisis/Corelearner/open5gs-2.6.6/build/configs/sample.yaml' (../lib/app/ogs-init.c:126)
[32m07/27 13:26:07.714[0m: [[33msbi[0m] [1;32mINFO[0m: nghttp2_server() [http://127.0.0.10]:7777 (../lib/sbi/nghttp2-server.c:395)
[32m07/27 13:26:07.714[0m: [[33msbi[0m] [1;32mINFO[0m: nghttp2_server() [http://::1]:7777 (../lib/sbi/nghttp2-server.c:395)
[32m07/27 13:26:07.714[0m: [[33mapp[0m] [1;32mINFO[0m: NRF initialize...done (../src/nrf/app.c:31)
Open5GS daemon v2.6.6

[32m07/27 13:26:07.762[0m: [[33mapp[0m] [1;32mINFO[0m: Configuration: '/opt/CoreCrisis/Corelearner/open5gs-2.6.6/build/configs/sample.yaml' (../lib/app/ogs-init.c:126)
[32m07/27 13:26:07.764[0m: [[33msbi[0m] [1;32mINFO[0m: nghttp2_server() [http://127.0.1.10]:7777 (../lib/sbi/nghttp2-server.c:395)
[32m07/27 13:26:07.764[0m: [[33mapp[0m] [1;32mINFO[0m: SCP initialize...done (../src/scp/app.c:31)
[32m07/27 13:26:07.764[0m: [[33mnrf[0m] [1;32mINFO[0m: [ab91cd16-897b-41f1-89de-1dce25e6a342] NF registered [Heartbeat:10s] (../src/nrf/nf-sm.c:190)
[32m07/27 13:26:07.764[0m: [[33msbi[0m] [1;32mINFO[0m: [ab91cd16-897b-41f1-89de-1dce25e6a342] NF registered [Heartbeat:10s] (../lib/sbi/nf-sm.c:214)
[32m07/27 13:26:07.764[0m: [[33mnrf[0m] [1;32mINFO[0m: [ab91ef80-897b-41f1-a930-a70f6436aadb] Subscription created until 2026-07-28T13:26:07.764683+08:00 [validity_duration:86400] (../src/nrf/nnrf-handler.c:375)
[32m07/27 13:26:07.764[0m: [[33mnrf[0m] [1;32mINFO[0m: [ab91f430-897b-41f1-a930-a70f6436aadb] Subscription created until 2026-07-28T13:26:07.764795+08:00 [validity_duration:86400] (../src/nrf/nnrf-handler.c:375)
[32m07/27 13:26:07.764[0m: [[33mnrf[0m] [1;32mINFO[0m: [ab91f52a-897b-41f1-a930-a70f6436aadb] Subscription created until 2026-07-28T13:26:07.764818+08:00 [validity_duration:86400] (../src/nrf/nnrf-handler.c:375)
[32m07/27 13:26:07.764[0m: [[33mnrf[0m] [1;32mINFO[0m: [ab91f61a-897b-41f1-a930-a70f6436aadb] Subscription created until 2026-07-28T13:26:07.764842+08:00 [validity_duration:86400] (../src/nrf/nnrf-handler.c:375)
[32m07/27 13:26:07.764[0m: [[33mnrf[0m] [1;32mINFO[0m: [ab91f70a-897b-41f1-a930-a70f6436aadb] Subscription created until 2026-07-28T13:26:07.764866+08:00 [validity_duration:86400] (../src/nrf/nnrf-handler.c:375)
[32m07/27 13:26:07.764[0m: [[33mnrf[0m] [1;32mINFO[0m: [ab91fb10-897b-41f1-a930-a70f6436aadb] Subscription created until 2026-07-28T13:26:07.764971+08:00 [validity_duration:86400] (../src/nrf/nnrf-handler.c:375)
[32m07/27 13:26:07.764[0m: [[33mnrf[0m] [1;32mINFO[0m: [ab91fbe2-897b-41f1-a930-a70f6436aadb] Subscription created until 2026-07-28T13:26:07.764991+08:00 [validity_duration:86400] (../src/nrf/nnrf-handler.c:375)
[32m07/27 13:26:07.765[0m: [[33mnrf[0m] [1;32mINFO[0m: [ab91fc8c-897b-41f1-a930-a70f6436aadb] Subscription created until 2026-07-28T13:26:07.765007+08:00 [validity_duration:86400] (../src/nrf/nnrf-handler.c:375)
[32m07/27 13:26:07.765[0m: [[33msbi[0m] [1;32mINFO[0m: [ab91ef80-897b-41f1-a930-a70f6436aadb] Subscription created until 2026-07-28T13:26:07.764683+08:00 [duration:86400,validity:86399.999587,patch:43199.999793] (../lib/sbi/nnrf-handler.c:509)
[32m07/27 13:26:07.765[0m: [[33msbi[0m] [1;32mINFO[0m: [ab91f430-897b-41f1-a930-a70f6436aadb] Subscription created until 2026-07-28T13:26:07.764795+08:00 [duration:86400,validity:86399.999679,patch:43199.999839] (../lib/sbi/nnrf-handler.c:509)
[32m07/27 13:26:07.765[0m: [[33msbi[0m] [1;32mINFO[0m: [ab91f52a-897b-41f1-a930-a70f6436aadb] Subscription created until 2026-07-28T13:26:07.764818+08:00 [duration:86400,validity:86399.999639,patch:43199.999819] (../lib/sbi/nnrf-handler.c:509)
[32m07/27 13:26:07.765[0m: [[33msbi[0m] [1;32mINFO[0m: [ab91f61a-897b-41f1-a930-a70f6436aadb] Subscription created until 2026-07-28T13:26:07.764842+08:00 [duration:86400,validity:86399.999652,patch:43199.999826] (../lib/sbi/nnrf-handler.c:509)
[32m07/27 13:26:07.765[0m: [[33msbi[0m] [1;32mINFO[0m: [ab91f70a-897b-41f1-a930-a70f6436aadb] Subscription created until 2026-07-28T13:26:07.764866+08:00 [duration:86400,validity:86399.999579,patch:43199.999789] (../lib/sbi/nnrf-handler.c:509)
[32m07/27 13:26:07.765[0m: [[33msbi[0m] [1;32mINFO[0m: [ab91fb10-897b-41f1-a930-a70f6436aadb] Subscription created until 2026-07-28T13:26:07.764971+08:00 [duration:86400,validity:86399.999629,patch:43199.999814] (../lib/sbi/nnrf-handler.c:509)
[32m07/27 13:26:07.765[0m: [[33msbi[0m] [1;32mINFO[0m: [ab91fbe2-897b-41f1-a930-a70f6436aadb] Subscription created until 2026-07-28T13:26:07.764991+08:00 [duration:86400,validity:86399.999631,patch:43199.999815] (../lib/sbi/nnrf-handler.c:509)
[32m07/27 13:26:07.765[0m: [[33msbi[0m] [1;32mINFO[0m: [ab91fc8c-897b-41f1-a930-a70f6436aadb] Subscription created until 2026-07-28T13:26:07.765007+08:00 [duration:86400,validity:86399.999597,patch:43199.999798] (../lib/sbi/nnrf-handler.c:509)
Open5GS daemon v2.6.6

[32m07/27 13:26:07.812[0m: [[33mapp[0m] [1;32mINFO[0m: Configuration: '/opt/CoreCrisis/Corelearner/open5gs-2.6.6/build/configs/sample.yaml' (../lib/app/ogs-init.c:126)
[32m07/27 13:26:07.832[0m: [[33mmetrics[0m] [1;32mINFO[0m: metrics_server() [http://127.0.0.7]:9090 (../lib/metrics/prometheus/context.c:299)
[32m07/27 13:26:07.832[0m: [[33mpfcp[0m] [1;32mINFO[0m: pfcp_server() [127.0.0.7]:8805 (../lib/pfcp/path.c:30)
[32m07/27 13:26:07.832[0m: [[33mpfcp[0m] [1;32mINFO[0m: ogs_pfcp_connect() [127.0.0.4]:8805 (../lib/pfcp/path.c:61)
[32m07/27 13:26:07.832[0m: [[33mgtp[0m] [1;32mINFO[0m: gtp_server() [127.0.0.7]:2152 (../lib/gtp/path.c:30)
[32m07/27 13:26:07.833[0m: [[33mapp[0m] [1;32mINFO[0m: UPF initialize...done (../src/upf/app.c:31)
Open5GS daemon v2.6.6

[32m07/27 13:26:07.866[0m: [[33mapp[0m] [1;32mINFO[0m: Configuration: '/opt/CoreCrisis/Corelearner/open5gs-2.6.6/build/configs/sample.yaml' (../lib/app/ogs-init.c:126)
[32m07/27 13:26:07.889[0m: [[33mmetrics[0m] [1;32mINFO[0m: metrics_server() [http://127.0.0.4]:9090 (../lib/metrics/prometheus/context.c:299)
[32m07/27 13:26:07.899[0m: [[33mgtp[0m] [1;32mINFO[0m: gtp_server() [127.0.0.4]:2123 (../lib/gtp/path.c:30)
[32m07/27 13:26:07.899[0m: [[33mgtp[0m] [1;32mINFO[0m: gtp_server() [::1]:2123 (../lib/gtp/path.c:30)
[32m07/27 13:26:07.899[0m: [[33mgtp[0m] [1;32mINFO[0m: gtp_server() [127.0.0.4]:2152 (../lib/gtp/path.c:30)
[32m07/27 13:26:07.899[0m: [[33mgtp[0m] [1;32mINFO[0m: gtp_server() [::1]:2152 (../lib/gtp/path.c:30)
[32m07/27 13:26:07.899[0m: [[33mpfcp[0m] [1;32mINFO[0m: pfcp_server() [127.0.0.4]:8805 (../lib/pfcp/path.c:30)
[32m07/27 13:26:07.899[0m: [[33mpfcp[0m] [1;32mINFO[0m: ogs_pfcp_connect() [127.0.0.7]:8805 (../lib/pfcp/path.c:61)
[32m07/27 13:26:07.900[0m: [[33mupf[0m] [1;32mINFO[0m: PFCP associated [127.0.0.4]:8805 (../src/upf/pfcp-sm.c:184)
[32m07/27 13:26:07.899[0m: [[33msbi[0m] [1;32mINFO[0m: NF Service [nsmf-pdusession] (../lib/sbi/context.c:1438)
[32m07/27 13:26:07.900[0m: [[33msbi[0m] [1;32mINFO[0m: nghttp2_server() [http://127.0.0.4]:7777 (../lib/sbi/nghttp2-server.c:395)
[32m07/27 13:26:07.900[0m: [[33mapp[0m] [1;32mINFO[0m: SMF initialize...done (../src/smf/app.c:31)
[32m07/27 13:26:07.900[0m: [[33msmf[0m] [1;32mINFO[0m: PFCP associated [127.0.0.7]:8805 (../src/smf/pfcp-sm.c:196)
[32m07/27 13:26:07.900[0m: [[33mnrf[0m] [1;32mINFO[0m: [aba4803c-897b-41f1-a3ed-4941e3f6bba9] NF registered [Heartbeat:10s] (../src/nrf/nf-sm.c:190)
[32m07/27 13:26:07.900[0m: [[33msbi[0m] [1;32mINFO[0m: [aba4803c-897b-41f1-a3ed-4941e3f6bba9] (NRF-notify) NF registered (../lib/sbi/nnrf-handler.c:725)
[32m07/27 13:26:07.900[0m: [[33msbi[0m] [1;32mINFO[0m: [aba4803c-897b-41f1-a3ed-4941e3f6bba9] (NRF-notify) NF Profile updated (../lib/sbi/nnrf-handler.c:735)
[32m07/27 13:26:07.901[0m: [[33msbi[0m] [1;32mINFO[0m: [aba4803c-897b-41f1-a3ed-4941e3f6bba9] NF registered [Heartbeat:10s] (../lib/sbi/nf-sm.c:214)
[32m07/27 13:26:07.901[0m: [[33mnrf[0m] [1;32mINFO[0m: [aba6cd92-897b-41f1-a930-a70f6436aadb] Subscription created until 2026-07-28T13:26:07.901444+08:00 [validity_duration:86400] (../src/nrf/nnrf-handler.c:375)
[32m07/27 13:26:07.901[0m: [[33mnrf[0m] [1;32mINFO[0m: [aba6cf86-897b-41f1-a930-a70f6436aadb] Subscription created until 2026-07-28T13:26:07.901482+08:00 [validity_duration:86400] (../src/nrf/nnrf-handler.c:375)
[32m07/27 13:26:07.901[0m: [[33mnrf[0m] [1;32mINFO[0m: [aba6d06c-897b-41f1-a930-a70f6436aadb] Subscription created until 2026-07-28T13:26:07.901505+08:00 [validity_duration:86400] (../src/nrf/nnrf-handler.c:375)
[32m07/27 13:26:07.901[0m: [[33mnrf[0m] [1;32mINFO[0m: [aba6d17a-897b-41f1-a930-a70f6436aadb] Subscription created until 2026-07-28T13:26:07.901531+08:00 [validity_duration:86400] (../src/nrf/nnrf-handler.c:375)
[32m07/27 13:26:07.902[0m: [[33msbi[0m] [1;32mINFO[0m: [aba6cd92-897b-41f1-a930-a70f6436aadb] Subscription created until 2026-07-28T13:26:07.901444+08:00 [duration:86400,validity:86399.999412,patch:43199.999706] (../lib/sbi/nnrf-handler.c:509)
[32m07/27 13:26:07.902[0m: [[33msbi[0m] [1;32mINFO[0m: [aba6cf86-897b-41f1-a930-a70f6436aadb] Subscription created until 2026-07-28T13:26:07.901482+08:00 [duration:86400,validity:86399.999430,patch:43199.999715] (../lib/sbi/nnrf-handler.c:509)
[32m07/27 13:26:07.902[0m: [[33msbi[0m] [1;32mINFO[0m: [aba6d06c-897b-41f1-a930-a70f6436aadb] Subscription created until 2026-07-28T13:26:07.901505+08:00 [duration:86400,validity:86399.999428,patch:43199.999714] (../lib/sbi/nnrf-handler.c:509)
[32m07/27 13:26:07.902[0m: [[33msbi[0m] [1;32mINFO[0m: [aba6d17a-897b-41f1-a930-a70f6436aadb] Subscription created until 2026-07-28T13:26:07.901531+08:00 [duration:86400,validity:86399.999421,patch:43199.999710] (../lib/sbi/nnrf-handler.c:509)
Open5GS daemon v2.6.6

[32m07/27 13:26:07.915[0m: [[33mapp[0m] [1;32mINFO[0m: Configuration: '/opt/CoreCrisis/Corelearner/open5gs-2.6.6/build/configs/sample.yaml' (../lib/app/ogs-init.c:126)
[32m07/27 13:26:07.917[0m: [[33mmetrics[0m] [1;32mINFO[0m: metrics_server() [http://127.0.0.5]:9090 (../lib/metrics/prometheus/context.c:299)
[32m07/27 13:26:07.917[0m: [[33msbi[0m] [1;32mINFO[0m: NF Service [namf-comm] (../lib/sbi/context.c:1438)
[32m07/27 13:26:07.917[0m: [[33msbi[0m] [1;32mINFO[0m: nghttp2_server() [http://127.0.0.5]:7777 (../lib/sbi/nghttp2-server.c:395)
[32m07/27 13:26:07.917[0m: [[33mamf[0m] [1;32mINFO[0m: ngap_server() [127.0.0.5]:38412 (../src/amf/ngap-sctp.c:61)
[32m07/27 13:26:07.917[0m: [[33msctp[0m] [1;32mINFO[0m: AMF initialize...done (../src/amf/app.c:33)
[32m07/27 13:26:07.917[0m: [[33mnrf[0m] [1;32mINFO[0m: [aba91b4c-897b-41f1-8411-9bb246abf2de] NF registered [Heartbeat:10s] (../src/nrf/nf-sm.c:190)
[32m07/27 13:26:07.917[0m: [[33msbi[0m] [1;32mINFO[0m: [aba91b4c-897b-41f1-8411-9bb246abf2de] (NRF-notify) NF registered (../lib/sbi/nnrf-handler.c:725)
[32m07/27 13:26:07.917[0m: [[33msbi[0m] [1;32mINFO[0m: [aba91b4c-897b-41f1-8411-9bb246abf2de] (NRF-notify) NF Profile updated (../lib/sbi/nnrf-handler.c:735)
[32m07/27 13:26:07.918[0m: [[33msbi[0m] [1;32mINFO[0m: [aba91b4c-897b-41f1-8411-9bb246abf2de] (NRF-notify) NF registered (../lib/sbi/nnrf-handler.c:725)
[32m07/27 13:26:07.918[0m: [[33msbi[0m] [1;32mINFO[0m: [aba91b4c-897b-41f1-8411-9bb246abf2de] (NRF-notify) NF Profile updated (../lib/sbi/nnrf-handler.c:735)
[32m07/27 13:26:07.918[0m: [[33msbi[0m] [1;32mINFO[0m: [aba91b4c-897b-41f1-8411-9bb246abf2de] NF registered [Heartbeat:10s] (../lib/sbi/nf-sm.c:214)
[32m07/27 13:26:07.918[0m: [[33mnrf[0m] [1;32mINFO[0m: [aba975ec-897b-41f1-a930-a70f6436aadb] Subscription created until 2026-07-28T13:26:07.918861+08:00 [validity_duration:86400] (../src/nrf/nnrf-handler.c:375)
[32m07/27 13:26:07.918[0m: [[33mnrf[0m] [1;32mINFO[0m: [aba977f4-897b-41f1-a930-a70f6436aadb] Subscription created until 2026-07-28T13:26:07.918901+08:00 [validity_duration:86400] (../src/nrf/nnrf-handler.c:375)
[32m07/27 13:26:07.918[0m: [[33mnrf[0m] [1;32mINFO[0m: [aba978ee-897b-41f1-a930-a70f6436aadb] Subscription created until 2026-07-28T13:26:07.918925+08:00 [validity_duration:86400] (../src/nrf/nnrf-handler.c:375)
[32m07/27 13:26:07.918[0m: [[33mnrf[0m] [1;32mINFO[0m: [aba97aa6-897b-41f1-a930-a70f6436aadb] Subscription created until 2026-07-28T13:26:07.918969+08:00 [validity_duration:86400] (../src/nrf/nnrf-handler.c:375)
[32m07/27 13:26:07.918[0m: [[33mnrf[0m] [1;32mINFO[0m: [aba97bd2-897b-41f1-a930-a70f6436aadb] Subscription created until 2026-07-28T13:26:07.918999+08:00 [validity_duration:86400] (../src/nrf/nnrf-handler.c:375)
[32m07/27 13:26:07.919[0m: [[33mnrf[0m] [1;32mINFO[0m: [aba97cd6-897b-41f1-a930-a70f6436aadb] Subscription created until 2026-07-28T13:26:07.919024+08:00 [validity_duration:86400] (../src/nrf/nnrf-handler.c:375)
[32m07/27 13:26:07.919[0m: [[33msbi[0m] [1;32mINFO[0m: [aba975ec-897b-41f1-a930-a70f6436aadb] Subscription created until 2026-07-28T13:26:07.918861+08:00 [duration:86400,validity:86399.999182,patch:43199.999591] (../lib/sbi/nnrf-handler.c:509)
[32m07/27 13:26:07.919[0m: [[33msbi[0m] [1;32mINFO[0m: [aba977f4-897b-41f1-a930-a70f6436aadb] Subscription created until 2026-07-28T13:26:07.918901+08:00 [duration:86400,validity:86399.999191,patch:43199.999595] (../lib/sbi/nnrf-handler.c:509)
[32m07/27 13:26:07.919[0m: [[33msbi[0m] [1;32mINFO[0m: [aba978ee-897b-41f1-a930-a70f6436aadb] Subscription created until 2026-07-28T13:26:07.918925+08:00 [duration:86400,validity:86399.999196,patch:43199.999598] (../lib/sbi/nnrf-handler.c:509)
[32m07/27 13:26:07.919[0m: [[33msbi[0m] [1;32mINFO[0m: [aba97aa6-897b-41f1-a930-a70f6436aadb] Subscription created until 2026-07-28T13:26:07.918969+08:00 [duration:86400,validity:86399.999223,patch:43199.999611] (../lib/sbi/nnrf-handler.c:509)
[32m07/27 13:26:07.919[0m: [[33msbi[0m] [1;32mINFO[0m: [aba97bd2-897b-41f1-a930-a70f6436aadb] Subscription created until 2026-07-28T13:26:07.918999+08:00 [duration:86400,validity:86399.999236,patch:43199.999618] (../lib/sbi/nnrf-handler.c:509)
[32m07/27 13:26:07.919[0m: [[33msbi[0m] [1;32mINFO[0m: [aba97cd6-897b-41f1-a930-a70f6436aadb] Subscription created until 2026-07-28T13:26:07.919024+08:00 [duration:86400,validity:86399.999244,patch:43199.999622] (../lib/sbi/nnrf-handler.c:509)
Open5GS daemon v2.6.6

[32m07/27 13:26:07.963[0m: [[33mapp[0m] [1;32mINFO[0m: Configuration: '/opt/CoreCrisis/Corelearner/open5gs-2.6.6/build/configs/sample.yaml' (../lib/app/ogs-init.c:126)
[32m07/27 13:26:07.964[0m: [[33msbi[0m] [1;32mINFO[0m: NF Service [nausf-auth] (../lib/sbi/context.c:1438)
[32m07/27 13:26:07.964[0m: [[33msbi[0m] [1;32mINFO[0m: nghttp2_server() [http://127.0.0.11]:7777 (../lib/sbi/nghttp2-server.c:395)
[32m07/27 13:26:07.964[0m: [[33mapp[0m] [1;32mINFO[0m: AUSF initialize...done (../src/ausf/app.c:31)
[32m07/27 13:26:07.964[0m: [[33mnrf[0m] [1;32mINFO[0m: [abb06730-897b-41f1-885e-03fe4ca85df0] NF registered [Heartbeat:10s] (../src/nrf/nf-sm.c:190)
[32m07/27 13:26:07.965[0m: [[33msbi[0m] [1;32mINFO[0m: [abb06730-897b-41f1-885e-03fe4ca85df0] (NRF-notify) NF registered (../lib/sbi/nnrf-handler.c:725)
[32m07/27 13:26:07.965[0m: [[33msbi[0m] [1;32mINFO[0m: [abb06730-897b-41f1-885e-03fe4ca85df0] (NRF-notify) NF Profile updated (../lib/sbi/nnrf-handler.c:735)
[32m07/27 13:26:07.965[0m: [[33msbi[0m] [1;32mINFO[0m: [abb06730-897b-41f1-885e-03fe4ca85df0] (NRF-notify) NF registered (../lib/sbi/nnrf-handler.c:725)
[32m07/27 13:26:07.965[0m: [[33msbi[0m] [1;32mINFO[0m: [abb06730-897b-41f1-885e-03fe4ca85df0] (NRF-notify) NF Profile updated (../lib/sbi/nnrf-handler.c:735)
[32m07/27 13:26:07.965[0m: [[33msbi[0m] [1;32mINFO[0m: [abb06730-897b-41f1-885e-03fe4ca85df0] NF registered [Heartbeat:10s] (../lib/sbi/nf-sm.c:214)
[32m07/27 13:26:07.965[0m: [[33mnrf[0m] [1;32mINFO[0m: [abb09958-897b-41f1-a930-a70f6436aadb] Subscription created until 2026-07-28T13:26:07.965642+08:00 [validity_duration:86400] (../src/nrf/nnrf-handler.c:375)
[32m07/27 13:26:07.965[0m: [[33msbi[0m] [1;32mINFO[0m: [abb09958-897b-41f1-a930-a70f6436aadb] Subscription created until 2026-07-28T13:26:07.965642+08:00 [duration:86400,validity:86399.999791,patch:43199.999895] (../lib/sbi/nnrf-handler.c:509)
Open5GS daemon v2.6.6

[32m07/27 13:26:08.013[0m: [[33mapp[0m] [1;32mINFO[0m: Configuration: '/opt/CoreCrisis/Corelearner/open5gs-2.6.6/build/configs/sample.yaml' (../lib/app/ogs-init.c:126)
[32m07/27 13:26:08.014[0m: [[33msbi[0m] [1;32mINFO[0m: NF Service [nudm-ueau] (../lib/sbi/context.c:1438)
[32m07/27 13:26:08.014[0m: [[33msbi[0m] [1;32mINFO[0m: NF Service [nudm-uecm] (../lib/sbi/context.c:1438)
[32m07/27 13:26:08.014[0m: [[33msbi[0m] [1;32mINFO[0m: NF Service [nudm-sdm] (../lib/sbi/context.c:1438)
[32m07/27 13:26:08.014[0m: [[33msbi[0m] [1;32mINFO[0m: nghttp2_server() [http://127.0.0.12]:7777 (../lib/sbi/nghttp2-server.c:395)
[32m07/27 13:26:08.014[0m: [[33mapp[0m] [1;32mINFO[0m: UDM initialize...done (../src/udm/app.c:31)
[32m07/27 13:26:08.015[0m: [[33mnrf[0m] [1;32mINFO[0m: [abb80d5a-897b-41f1-935a-457767ee35e4] NF registered [Heartbeat:10s] (../src/nrf/nf-sm.c:190)
[32m07/27 13:26:08.015[0m: [[33msbi[0m] [1;32mINFO[0m: [abb80d5a-897b-41f1-935a-457767ee35e4] (NRF-notify) NF registered (../lib/sbi/nnrf-handler.c:725)
[32m07/27 13:26:08.015[0m: [[33msbi[0m] [1;32mINFO[0m: [abb80d5a-897b-41f1-935a-457767ee35e4] (NRF-notify) NF Profile updated (../lib/sbi/nnrf-handler.c:735)
[32m07/27 13:26:08.015[0m: [[33msbi[0m] [1;32mINFO[0m: [abb80d5a-897b-41f1-935a-457767ee35e4] (NRF-notify) NF registered (../lib/sbi/nnrf-handler.c:725)
[32m07/27 13:26:08.015[0m: [[33msbi[0m] [1;32mINFO[0m: [abb80d5a-897b-41f1-935a-457767ee35e4] (NRF-notify) NF Profile updated (../lib/sbi/nnrf-handler.c:735)
[32m07/27 13:26:08.015[0m: [[33msbi[0m] [1;36mWARNING[0m: [abb80d5a-897b-41f1-935a-457767ee35e4] (NRF-notify) NF has already been added (../lib/sbi/nnrf-handler.c:729)
[32m07/27 13:26:08.015[0m: [[33msbi[0m] [1;32mINFO[0m: [abb80d5a-897b-41f1-935a-457767ee35e4] (NRF-notify) NF Profile updated (../lib/sbi/nnrf-handler.c:735)
[32m07/27 13:26:08.015[0m: [[33msbi[0m] [1;36mWARNING[0m: NF EndPoint updated [127.0.0.12:80] (../lib/sbi/context.c:1623)
[32m07/27 13:26:08.015[0m: [[33msbi[0m] [1;36mWARNING[0m: NF EndPoint updated [127.0.0.12:7777] (../lib/sbi/context.c:1532)
[32m07/27 13:26:08.016[0m: [[33msbi[0m] [1;32mINFO[0m: [abb80d5a-897b-41f1-935a-457767ee35e4] (NRF-notify) NF registered (../lib/sbi/nnrf-handler.c:725)
[32m07/27 13:26:08.016[0m: [[33msbi[0m] [1;32mINFO[0m: [abb80d5a-897b-41f1-935a-457767ee35e4] (NRF-notify) NF Profile updated (../lib/sbi/nnrf-handler.c:735)
[32m07/27 13:26:08.015[0m: [[33msbi[0m] [1;32mINFO[0m: [abb80d5a-897b-41f1-935a-457767ee35e4] (NRF-notify) NF registered (../lib/sbi/nnrf-handler.c:725)
[32m07/27 13:26:08.015[0m: [[33msbi[0m] [1;32mINFO[0m: [abb80d5a-897b-41f1-935a-457767ee35e4] (NRF-notify) NF Profile updated (../lib/sbi/nnrf-handler.c:735)
[32m07/27 13:26:08.016[0m: [[33msbi[0m] [1;36mWARNING[0m: [abb80d5a-897b-41f1-935a-457767ee35e4] (NRF-notify) NF has already been added (../lib/sbi/nnrf-handler.c:729)
[32m07/27 13:26:08.016[0m: [[33msbi[0m] [1;32mINFO[0m: [abb80d5a-897b-41f1-935a-457767ee35e4] (NRF-notify) NF Profile updated (../lib/sbi/nnrf-handler.c:735)
[32m07/27 13:26:08.016[0m: [[33msbi[0m] [1;36mWARNING[0m: NF EndPoint updated [127.0.0.12:80] (../lib/sbi/context.c:1623)
[32m07/27 13:26:08.016[0m: [[33msbi[0m] [1;36mWARNING[0m: NF EndPoint updated [127.0.0.12:7777] (../lib/sbi/context.c:1532)
[32m07/27 13:26:08.016[0m: [[33msbi[0m] [1;32mINFO[0m: [abb80d5a-897b-41f1-935a-457767ee35e4] NF registered [Heartbeat:10s] (../lib/sbi/nf-sm.c:214)
[32m07/27 13:26:08.016[0m: [[33mnrf[0m] [1;32mINFO[0m: [abb8619c-897b-41f1-a930-a70f6436aadb] Subscription created until 2026-07-28T13:26:08.016644+08:00 [validity_duration:86400] (../src/nrf/nnrf-handler.c:375)
[32m07/27 13:26:08.016[0m: [[33msbi[0m] [1;32mINFO[0m: [abb8619c-897b-41f1-a930-a70f6436aadb] Subscription created until 2026-07-28T13:26:08.016644+08:00 [duration:86400,validity:86399.999817,patch:43199.999908] (../lib/sbi/nnrf-handler.c:509)
Open5GS daemon v2.6.6

[32m07/27 13:26:08.066[0m: [[33mapp[0m] [1;32mINFO[0m: Configuration: '/opt/CoreCrisis/Corelearner/open5gs-2.6.6/build/configs/sample.yaml' (../lib/app/ogs-init.c:126)
[32m07/27 13:26:08.067[0m: [[33mmetrics[0m] [1;32mINFO[0m: metrics_server() [http://127.0.0.13]:9090 (../lib/metrics/prometheus/context.c:299)
[32m07/27 13:26:08.067[0m: [[33mdbi[0m] [1;32mINFO[0m: MongoDB URI: 'mongodb://localhost/open5gs' (../lib/dbi/ogs-mongoc.c:130)
[32m07/27 13:26:08.068[0m: [[33msbi[0m] [1;32mINFO[0m: NF Service [npcf-am-policy-control] (../lib/sbi/context.c:1438)
[32m07/27 13:26:08.068[0m: [[33msbi[0m] [1;32mINFO[0m: NF Service [npcf-smpolicycontrol] (../lib/sbi/context.c:1438)
[32m07/27 13:26:08.068[0m: [[33msbi[0m] [1;32mINFO[0m: NF Service [npcf-policyauthorization] (../lib/sbi/context.c:1438)
[32m07/27 13:26:08.068[0m: [[33msbi[0m] [1;32mINFO[0m: nghttp2_server() [http://127.0.0.13]:7777 (../lib/sbi/nghttp2-server.c:395)
[32m07/27 13:26:08.068[0m: [[33mapp[0m] [1;32mINFO[0m: PCF initialize...done (../src/pcf/app.c:31)
[32m07/27 13:26:08.068[0m: [[33mnrf[0m] [1;32mINFO[0m: [abc018b0-897b-41f1-9e4a-55ceb96403af] NF registered [Heartbeat:10s] (../src/nrf/nf-sm.c:190)
[32m07/27 13:26:08.068[0m: [[33msbi[0m] [1;32mINFO[0m: [abc018b0-897b-41f1-9e4a-55ceb96403af] (NRF-notify) NF registered (../lib/sbi/nnrf-handler.c:725)
[32m07/27 13:26:08.068[0m: [[33msbi[0m] [1;32mINFO[0m: [abc018b0-897b-41f1-9e4a-55ceb96403af] (NRF-notify) NF Profile updated (../lib/sbi/nnrf-handler.c:735)
[32m07/27 13:26:08.068[0m: [[33msbi[0m] [1;32mINFO[0m: [abc018b0-897b-41f1-9e4a-55ceb96403af] (NRF-notify) NF registered (../lib/sbi/nnrf-handler.c:725)
[32m07/27 13:26:08.068[0m: [[33msbi[0m] [1;32mINFO[0m: [abc018b0-897b-41f1-9e4a-55ceb96403af] (NRF-notify) NF Profile updated (../lib/sbi/nnrf-handler.c:735)
[32m07/27 13:26:08.069[0m: [[33msbi[0m] [1;32mINFO[0m: [abc018b0-897b-41f1-9e4a-55ceb96403af] (NRF-notify) NF registered (../lib/sbi/nnrf-handler.c:725)
[32m07/27 13:26:08.069[0m: [[33msbi[0m] [1;32mINFO[0m: [abc018b0-897b-41f1-9e4a-55ceb96403af] (NRF-notify) NF Profile updated (../lib/sbi/nnrf-handler.c:735)
[32m07/27 13:26:08.069[0m: [[33msbi[0m] [1;32mINFO[0m: [abc018b0-897b-41f1-9e4a-55ceb96403af] NF registered [Heartbeat:10s] (../lib/sbi/nf-sm.c:214)
[32m07/27 13:26:08.069[0m: [[33mnrf[0m] [1;32mINFO[0m: [abc06c98-897b-41f1-a930-a70f6436aadb] Subscription created until 2026-07-28T13:26:08.069357+08:00 [validity_duration:86400] (../src/nrf/nnrf-handler.c:375)
[32m07/27 13:26:08.069[0m: [[33mnrf[0m] [1;32mINFO[0m: [abc07012-897b-41f1-a930-a70f6436aadb] Subscription created until 2026-07-28T13:26:08.069432+08:00 [validity_duration:86400] (../src/nrf/nnrf-handler.c:375)
[32m07/27 13:26:08.069[0m: [[33msbi[0m] [1;32mINFO[0m: [abc06c98-897b-41f1-a930-a70f6436aadb] Subscription created until 2026-07-28T13:26:08.069357+08:00 [duration:86400,validity:86399.999669,patch:43199.999834] (../lib/sbi/nnrf-handler.c:509)
[32m07/27 13:26:08.069[0m: [[33msbi[0m] [1;32mINFO[0m: [abc07012-897b-41f1-a930-a70f6436aadb] Subscription created until 2026-07-28T13:26:08.069432+08:00 [duration:86400,validity:86399.999726,patch:43199.999863] (../lib/sbi/nnrf-handler.c:509)
Open5GS daemon v2.6.6

[32m07/27 13:26:08.113[0m: [[33mapp[0m] [1;32mINFO[0m: Configuration: '/opt/CoreCrisis/Corelearner/open5gs-2.6.6/build/configs/sample.yaml' (../lib/app/ogs-init.c:126)
[32m07/27 13:26:08.114[0m: [[33msbi[0m] [1;32mINFO[0m: NF Service [nnssf-nsselection] (../lib/sbi/context.c:1438)
[32m07/27 13:26:08.114[0m: [[33msbi[0m] [1;32mINFO[0m: nghttp2_server() [http://127.0.0.14]:7777 (../lib/sbi/nghttp2-server.c:395)
[32m07/27 13:26:08.114[0m: [[33mapp[0m] [1;32mINFO[0m: NSSF initialize...done (../src/nssf/app.c:31)
[32m07/27 13:26:08.115[0m: [[33mnrf[0m] [1;32mINFO[0m: [abc75788-897b-41f1-b395-11a73e290c60] NF registered [Heartbeat:10s] (../src/nrf/nf-sm.c:190)
[32m07/27 13:26:08.115[0m: [[33msbi[0m] [1;32mINFO[0m: [abc75788-897b-41f1-b395-11a73e290c60] (NRF-notify) NF registered (../lib/sbi/nnrf-handler.c:725)
[32m07/27 13:26:08.115[0m: [[33msbi[0m] [1;32mINFO[0m: [abc75788-897b-41f1-b395-11a73e290c60] (NRF-notify) NF Profile updated (../lib/sbi/nnrf-handler.c:735)
[32m07/27 13:26:08.115[0m: [[33msbi[0m] [1;32mINFO[0m: [abc75788-897b-41f1-b395-11a73e290c60] (NRF-notify) NF registered (../lib/sbi/nnrf-handler.c:725)
[32m07/27 13:26:08.115[0m: [[33msbi[0m] [1;32mINFO[0m: [abc75788-897b-41f1-b395-11a73e290c60] (NRF-notify) NF Profile updated (../lib/sbi/nnrf-handler.c:735)
[32m07/27 13:26:08.115[0m: [[33msbi[0m] [1;32mINFO[0m: [abc75788-897b-41f1-b395-11a73e290c60] NF registered [Heartbeat:10s] (../lib/sbi/nf-sm.c:214)
Open5GS daemon v2.6.6

[32m07/27 13:26:08.163[0m: [[33mapp[0m] [1;32mINFO[0m: Configuration: '/opt/CoreCrisis/Corelearner/open5gs-2.6.6/build/configs/sample.yaml' (../lib/app/ogs-init.c:126)
[32m07/27 13:26:08.164[0m: [[33msbi[0m] [1;32mINFO[0m: NF Service [nbsf-management] (../lib/sbi/context.c:1438)
[32m07/27 13:26:08.165[0m: [[33msbi[0m] [1;32mINFO[0m: nghttp2_server() [http://127.0.0.15]:7777 (../lib/sbi/nghttp2-server.c:395)
[32m07/27 13:26:08.165[0m: [[33mapp[0m] [1;32mINFO[0m: BSF initialize...done (../src/bsf/app.c:31)
[32m07/27 13:26:08.165[0m: [[33mnrf[0m] [1;32mINFO[0m: [abcefc4a-897b-41f1-ab8c-79cc708f34b2] NF registered [Heartbeat:10s] (../src/nrf/nf-sm.c:190)
[32m07/27 13:26:08.165[0m: [[33msbi[0m] [1;32mINFO[0m: [abcefc4a-897b-41f1-ab8c-79cc708f34b2] (NRF-notify) NF registered (../lib/sbi/nnrf-handler.c:725)
[32m07/27 13:26:08.165[0m: [[33msbi[0m] [1;32mINFO[0m: [abcefc4a-897b-41f1-ab8c-79cc708f34b2] (NRF-notify) NF Profile updated (../lib/sbi/nnrf-handler.c:735)
[32m07/27 13:26:08.165[0m: [[33msbi[0m] [1;32mINFO[0m: [abcefc4a-897b-41f1-ab8c-79cc708f34b2] (NRF-notify) NF registered (../lib/sbi/nnrf-handler.c:725)
[32m07/27 13:26:08.165[0m: [[33msbi[0m] [1;32mINFO[0m: [abcefc4a-897b-41f1-ab8c-79cc708f34b2] (NRF-notify) NF Profile updated (../lib/sbi/nnrf-handler.c:735)
[32m07/27 13:26:08.165[0m: [[33msbi[0m] [1;32mINFO[0m: [abcefc4a-897b-41f1-ab8c-79cc708f34b2] NF registered [Heartbeat:10s] (../lib/sbi/nf-sm.c:214)
Open5GS daemon v2.6.6

[32m07/27 13:26:08.216[0m: [[33mapp[0m] [1;32mINFO[0m: Configuration: '/opt/CoreCrisis/Corelearner/open5gs-2.6.6/build/configs/sample.yaml' (../lib/app/ogs-init.c:126)
[32m07/27 13:26:08.217[0m: [[33mdbi[0m] [1;32mINFO[0m: MongoDB URI: 'mongodb://localhost/open5gs' (../lib/dbi/ogs-mongoc.c:130)
[32m07/27 13:26:08.217[0m: [[33msbi[0m] [1;32mINFO[0m: NF Service [nudr-dr] (../lib/sbi/context.c:1438)
[32m07/27 13:26:08.218[0m: [[33msbi[0m] [1;32mINFO[0m: nghttp2_server() [http://127.0.0.20]:7777 (../lib/sbi/nghttp2-server.c:395)
[32m07/27 13:26:08.218[0m: [[33mapp[0m] [1;32mINFO[0m: UDR initialize...done (../src/udr/app.c:31)
[32m07/27 13:26:08.218[0m: [[33mnrf[0m] [1;32mINFO[0m: [abd701ce-897b-41f1-b419-c75c784e1d50] NF registered [Heartbeat:10s] (../src/nrf/nf-sm.c:190)
[32m07/27 13:26:08.218[0m: [[33msbi[0m] [1;32mINFO[0m: [abd701ce-897b-41f1-b419-c75c784e1d50] (NRF-notify) NF registered (../lib/sbi/nnrf-handler.c:725)
[32m07/27 13:26:08.218[0m: [[33msbi[0m] [1;32mINFO[0m: [abd701ce-897b-41f1-b419-c75c784e1d50] (NRF-notify) NF Profile updated (../lib/sbi/nnrf-handler.c:735)
[32m07/27 13:26:08.218[0m: [[33msbi[0m] [1;32mINFO[0m: [abd701ce-897b-41f1-b419-c75c784e1d50] (NRF-notify) NF registered (../lib/sbi/nnrf-handler.c:725)
[32m07/27 13:26:08.218[0m: [[33msbi[0m] [1;32mINFO[0m: [abd701ce-897b-41f1-b419-c75c784e1d50] (NRF-notify) NF Profile updated (../lib/sbi/nnrf-handler.c:735)
[32m07/27 13:26:08.219[0m: [[33msbi[0m] [1;32mINFO[0m: [abd701ce-897b-41f1-b419-c75c784e1d50] (NRF-notify) NF registered (../lib/sbi/nnrf-handler.c:725)
[32m07/27 13:26:08.219[0m: [[33msbi[0m] [1;32mINFO[0m: [abd701ce-897b-41f1-b419-c75c784e1d50] (NRF-notify) NF Profile updated (../lib/sbi/nnrf-handler.c:735)
[32m07/27 13:26:08.219[0m: [[33msbi[0m] [1;32mINFO[0m: [abd701ce-897b-41f1-b419-c75c784e1d50] NF registered [Heartbeat:10s] (../lib/sbi/nf-sm.c:214)
[32m07/27 13:26:10.334[0m: [[33msmf[0m] [1;36mWARNING[0m: PFCP[REQ] has already been associated [127.0.0.7]:8805 (../src/smf/pfcp-sm.c:292)
[32m07/27 13:26:10.334[0m: [[33mupf[0m] [1;36mWARNING[0m: PFCP[RSP] has already been associated [127.0.0.4]:8805 (../src/upf/pfcp-sm.c:277)
[32m07/27 13:26:12.698[0m: [[33mamf[0m] [1;32mINFO[0m: gNB-N2 accepted[127.0.0.1]:60365 in ng-path module (../src/amf/ngap-sctp.c:113)
[32m07/27 13:26:12.698[0m: [[33mamf[0m] [1;32mINFO[0m: gNB-N2 accepted[127.0.0.1] in master_sm module (../src/amf/amf-sm.c:741)
[32m07/27 13:26:12.698[0m: [[33mamf[0m] [1;32mINFO[0m: [Added] Number of gNBs is now 1 (../src/amf/context.c:1185)
[32m07/27 13:26:12.698[0m: [[33mamf[0m] [1;32mINFO[0m: gNB-N2[127.0.0.1] max_num_of_ostreams : 10 (../src/amf/amf-sm.c:780)
[32m07/27 13:26:21.160[0m: [[33mamf[0m] [1;32mINFO[0m: InitialUEMessage (../src/amf/ngap-handler.c:401)
[32m07/27 13:26:21.160[0m: [[33mamf[0m] [1;32mINFO[0m: [Added] Number of gNB-UEs is now 1 (../src/amf/context.c:2523)
[32m07/27 13:26:21.160[0m: [[33mamf[0m] [1;32mINFO[0m:     RAN_UE_NGAP_ID[1] AMF_UE_NGAP_ID[1] TAC[1] CellID[0x10] (../src/amf/ngap-handler.c:562)
[32m07/27 13:26:21.160[0m: [[33mamf[0m] [1;32mINFO[0m: [suci-0-999-70-0000-0-0-0000000001] Unknown UE by SUCI (../src/amf/context.c:1789)
[32m07/27 13:26:21.160[0m: [[33mamf[0m] [1;32mINFO[0m: [Added] Number of AMF-UEs is now 1 (../src/amf/context.c:1570)
[32m07/27 13:26:21.160[0m: [[33mgmm[0m] [1;32mINFO[0m: Registration request (../src/amf/gmm-sm.c:1061)
[32m07/27 13:26:21.160[0m: [[33mgmm[0m] [1;32mINFO[0m: [suci-0-999-70-0000-0-0-0000000001]    SUCI (../src/amf/gmm-handler.c:157)
[32m07/27 13:26:22.671[0m: [[33mgmm[0m] [1;32mINFO[0m: [imsi-999700000000001] Registration complete (../src/amf/gmm-sm.c:1993)
[32m07/27 13:26:22.671[0m: [[33mamf[0m] [1;32mINFO[0m: [imsi-999700000000001] Configuration update command (../src/amf/nas-path.c:612)
[32m07/27 13:26:22.671[0m: [[33mgmm[0m] [1;32mINFO[0m:     UTC [2026-07-27T05:26:22] Timezone[0]/DST[0] (../src/amf/gmm-build.c:558)
[32m07/27 13:26:22.671[0m: [[33mgmm[0m] [1;32mINFO[0m:     LOCAL [2026-07-27T13:26:22] Timezone[28800]/DST[0] (../src/amf/gmm-build.c:563)
[32m07/27 13:26:23.172[0m: [[33mgmm[0m] [1;32mINFO[0m: [imsi-999700000000001] Deregistration request (../src/amf/gmm-sm.c:1272)
[32m07/27 13:26:23.172[0m: [[33mgmm[0m] [1;32mINFO[0m: [suci-0-999-70-0000-0-0-0000000001]    SUCI (../src/amf/gmm-handler.c:798)
[32m07/27 13:26:23.173[0m: [[33mamf[0m] [1;32mINFO[0m: UE Context Release [Action:2] (../src/amf/ngap-handler.c:1677)
[32m07/27 13:26:23.173[0m: [[33mamf[0m] [1;32mINFO[0m:     RAN_UE_NGAP_ID[1] AMF_UE_NGAP_ID[1] (../src/amf/ngap-handler.c:1678)
[32m07/27 13:26:23.173[0m: [[33mamf[0m] [1;32mINFO[0m:     SUCI[suci-0-999-70-0000-0-0-0000000001] (../src/amf/ngap-handler.c:1681)
[32m07/27 13:26:23.173[0m: [[33mamf[0m] [1;32mINFO[0m: [Removed] Number of gNB-UEs is now 0 (../src/amf/context.c:2530)
[32m07/27 13:26:24.673[0m: [[33mamf[0m] [1;32mINFO[0m: InitialUEMessage (../src/amf/ngap-handler.c:401)
[32m07/27 13:26:24.673[0m: [[33mamf[0m] [1;32mINFO[0m: [Added] Number of gNB-UEs is now 1 (../src/amf/context.c:2523)
[32m07/27 13:26:24.673[0m: [[33mamf[0m] [1;32mINFO[0m: [suci-0-999-70-0000-0-0-0000000001]    5G-S_TMSI[AMF_ID:0x20040,M_TMSI:0xc000070e] (../src/amf/ngap-handler.c:482)
[32m07/27 13:26:24.673[0m: [[33mamf[0m] [1;32mINFO[0m:     RAN_UE_NGAP_ID[2] AMF_UE_NGAP_ID[2] TAC[1] CellID[0x10] (../src/amf/ngap-handler.c:562)
[32m07/27 13:26:24.673[0m: [[33mgmm[0m] [1;32mINFO[0m: Identity response (../src/amf/gmm-sm.c:1234)
[32m07/27 13:26:24.673[0m: [[33mgmm[0m] [1;32mINFO[0m: [suci-0-999-70-0000-0-0-0000000001]    SUCI (../src/amf/gmm-handler.c:927)
[32m07/27 13:26:25.678[0m: [[33mgmm[0m] [1;31mFATAL[0m: Invalid OGS_NAS_5GS[69] (../src/amf/gmm-sm.c:1714)
[32m07/27 13:26:25.678[0m: [[33mgmm[0m] [1;31mFATAL[0m: gmm_state_security_mode: should not be reached. (../src/amf/gmm-sm.c:1715)
[32m07/27 13:26:25.678[0m: [[33mcore[0m] [1;31mFATAL[0m: backtrace() returned 9 addresses (../lib/core/ogs-abort.c:37)
/opt/CoreCrisis/Corelearner/open5gs-2.6.6/build/src/amf/open5gs-amfd(+0x20f20) [0x559f1a5daf20]
/opt/CoreCrisis/Corelearner/open5gs-2.6.6/build/src/amf/../../lib/core/libogscore.so.2(ogs_fsm_dispatch+0x25) [0x7f48df095ae5]
/opt/CoreCrisis/Corelearner/open5gs-2.6.6/build/src/amf/open5gs-amfd(+0x28ecc) [0x559f1a5e2ecc]
/opt/CoreCrisis/Corelearner/open5gs-2.6.6/build/src/amf/../../lib/core/libogscore.so.2(ogs_fsm_dispatch+0x25) [0x7f48df095ae5]
/opt/CoreCrisis/Corelearner/open5gs-2.6.6/build/src/amf/open5gs-amfd(+0x9bab) [0x559f1a5c3bab]
/opt/CoreCrisis/Corelearner/open5gs-2.6.6/build/src/amf/../../lib/core/libogscore.so.2(+0x1074c) [0x7f48df08b74c]
/lib/x86_64-linux-gnu/libpthread.so.0(+0x8609) [0x7f48de575609]
/lib/x86_64-linux-gnu/libc.so.6(clone+0x43) [0x7f48de49a353]
[32m07/27 13:26:25.679[0m: [[33mapp[0m] [1;33mERROR[0m: Signal-NUM[17] received (Child exited) (../src/main.c:81)
[32m07/27 13:26:28.925[0m: [[33mnrf[0m] [1;36mWARNING[0m: [aba91b4c-897b-41f1-8411-9bb246abf2de] No heartbeat (../src/nrf/nrf-sm.c:260)
[32m07/27 13:26:28.925[0m: [[33mnrf[0m] [1;32mINFO[0m: [aba91b4c-897b-41f1-8411-9bb246abf2de] NF de-registered (../src/nrf/nf-sm.c:205)
[32m07/27 13:26:28.925[0m: [[33msbi[0m] [1;32mINFO[0m: [aba91b4c-897b-41f1-8411-9bb246abf2de:1] NF removed (../lib/sbi/nnrf-handler.c:750)
[32m07/27 13:26:28.925[0m: [[33msbi[0m] [1;32mINFO[0m: [aba91b4c-897b-41f1-8411-9bb246abf2de:1] NF removed (../lib/sbi/nnrf-handler.c:750)
[32m07/27 13:26:39.161[0m: [[33mapp[0m] [1;32mINFO[0m: SIGTERM received (../src/main.c:53)
[32m07/27 13:26:39.161[0m: [[33mapp[0m] [1;32mINFO[0m: Open5GS daemon terminating... (../src/main.c:226)
[32m07/27 13:26:44.162[0m: [[33mthread[0m] [1;31mFATAL[0m: thread still running after 3 seconds (../lib/core/ogs-thread.c:129)
[32m07/27 13:26:44.162[0m: [[33mthread[0m] [1;31mFATAL[0m: ogs_thread_destroy: should not be reached. (../lib/core/ogs-thread.c:130)
[32m07/27 13:26:44.162[0m: [[33mcore[0m] [1;31mFATAL[0m: backtrace() returned 8 addresses (../lib/core/ogs-abort.c:37)
/opt/CoreCrisis/Corelearner/open5gs-2.6.6/build/tests/app/../../lib/core/libogscore.so.2(ogs_thread_destroy+0x1f0) [0x7f4ab6a79b00]
/opt/CoreCrisis/Corelearner/open5gs-2.6.6/build/tests/app/5gc(+0x45aa) [0x562efcad05aa]
/opt/CoreCrisis/Corelearner/open5gs-2.6.6/build/tests/app/5gc(+0x3fcd) [0x562efcacffcd]
/lib/x86_64-linux-gnu/libc.so.6(+0x468a7) [0x7f4ab66458a7]
/lib/x86_64-linux-gnu/libc.so.6(on_exit+0) [0x7f4ab6645a60]
/lib/x86_64-linux-gnu/libc.so.6(__libc_start_main+0xfa) [0x7f4ab662308a]
/opt/CoreCrisis/Corelearner/open5gs-2.6.6/build/tests/app/5gc(+0x3efe) [0x562efcacfefe]
