Open5GS daemon v2.6.6

[32m07/27 13:24:52.656[0m: [[33mapp[0m] [1;32mINFO[0m: Configuration: '/opt/CoreCrisis/Corelearner/open5gs-2.6.6/build/configs/sample.yaml' (../lib/app/ogs-init.c:126)
Open5GS daemon v2.6.6

[32m07/27 13:24:52.660[0m: [[33mapp[0m] [1;32mINFO[0m: Configuration: '/opt/CoreCrisis/Corelearner/open5gs-2.6.6/build/configs/sample.yaml' (../lib/app/ogs-init.c:126)
[32m07/27 13:24:52.661[0m: [[33msbi[0m] [1;32mINFO[0m: nghttp2_server() [http://127.0.0.10]:7777 (../lib/sbi/nghttp2-server.c:395)
[32m07/27 13:24:52.661[0m: [[33msbi[0m] [1;32mINFO[0m: nghttp2_server() [http://::1]:7777 (../lib/sbi/nghttp2-server.c:395)
[32m07/27 13:24:52.661[0m: [[33mapp[0m] [1;32mINFO[0m: NRF initialize...done (../src/nrf/app.c:31)
Open5GS daemon v2.6.6

[32m07/27 13:24:52.710[0m: [[33mapp[0m] [1;32mINFO[0m: Configuration: '/opt/CoreCrisis/Corelearner/open5gs-2.6.6/build/configs/sample.yaml' (../lib/app/ogs-init.c:126)
[32m07/27 13:24:52.711[0m: [[33msbi[0m] [1;32mINFO[0m: nghttp2_server() [http://127.0.1.10]:7777 (../lib/sbi/nghttp2-server.c:395)
[32m07/27 13:24:52.711[0m: [[33mapp[0m] [1;32mINFO[0m: SCP initialize...done (../src/scp/app.c:31)
[32m07/27 13:24:52.712[0m: [[33mnrf[0m] [1;32mINFO[0m: [7ed5ba30-897b-41f1-825f-e79e0819aadc] NF registered [Heartbeat:10s] (../src/nrf/nf-sm.c:190)
[32m07/27 13:24:52.712[0m: [[33msbi[0m] [1;32mINFO[0m: [7ed5ba30-897b-41f1-825f-e79e0819aadc] NF registered [Heartbeat:10s] (../lib/sbi/nf-sm.c:214)
[32m07/27 13:24:52.712[0m: [[33msbi[0m] [1;32mINFO[0m: [7ed5de52-897b-41f1-b491-a3d8cac606ac] Subscription created until 2026-07-28T13:24:52.712417+08:00 [duration:86400,validity:86399.999718,patch:43199.999859] (../lib/sbi/nnrf-handler.c:509)
[32m07/27 13:24:52.712[0m: [[33mnrf[0m] [1;32mINFO[0m: [7ed5de52-897b-41f1-b491-a3d8cac606ac] Subscription created until 2026-07-28T13:24:52.712417+08:00 [validity_duration:86400] (../src/nrf/nnrf-handler.c:375)
[32m07/27 13:24:52.712[0m: [[33mnrf[0m] [1;32mINFO[0m: [7ed5e2f8-897b-41f1-b491-a3d8cac606ac] Subscription created until 2026-07-28T13:24:52.712527+08:00 [validity_duration:86400] (../src/nrf/nnrf-handler.c:375)
[32m07/27 13:24:52.712[0m: [[33mnrf[0m] [1;32mINFO[0m: [7ed5e3f2-897b-41f1-b491-a3d8cac606ac] Subscription created until 2026-07-28T13:24:52.712551+08:00 [validity_duration:86400] (../src/nrf/nnrf-handler.c:375)
[32m07/27 13:24:52.712[0m: [[33mnrf[0m] [1;32mINFO[0m: [7ed5e500-897b-41f1-b491-a3d8cac606ac] Subscription created until 2026-07-28T13:24:52.712578+08:00 [validity_duration:86400] (../src/nrf/nnrf-handler.c:375)
[32m07/27 13:24:52.712[0m: [[33mnrf[0m] [1;32mINFO[0m: [7ed5e622-897b-41f1-b491-a3d8cac606ac] Subscription created until 2026-07-28T13:24:52.712607+08:00 [validity_duration:86400] (../src/nrf/nnrf-handler.c:375)
[32m07/27 13:24:52.712[0m: [[33mnrf[0m] [1;32mINFO[0m: [7ed5ea3c-897b-41f1-b491-a3d8cac606ac] Subscription created until 2026-07-28T13:24:52.712712+08:00 [validity_duration:86400] (../src/nrf/nnrf-handler.c:375)
[32m07/27 13:24:52.712[0m: [[33mnrf[0m] [1;32mINFO[0m: [7ed5eb22-897b-41f1-b491-a3d8cac606ac] Subscription created until 2026-07-28T13:24:52.712735+08:00 [validity_duration:86400] (../src/nrf/nnrf-handler.c:375)
[32m07/27 13:24:52.712[0m: [[33mnrf[0m] [1;32mINFO[0m: [7ed5ec3a-897b-41f1-b491-a3d8cac606ac] Subscription created until 2026-07-28T13:24:52.712762+08:00 [validity_duration:86400] (../src/nrf/nnrf-handler.c:375)
[32m07/27 13:24:52.712[0m: [[33msbi[0m] [1;32mINFO[0m: [7ed5e2f8-897b-41f1-b491-a3d8cac606ac] Subscription created until 2026-07-28T13:24:52.712527+08:00 [duration:86400,validity:86399.999654,patch:43199.999827] (../lib/sbi/nnrf-handler.c:509)
[32m07/27 13:24:52.712[0m: [[33msbi[0m] [1;32mINFO[0m: [7ed5e3f2-897b-41f1-b491-a3d8cac606ac] Subscription created until 2026-07-28T13:24:52.712551+08:00 [duration:86400,validity:86399.999660,patch:43199.999830] (../lib/sbi/nnrf-handler.c:509)
[32m07/27 13:24:52.712[0m: [[33msbi[0m] [1;32mINFO[0m: [7ed5e500-897b-41f1-b491-a3d8cac606ac] Subscription created until 2026-07-28T13:24:52.712578+08:00 [duration:86400,validity:86399.999642,patch:43199.999821] (../lib/sbi/nnrf-handler.c:509)
[32m07/27 13:24:52.713[0m: [[33msbi[0m] [1;32mINFO[0m: [7ed5e622-897b-41f1-b491-a3d8cac606ac] Subscription created until 2026-07-28T13:24:52.712607+08:00 [duration:86400,validity:86399.999575,patch:43199.999787] (../lib/sbi/nnrf-handler.c:509)
[32m07/27 13:24:52.713[0m: [[33msbi[0m] [1;32mINFO[0m: [7ed5ea3c-897b-41f1-b491-a3d8cac606ac] Subscription created until 2026-07-28T13:24:52.712712+08:00 [duration:86400,validity:86399.999659,patch:43199.999829] (../lib/sbi/nnrf-handler.c:509)
[32m07/27 13:24:52.713[0m: [[33msbi[0m] [1;32mINFO[0m: [7ed5eb22-897b-41f1-b491-a3d8cac606ac] Subscription created until 2026-07-28T13:24:52.712735+08:00 [duration:86400,validity:86399.999567,patch:43199.999783] (../lib/sbi/nnrf-handler.c:509)
[32m07/27 13:24:52.713[0m: [[33msbi[0m] [1;32mINFO[0m: [7ed5ec3a-897b-41f1-b491-a3d8cac606ac] Subscription created until 2026-07-28T13:24:52.712762+08:00 [duration:86400,validity:86399.999579,patch:43199.999789] (../lib/sbi/nnrf-handler.c:509)
Open5GS daemon v2.6.6

[32m07/27 13:24:52.760[0m: [[33mapp[0m] [1;32mINFO[0m: Configuration: '/opt/CoreCrisis/Corelearner/open5gs-2.6.6/build/configs/sample.yaml' (../lib/app/ogs-init.c:126)
[32m07/27 13:24:52.781[0m: [[33mmetrics[0m] [1;32mINFO[0m: metrics_server() [http://127.0.0.7]:9090 (../lib/metrics/prometheus/context.c:299)
[32m07/27 13:24:52.781[0m: [[33mpfcp[0m] [1;32mINFO[0m: pfcp_server() [127.0.0.7]:8805 (../lib/pfcp/path.c:30)
[32m07/27 13:24:52.781[0m: [[33mpfcp[0m] [1;32mINFO[0m: ogs_pfcp_connect() [127.0.0.4]:8805 (../lib/pfcp/path.c:61)
[32m07/27 13:24:52.781[0m: [[33mgtp[0m] [1;32mINFO[0m: gtp_server() [127.0.0.7]:2152 (../lib/gtp/path.c:30)
[32m07/27 13:24:52.782[0m: [[33mapp[0m] [1;32mINFO[0m: UPF initialize...done (../src/upf/app.c:31)
Open5GS daemon v2.6.6

[32m07/27 13:24:52.814[0m: [[33mapp[0m] [1;32mINFO[0m: Configuration: '/opt/CoreCrisis/Corelearner/open5gs-2.6.6/build/configs/sample.yaml' (../lib/app/ogs-init.c:126)
[32m07/27 13:24:52.836[0m: [[33mmetrics[0m] [1;32mINFO[0m: metrics_server() [http://127.0.0.4]:9090 (../lib/metrics/prometheus/context.c:299)
[32m07/27 13:24:52.846[0m: [[33mgtp[0m] [1;32mINFO[0m: gtp_server() [127.0.0.4]:2123 (../lib/gtp/path.c:30)
[32m07/27 13:24:52.846[0m: [[33mgtp[0m] [1;32mINFO[0m: gtp_server() [::1]:2123 (../lib/gtp/path.c:30)
[32m07/27 13:24:52.846[0m: [[33mgtp[0m] [1;32mINFO[0m: gtp_server() [127.0.0.4]:2152 (../lib/gtp/path.c:30)
[32m07/27 13:24:52.846[0m: [[33mgtp[0m] [1;32mINFO[0m: gtp_server() [::1]:2152 (../lib/gtp/path.c:30)
[32m07/27 13:24:52.846[0m: [[33mpfcp[0m] [1;32mINFO[0m: pfcp_server() [127.0.0.4]:8805 (../lib/pfcp/path.c:30)
[32m07/27 13:24:52.846[0m: [[33mpfcp[0m] [1;32mINFO[0m: ogs_pfcp_connect() [127.0.0.7]:8805 (../lib/pfcp/path.c:61)
[32m07/27 13:24:52.847[0m: [[33msbi[0m] [1;32mINFO[0m: NF Service [nsmf-pdusession] (../lib/sbi/context.c:1438)
[32m07/27 13:24:52.847[0m: [[33msbi[0m] [1;32mINFO[0m: nghttp2_server() [http://127.0.0.4]:7777 (../lib/sbi/nghttp2-server.c:395)
[32m07/27 13:24:52.847[0m: [[33mupf[0m] [1;32mINFO[0m: PFCP associated [127.0.0.4]:8805 (../src/upf/pfcp-sm.c:184)
[32m07/27 13:24:52.847[0m: [[33mapp[0m] [1;32mINFO[0m: SMF initialize...done (../src/smf/app.c:31)
[32m07/27 13:24:52.847[0m: [[33msmf[0m] [1;32mINFO[0m: PFCP associated [127.0.0.7]:8805 (../src/smf/pfcp-sm.c:196)
[32m07/27 13:24:52.847[0m: [[33mnrf[0m] [1;32mINFO[0m: [7ee857bc-897b-41f1-b0f1-69aed5cc5104] NF registered [Heartbeat:10s] (../src/nrf/nf-sm.c:190)
[32m07/27 13:24:52.847[0m: [[33msbi[0m] [1;32mINFO[0m: [7ee857bc-897b-41f1-b0f1-69aed5cc5104] (NRF-notify) NF registered (../lib/sbi/nnrf-handler.c:725)
[32m07/27 13:24:52.848[0m: [[33msbi[0m] [1;32mINFO[0m: [7ee857bc-897b-41f1-b0f1-69aed5cc5104] (NRF-notify) NF Profile updated (../lib/sbi/nnrf-handler.c:735)
[32m07/27 13:24:52.848[0m: [[33msbi[0m] [1;32mINFO[0m: [7ee857bc-897b-41f1-b0f1-69aed5cc5104] NF registered [Heartbeat:10s] (../lib/sbi/nf-sm.c:214)
[32m07/27 13:24:52.848[0m: [[33mnrf[0m] [1;32mINFO[0m: [7eeaa508-897b-41f1-b491-a3d8cac606ac] Subscription created until 2026-07-28T13:24:52.848579+08:00 [validity_duration:86400] (../src/nrf/nnrf-handler.c:375)
[32m07/27 13:24:52.848[0m: [[33mnrf[0m] [1;32mINFO[0m: [7eeaa76a-897b-41f1-b491-a3d8cac606ac] Subscription created until 2026-07-28T13:24:52.848628+08:00 [validity_duration:86400] (../src/nrf/nnrf-handler.c:375)
[32m07/27 13:24:52.848[0m: [[33mnrf[0m] [1;32mINFO[0m: [7eeaa8b4-897b-41f1-b491-a3d8cac606ac] Subscription created until 2026-07-28T13:24:52.848661+08:00 [validity_duration:86400] (../src/nrf/nnrf-handler.c:375)
[32m07/27 13:24:52.848[0m: [[33mnrf[0m] [1;32mINFO[0m: [7eeaa9d6-897b-41f1-b491-a3d8cac606ac] Subscription created until 2026-07-28T13:24:52.848688+08:00 [validity_duration:86400] (../src/nrf/nnrf-handler.c:375)
[32m07/27 13:24:52.849[0m: [[33msbi[0m] [1;32mINFO[0m: [7eeaa508-897b-41f1-b491-a3d8cac606ac] Subscription created until 2026-07-28T13:24:52.848579+08:00 [duration:86400,validity:86399.999502,patch:43199.999751] (../lib/sbi/nnrf-handler.c:509)
[32m07/27 13:24:52.849[0m: [[33msbi[0m] [1;32mINFO[0m: [7eeaa76a-897b-41f1-b491-a3d8cac606ac] Subscription created until 2026-07-28T13:24:52.848628+08:00 [duration:86400,validity:86399.999511,patch:43199.999755] (../lib/sbi/nnrf-handler.c:509)
[32m07/27 13:24:52.849[0m: [[33msbi[0m] [1;32mINFO[0m: [7eeaa8b4-897b-41f1-b491-a3d8cac606ac] Subscription created until 2026-07-28T13:24:52.848661+08:00 [duration:86400,validity:86399.999513,patch:43199.999756] (../lib/sbi/nnrf-handler.c:509)
[32m07/27 13:24:52.849[0m: [[33msbi[0m] [1;32mINFO[0m: [7eeaa9d6-897b-41f1-b491-a3d8cac606ac] Subscription created until 2026-07-28T13:24:52.848688+08:00 [duration:86400,validity:86399.999467,patch:43199.999733] (../lib/sbi/nnrf-handler.c:509)
Open5GS daemon v2.6.6

[32m07/27 13:24:52.862[0m: [[33mapp[0m] [1;32mINFO[0m: Configuration: '/opt/CoreCrisis/Corelearner/open5gs-2.6.6/build/configs/sample.yaml' (../lib/app/ogs-init.c:126)
[32m07/27 13:24:52.864[0m: [[33mmetrics[0m] [1;32mINFO[0m: metrics_server() [http://127.0.0.5]:9090 (../lib/metrics/prometheus/context.c:299)
[32m07/27 13:24:52.864[0m: [[33msbi[0m] [1;32mINFO[0m: NF Service [namf-comm] (../lib/sbi/context.c:1438)
[32m07/27 13:24:52.864[0m: [[33msbi[0m] [1;32mINFO[0m: nghttp2_server() [http://127.0.0.5]:7777 (../lib/sbi/nghttp2-server.c:395)
[32m07/27 13:24:52.864[0m: [[33mamf[0m] [1;32mINFO[0m: ngap_server() [127.0.0.5]:38412 (../src/amf/ngap-sctp.c:61)
[32m07/27 13:24:52.864[0m: [[33msctp[0m] [1;32mINFO[0m: AMF initialize...done (../src/amf/app.c:33)
[32m07/27 13:24:52.865[0m: [[33mnrf[0m] [1;32mINFO[0m: [7eecff42-897b-41f1-bdd4-95c8325d05bd] NF registered [Heartbeat:10s] (../src/nrf/nf-sm.c:190)
[32m07/27 13:24:52.865[0m: [[33msbi[0m] [1;32mINFO[0m: [7eecff42-897b-41f1-bdd4-95c8325d05bd] (NRF-notify) NF registered (../lib/sbi/nnrf-handler.c:725)
[32m07/27 13:24:52.865[0m: [[33msbi[0m] [1;32mINFO[0m: [7eecff42-897b-41f1-bdd4-95c8325d05bd] (NRF-notify) NF Profile updated (../lib/sbi/nnrf-handler.c:735)
[32m07/27 13:24:52.865[0m: [[33msbi[0m] [1;32mINFO[0m: [7eecff42-897b-41f1-bdd4-95c8325d05bd] (NRF-notify) NF registered (../lib/sbi/nnrf-handler.c:725)
[32m07/27 13:24:52.865[0m: [[33msbi[0m] [1;32mINFO[0m: [7eecff42-897b-41f1-bdd4-95c8325d05bd] (NRF-notify) NF Profile updated (../lib/sbi/nnrf-handler.c:735)
[32m07/27 13:24:52.865[0m: [[33msbi[0m] [1;32mINFO[0m: [7eecff42-897b-41f1-bdd4-95c8325d05bd] NF registered [Heartbeat:10s] (../lib/sbi/nf-sm.c:214)
[32m07/27 13:24:52.866[0m: [[33mnrf[0m] [1;32mINFO[0m: [7eed58e8-897b-41f1-b491-a3d8cac606ac] Subscription created until 2026-07-28T13:24:52.866292+08:00 [validity_duration:86400] (../src/nrf/nnrf-handler.c:375)
[32m07/27 13:24:52.866[0m: [[33mnrf[0m] [1;32mINFO[0m: [7eed5afa-897b-41f1-b491-a3d8cac606ac] Subscription created until 2026-07-28T13:24:52.866331+08:00 [validity_duration:86400] (../src/nrf/nnrf-handler.c:375)
[32m07/27 13:24:52.866[0m: [[33mnrf[0m] [1;32mINFO[0m: [7eed5c12-897b-41f1-b491-a3d8cac606ac] Subscription created until 2026-07-28T13:24:52.866359+08:00 [validity_duration:86400] (../src/nrf/nnrf-handler.c:375)
[32m07/27 13:24:52.866[0m: [[33mnrf[0m] [1;32mINFO[0m: [7eed5d20-897b-41f1-b491-a3d8cac606ac] Subscription created until 2026-07-28T13:24:52.866385+08:00 [validity_duration:86400] (../src/nrf/nnrf-handler.c:375)
[32m07/27 13:24:52.866[0m: [[33mnrf[0m] [1;32mINFO[0m: [7eed5e2e-897b-41f1-b491-a3d8cac606ac] Subscription created until 2026-07-28T13:24:52.866412+08:00 [validity_duration:86400] (../src/nrf/nnrf-handler.c:375)
[32m07/27 13:24:52.866[0m: [[33mnrf[0m] [1;32mINFO[0m: [7eed5f1e-897b-41f1-b491-a3d8cac606ac] Subscription created until 2026-07-28T13:24:52.866437+08:00 [validity_duration:86400] (../src/nrf/nnrf-handler.c:375)
[32m07/27 13:24:52.867[0m: [[33msbi[0m] [1;32mINFO[0m: [7eed58e8-897b-41f1-b491-a3d8cac606ac] Subscription created until 2026-07-28T13:24:52.866292+08:00 [duration:86400,validity:86399.999193,patch:43199.999596] (../lib/sbi/nnrf-handler.c:509)
[32m07/27 13:24:52.867[0m: [[33msbi[0m] [1;32mINFO[0m: [7eed5afa-897b-41f1-b491-a3d8cac606ac] Subscription created until 2026-07-28T13:24:52.866331+08:00 [duration:86400,validity:86399.999199,patch:43199.999599] (../lib/sbi/nnrf-handler.c:509)
[32m07/27 13:24:52.867[0m: [[33msbi[0m] [1;32mINFO[0m: [7eed5c12-897b-41f1-b491-a3d8cac606ac] Subscription created until 2026-07-28T13:24:52.866359+08:00 [duration:86400,validity:86399.999207,patch:43199.999603] (../lib/sbi/nnrf-handler.c:509)
[32m07/27 13:24:52.867[0m: [[33msbi[0m] [1;32mINFO[0m: [7eed5d20-897b-41f1-b491-a3d8cac606ac] Subscription created until 2026-07-28T13:24:52.866385+08:00 [duration:86400,validity:86399.999215,patch:43199.999607] (../lib/sbi/nnrf-handler.c:509)
[32m07/27 13:24:52.867[0m: [[33msbi[0m] [1;32mINFO[0m: [7eed5e2e-897b-41f1-b491-a3d8cac606ac] Subscription created until 2026-07-28T13:24:52.866412+08:00 [duration:86400,validity:86399.999225,patch:43199.999612] (../lib/sbi/nnrf-handler.c:509)
[32m07/27 13:24:52.867[0m: [[33msbi[0m] [1;32mINFO[0m: [7eed5f1e-897b-41f1-b491-a3d8cac606ac] Subscription created until 2026-07-28T13:24:52.866437+08:00 [duration:86400,validity:86399.999231,patch:43199.999615] (../lib/sbi/nnrf-handler.c:509)
Open5GS daemon v2.6.6

[32m07/27 13:24:52.910[0m: [[33mapp[0m] [1;32mINFO[0m: Configuration: '/opt/CoreCrisis/Corelearner/open5gs-2.6.6/build/configs/sample.yaml' (../lib/app/ogs-init.c:126)
[32m07/27 13:24:52.911[0m: [[33msbi[0m] [1;32mINFO[0m: NF Service [nausf-auth] (../lib/sbi/context.c:1438)
[32m07/27 13:24:52.912[0m: [[33msbi[0m] [1;32mINFO[0m: nghttp2_server() [http://127.0.0.11]:7777 (../lib/sbi/nghttp2-server.c:395)
[32m07/27 13:24:52.912[0m: [[33mapp[0m] [1;32mINFO[0m: AUSF initialize...done (../src/ausf/app.c:31)
[32m07/27 13:24:52.912[0m: [[33mnrf[0m] [1;32mINFO[0m: [7ef44b26-897b-41f1-b02c-df3f79bd6c61] NF registered [Heartbeat:10s] (../src/nrf/nf-sm.c:190)
[32m07/27 13:24:52.912[0m: [[33msbi[0m] [1;32mINFO[0m: [7ef44b26-897b-41f1-b02c-df3f79bd6c61] (NRF-notify) NF registered (../lib/sbi/nnrf-handler.c:725)
[32m07/27 13:24:52.912[0m: [[33msbi[0m] [1;32mINFO[0m: [7ef44b26-897b-41f1-b02c-df3f79bd6c61] (NRF-notify) NF Profile updated (../lib/sbi/nnrf-handler.c:735)
[32m07/27 13:24:52.912[0m: [[33msbi[0m] [1;32mINFO[0m: [7ef44b26-897b-41f1-b02c-df3f79bd6c61] (NRF-notify) NF registered (../lib/sbi/nnrf-handler.c:725)
[32m07/27 13:24:52.912[0m: [[33msbi[0m] [1;32mINFO[0m: [7ef44b26-897b-41f1-b02c-df3f79bd6c61] (NRF-notify) NF Profile updated (../lib/sbi/nnrf-handler.c:735)
[32m07/27 13:24:52.912[0m: [[33msbi[0m] [1;32mINFO[0m: [7ef44b26-897b-41f1-b02c-df3f79bd6c61] NF registered [Heartbeat:10s] (../lib/sbi/nf-sm.c:214)
[32m07/27 13:24:52.913[0m: [[33mnrf[0m] [1;32mINFO[0m: [7ef47e0c-897b-41f1-b491-a3d8cac606ac] Subscription created until 2026-07-28T13:24:52.913115+08:00 [validity_duration:86400] (../src/nrf/nnrf-handler.c:375)
[32m07/27 13:24:52.913[0m: [[33msbi[0m] [1;32mINFO[0m: [7ef47e0c-897b-41f1-b491-a3d8cac606ac] Subscription created until 2026-07-28T13:24:52.913115+08:00 [duration:86400,validity:86399.999812,patch:43199.999906] (../lib/sbi/nnrf-handler.c:509)
Open5GS daemon v2.6.6

[32m07/27 13:24:52.960[0m: [[33mapp[0m] [1;32mINFO[0m: Configuration: '/opt/CoreCrisis/Corelearner/open5gs-2.6.6/build/configs/sample.yaml' (../lib/app/ogs-init.c:126)
[32m07/27 13:24:52.962[0m: [[33msbi[0m] [1;32mINFO[0m: NF Service [nudm-ueau] (../lib/sbi/context.c:1438)
[32m07/27 13:24:52.962[0m: [[33msbi[0m] [1;32mINFO[0m: NF Service [nudm-uecm] (../lib/sbi/context.c:1438)
[32m07/27 13:24:52.962[0m: [[33msbi[0m] [1;32mINFO[0m: NF Service [nudm-sdm] (../lib/sbi/context.c:1438)
[32m07/27 13:24:52.962[0m: [[33msbi[0m] [1;32mINFO[0m: nghttp2_server() [http://127.0.0.12]:7777 (../lib/sbi/nghttp2-server.c:395)
[32m07/27 13:24:52.962[0m: [[33mapp[0m] [1;32mINFO[0m: UDM initialize...done (../src/udm/app.c:31)
[32m07/27 13:24:52.962[0m: [[33mnrf[0m] [1;32mINFO[0m: [7efbf006-897b-41f1-beca-75a8d52f9b94] NF registered [Heartbeat:10s] (../src/nrf/nf-sm.c:190)
[32m07/27 13:24:52.962[0m: [[33msbi[0m] [1;32mINFO[0m: [7efbf006-897b-41f1-beca-75a8d52f9b94] (NRF-notify) NF registered (../lib/sbi/nnrf-handler.c:725)
[32m07/27 13:24:52.962[0m: [[33msbi[0m] [1;32mINFO[0m: [7efbf006-897b-41f1-beca-75a8d52f9b94] (NRF-notify) NF Profile updated (../lib/sbi/nnrf-handler.c:735)
[32m07/27 13:24:52.963[0m: [[33msbi[0m] [1;32mINFO[0m: [7efbf006-897b-41f1-beca-75a8d52f9b94] (NRF-notify) NF registered (../lib/sbi/nnrf-handler.c:725)
[32m07/27 13:24:52.963[0m: [[33msbi[0m] [1;32mINFO[0m: [7efbf006-897b-41f1-beca-75a8d52f9b94] (NRF-notify) NF Profile updated (../lib/sbi/nnrf-handler.c:735)
[32m07/27 13:24:52.963[0m: [[33msbi[0m] [1;36mWARNING[0m: [7efbf006-897b-41f1-beca-75a8d52f9b94] (NRF-notify) NF has already been added (../lib/sbi/nnrf-handler.c:729)
[32m07/27 13:24:52.963[0m: [[33msbi[0m] [1;32mINFO[0m: [7efbf006-897b-41f1-beca-75a8d52f9b94] (NRF-notify) NF Profile updated (../lib/sbi/nnrf-handler.c:735)
[32m07/27 13:24:52.963[0m: [[33msbi[0m] [1;36mWARNING[0m: NF EndPoint updated [127.0.0.12:80] (../lib/sbi/context.c:1623)
[32m07/27 13:24:52.963[0m: [[33msbi[0m] [1;36mWARNING[0m: NF EndPoint updated [127.0.0.12:7777] (../lib/sbi/context.c:1532)
[32m07/27 13:24:52.963[0m: [[33msbi[0m] [1;32mINFO[0m: [7efbf006-897b-41f1-beca-75a8d52f9b94] (NRF-notify) NF registered (../lib/sbi/nnrf-handler.c:725)
[32m07/27 13:24:52.963[0m: [[33msbi[0m] [1;32mINFO[0m: [7efbf006-897b-41f1-beca-75a8d52f9b94] (NRF-notify) NF Profile updated (../lib/sbi/nnrf-handler.c:735)
[32m07/27 13:24:52.963[0m: [[33msbi[0m] [1;36mWARNING[0m: [7efbf006-897b-41f1-beca-75a8d52f9b94] (NRF-notify) NF has already been added (../lib/sbi/nnrf-handler.c:729)
[32m07/27 13:24:52.963[0m: [[33msbi[0m] [1;32mINFO[0m: [7efbf006-897b-41f1-beca-75a8d52f9b94] (NRF-notify) NF Profile updated (../lib/sbi/nnrf-handler.c:735)
[32m07/27 13:24:52.963[0m: [[33msbi[0m] [1;36mWARNING[0m: NF EndPoint updated [127.0.0.12:80] (../lib/sbi/context.c:1623)
[32m07/27 13:24:52.963[0m: [[33msbi[0m] [1;36mWARNING[0m: NF EndPoint updated [127.0.0.12:7777] (../lib/sbi/context.c:1532)
[32m07/27 13:24:52.963[0m: [[33msbi[0m] [1;32mINFO[0m: [7efbf006-897b-41f1-beca-75a8d52f9b94] (NRF-notify) NF registered (../lib/sbi/nnrf-handler.c:725)
[32m07/27 13:24:52.963[0m: [[33msbi[0m] [1;32mINFO[0m: [7efbf006-897b-41f1-beca-75a8d52f9b94] (NRF-notify) NF Profile updated (../lib/sbi/nnrf-handler.c:735)
[32m07/27 13:24:52.963[0m: [[33msbi[0m] [1;32mINFO[0m: [7efbf006-897b-41f1-beca-75a8d52f9b94] NF registered [Heartbeat:10s] (../lib/sbi/nf-sm.c:214)
[32m07/27 13:24:52.964[0m: [[33mnrf[0m] [1;32mINFO[0m: [7efc44d4-897b-41f1-b491-a3d8cac606ac] Subscription created until 2026-07-28T13:24:52.964082+08:00 [validity_duration:86400] (../src/nrf/nnrf-handler.c:375)
[32m07/27 13:24:52.964[0m: [[33msbi[0m] [1;32mINFO[0m: [7efc44d4-897b-41f1-b491-a3d8cac606ac] Subscription created until 2026-07-28T13:24:52.964082+08:00 [duration:86400,validity:86399.999816,patch:43199.999908] (../lib/sbi/nnrf-handler.c:509)
Open5GS daemon v2.6.6

[32m07/27 13:24:53.013[0m: [[33mapp[0m] [1;32mINFO[0m: Configuration: '/opt/CoreCrisis/Corelearner/open5gs-2.6.6/build/configs/sample.yaml' (../lib/app/ogs-init.c:126)
[32m07/27 13:24:53.014[0m: [[33mmetrics[0m] [1;32mINFO[0m: metrics_server() [http://127.0.0.13]:9090 (../lib/metrics/prometheus/context.c:299)
[32m07/27 13:24:53.015[0m: [[33mdbi[0m] [1;32mINFO[0m: MongoDB URI: 'mongodb://localhost/open5gs' (../lib/dbi/ogs-mongoc.c:130)
[32m07/27 13:24:53.015[0m: [[33msbi[0m] [1;32mINFO[0m: NF Service [npcf-am-policy-control] (../lib/sbi/context.c:1438)
[32m07/27 13:24:53.015[0m: [[33msbi[0m] [1;32mINFO[0m: NF Service [npcf-smpolicycontrol] (../lib/sbi/context.c:1438)
[32m07/27 13:24:53.015[0m: [[33msbi[0m] [1;32mINFO[0m: NF Service [npcf-policyauthorization] (../lib/sbi/context.c:1438)
[32m07/27 13:24:53.015[0m: [[33msbi[0m] [1;32mINFO[0m: nghttp2_server() [http://127.0.0.13]:7777 (../lib/sbi/nghttp2-server.c:395)
[32m07/27 13:24:53.015[0m: [[33mapp[0m] [1;32mINFO[0m: PCF initialize...done (../src/pcf/app.c:31)
[32m07/27 13:24:53.015[0m: [[33mnrf[0m] [1;32mINFO[0m: [7f03fde6-897b-41f1-89a4-c349cd0493fc] NF registered [Heartbeat:10s] (../src/nrf/nf-sm.c:190)
[32m07/27 13:24:53.016[0m: [[33msbi[0m] [1;32mINFO[0m: [7f03fde6-897b-41f1-89a4-c349cd0493fc] (NRF-notify) NF registered (../lib/sbi/nnrf-handler.c:725)
[32m07/27 13:24:53.016[0m: [[33msbi[0m] [1;32mINFO[0m: [7f03fde6-897b-41f1-89a4-c349cd0493fc] (NRF-notify) NF Profile updated (../lib/sbi/nnrf-handler.c:735)
[32m07/27 13:24:53.016[0m: [[33msbi[0m] [1;32mINFO[0m: [7f03fde6-897b-41f1-89a4-c349cd0493fc] (NRF-notify) NF registered (../lib/sbi/nnrf-handler.c:725)
[32m07/27 13:24:53.016[0m: [[33msbi[0m] [1;32mINFO[0m: [7f03fde6-897b-41f1-89a4-c349cd0493fc] (NRF-notify) NF Profile updated (../lib/sbi/nnrf-handler.c:735)
[32m07/27 13:24:53.016[0m: [[33msbi[0m] [1;32mINFO[0m: [7f03fde6-897b-41f1-89a4-c349cd0493fc] (NRF-notify) NF registered (../lib/sbi/nnrf-handler.c:725)
[32m07/27 13:24:53.016[0m: [[33msbi[0m] [1;32mINFO[0m: [7f03fde6-897b-41f1-89a4-c349cd0493fc] (NRF-notify) NF Profile updated (../lib/sbi/nnrf-handler.c:735)
[32m07/27 13:24:53.016[0m: [[33msbi[0m] [1;32mINFO[0m: [7f03fde6-897b-41f1-89a4-c349cd0493fc] NF registered [Heartbeat:10s] (../lib/sbi/nf-sm.c:214)
[32m07/27 13:24:53.016[0m: [[33mnrf[0m] [1;32mINFO[0m: [7f0453e0-897b-41f1-b491-a3d8cac606ac] Subscription created until 2026-07-28T13:24:53.016894+08:00 [validity_duration:86400] (../src/nrf/nnrf-handler.c:375)
[32m07/27 13:24:53.016[0m: [[33mnrf[0m] [1;32mINFO[0m: [7f045746-897b-41f1-b491-a3d8cac606ac] Subscription created until 2026-07-28T13:24:53.016970+08:00 [validity_duration:86400] (../src/nrf/nnrf-handler.c:375)
[32m07/27 13:24:53.017[0m: [[33msbi[0m] [1;32mINFO[0m: [7f0453e0-897b-41f1-b491-a3d8cac606ac] Subscription created until 2026-07-28T13:24:53.016894+08:00 [duration:86400,validity:86399.999642,patch:43199.999821] (../lib/sbi/nnrf-handler.c:509)
[32m07/27 13:24:53.017[0m: [[33msbi[0m] [1;32mINFO[0m: [7f045746-897b-41f1-b491-a3d8cac606ac] Subscription created until 2026-07-28T13:24:53.016970+08:00 [duration:86400,validity:86399.999700,patch:43199.999850] (../lib/sbi/nnrf-handler.c:509)
Open5GS daemon v2.6.6

[32m07/27 13:24:53.061[0m: [[33mapp[0m] [1;32mINFO[0m: Configuration: '/opt/CoreCrisis/Corelearner/open5gs-2.6.6/build/configs/sample.yaml' (../lib/app/ogs-init.c:126)
[32m07/27 13:24:53.062[0m: [[33msbi[0m] [1;32mINFO[0m: NF Service [nnssf-nsselection] (../lib/sbi/context.c:1438)
[32m07/27 13:24:53.062[0m: [[33msbi[0m] [1;32mINFO[0m: nghttp2_server() [http://127.0.0.14]:7777 (../lib/sbi/nghttp2-server.c:395)
[32m07/27 13:24:53.062[0m: [[33mapp[0m] [1;32mINFO[0m: NSSF initialize...done (../src/nssf/app.c:31)
[32m07/27 13:24:53.062[0m: [[33mnrf[0m] [1;32mINFO[0m: [7f0b3b42-897b-41f1-9441-a7e99eb65838] NF registered [Heartbeat:10s] (../src/nrf/nf-sm.c:190)
[32m07/27 13:24:53.062[0m: [[33msbi[0m] [1;32mINFO[0m: [7f0b3b42-897b-41f1-9441-a7e99eb65838] (NRF-notify) NF registered (../lib/sbi/nnrf-handler.c:725)
[32m07/27 13:24:53.062[0m: [[33msbi[0m] [1;32mINFO[0m: [7f0b3b42-897b-41f1-9441-a7e99eb65838] (NRF-notify) NF Profile updated (../lib/sbi/nnrf-handler.c:735)
[32m07/27 13:24:53.063[0m: [[33msbi[0m] [1;32mINFO[0m: [7f0b3b42-897b-41f1-9441-a7e99eb65838] (NRF-notify) NF registered (../lib/sbi/nnrf-handler.c:725)
[32m07/27 13:24:53.063[0m: [[33msbi[0m] [1;32mINFO[0m: [7f0b3b42-897b-41f1-9441-a7e99eb65838] (NRF-notify) NF Profile updated (../lib/sbi/nnrf-handler.c:735)
[32m07/27 13:24:53.063[0m: [[33msbi[0m] [1;32mINFO[0m: [7f0b3b42-897b-41f1-9441-a7e99eb65838] NF registered [Heartbeat:10s] (../lib/sbi/nf-sm.c:214)
Open5GS daemon v2.6.6

[32m07/27 13:24:53.111[0m: [[33mapp[0m] [1;32mINFO[0m: Configuration: '/opt/CoreCrisis/Corelearner/open5gs-2.6.6/build/configs/sample.yaml' (../lib/app/ogs-init.c:126)
[32m07/27 13:24:53.112[0m: [[33msbi[0m] [1;32mINFO[0m: NF Service [nbsf-management] (../lib/sbi/context.c:1438)
[32m07/27 13:24:53.112[0m: [[33msbi[0m] [1;32mINFO[0m: nghttp2_server() [http://127.0.0.15]:7777 (../lib/sbi/nghttp2-server.c:395)
[32m07/27 13:24:53.112[0m: [[33mapp[0m] [1;32mINFO[0m: BSF initialize...done (../src/bsf/app.c:31)
[32m07/27 13:24:53.112[0m: [[33mnrf[0m] [1;32mINFO[0m: [7f12df82-897b-41f1-9bdd-73ad0710001f] NF registered [Heartbeat:10s] (../src/nrf/nf-sm.c:190)
[32m07/27 13:24:53.112[0m: [[33msbi[0m] [1;32mINFO[0m: [7f12df82-897b-41f1-9bdd-73ad0710001f] (NRF-notify) NF registered (../lib/sbi/nnrf-handler.c:725)
[32m07/27 13:24:53.112[0m: [[33msbi[0m] [1;32mINFO[0m: [7f12df82-897b-41f1-9bdd-73ad0710001f] (NRF-notify) NF Profile updated (../lib/sbi/nnrf-handler.c:735)
[32m07/27 13:24:53.113[0m: [[33msbi[0m] [1;32mINFO[0m: [7f12df82-897b-41f1-9bdd-73ad0710001f] (NRF-notify) NF registered (../lib/sbi/nnrf-handler.c:725)
[32m07/27 13:24:53.113[0m: [[33msbi[0m] [1;32mINFO[0m: [7f12df82-897b-41f1-9bdd-73ad0710001f] (NRF-notify) NF Profile updated (../lib/sbi/nnrf-handler.c:735)
[32m07/27 13:24:53.113[0m: [[33msbi[0m] [1;32mINFO[0m: [7f12df82-897b-41f1-9bdd-73ad0710001f] NF registered [Heartbeat:10s] (../lib/sbi/nf-sm.c:214)
Open5GS daemon v2.6.6

[32m07/27 13:24:53.163[0m: [[33mapp[0m] [1;32mINFO[0m: Configuration: '/opt/CoreCrisis/Corelearner/open5gs-2.6.6/build/configs/sample.yaml' (../lib/app/ogs-init.c:126)
[32m07/27 13:24:53.165[0m: [[33mdbi[0m] [1;32mINFO[0m: MongoDB URI: 'mongodb://localhost/open5gs' (../lib/dbi/ogs-mongoc.c:130)
[32m07/27 13:24:53.165[0m: [[33msbi[0m] [1;32mINFO[0m: NF Service [nudr-dr] (../lib/sbi/context.c:1438)
[32m07/27 13:24:53.165[0m: [[33msbi[0m] [1;32mINFO[0m: nghttp2_server() [http://127.0.0.20]:7777 (../lib/sbi/nghttp2-server.c:395)
[32m07/27 13:24:53.165[0m: [[33mapp[0m] [1;32mINFO[0m: UDR initialize...done (../src/udr/app.c:31)
[32m07/27 13:24:53.165[0m: [[33mnrf[0m] [1;32mINFO[0m: [7f1ae402-897b-41f1-bb10-198ff45ef470] NF registered [Heartbeat:10s] (../src/nrf/nf-sm.c:190)
[32m07/27 13:24:53.166[0m: [[33msbi[0m] [1;32mINFO[0m: [7f1ae402-897b-41f1-bb10-198ff45ef470] (NRF-notify) NF registered (../lib/sbi/nnrf-handler.c:725)
[32m07/27 13:24:53.166[0m: [[33msbi[0m] [1;32mINFO[0m: [7f1ae402-897b-41f1-bb10-198ff45ef470] (NRF-notify) NF Profile updated (../lib/sbi/nnrf-handler.c:735)
[32m07/27 13:24:53.166[0m: [[33msbi[0m] [1;32mINFO[0m: [7f1ae402-897b-41f1-bb10-198ff45ef470] (NRF-notify) NF registered (../lib/sbi/nnrf-handler.c:725)
[32m07/27 13:24:53.166[0m: [[33msbi[0m] [1;32mINFO[0m: [7f1ae402-897b-41f1-bb10-198ff45ef470] (NRF-notify) NF Profile updated (../lib/sbi/nnrf-handler.c:735)
[32m07/27 13:24:53.166[0m: [[33msbi[0m] [1;32mINFO[0m: [7f1ae402-897b-41f1-bb10-198ff45ef470] (NRF-notify) NF registered (../lib/sbi/nnrf-handler.c:725)
[32m07/27 13:24:53.166[0m: [[33msbi[0m] [1;32mINFO[0m: [7f1ae402-897b-41f1-bb10-198ff45ef470] (NRF-notify) NF Profile updated (../lib/sbi/nnrf-handler.c:735)
[32m07/27 13:24:53.166[0m: [[33msbi[0m] [1;32mINFO[0m: [7f1ae402-897b-41f1-bb10-198ff45ef470] NF registered [Heartbeat:10s] (../lib/sbi/nf-sm.c:214)
[32m07/27 13:24:55.284[0m: [[33msmf[0m] [1;36mWARNING[0m: PFCP[REQ] has already been associated [127.0.0.7]:8805 (../src/smf/pfcp-sm.c:292)
[32m07/27 13:24:55.284[0m: [[33mupf[0m] [1;36mWARNING[0m: PFCP[RSP] has already been associated [127.0.0.4]:8805 (../src/upf/pfcp-sm.c:277)
[32m07/27 13:24:58.649[0m: [[33mamf[0m] [1;32mINFO[0m: gNB-N2 accepted[127.0.0.1]:40027 in ng-path module (../src/amf/ngap-sctp.c:113)
[32m07/27 13:24:58.649[0m: [[33mamf[0m] [1;32mINFO[0m: gNB-N2 accepted[127.0.0.1] in master_sm module (../src/amf/amf-sm.c:741)
[32m07/27 13:24:58.649[0m: [[33mamf[0m] [1;32mINFO[0m: [Added] Number of gNBs is now 1 (../src/amf/context.c:1185)
[32m07/27 13:24:58.649[0m: [[33mamf[0m] [1;32mINFO[0m: gNB-N2[127.0.0.1] max_num_of_ostreams : 10 (../src/amf/amf-sm.c:780)
[32m07/27 13:25:28.124[0m: [[33mamf[0m] [1;32mINFO[0m: InitialUEMessage (../src/amf/ngap-handler.c:401)
[32m07/27 13:25:28.124[0m: [[33mamf[0m] [1;32mINFO[0m: [Added] Number of gNB-UEs is now 1 (../src/amf/context.c:2523)
[32m07/27 13:25:28.124[0m: [[33mamf[0m] [1;32mINFO[0m:     RAN_UE_NGAP_ID[1] AMF_UE_NGAP_ID[1] TAC[1] CellID[0x10] (../src/amf/ngap-handler.c:562)
[32m07/27 13:25:28.124[0m: [[33mamf[0m] [1;32mINFO[0m: [suci-0-999-70-0000-0-0-0000000001] Unknown UE by SUCI (../src/amf/context.c:1789)
[32m07/27 13:25:28.124[0m: [[33mamf[0m] [1;32mINFO[0m: [Added] Number of AMF-UEs is now 1 (../src/amf/context.c:1570)
[32m07/27 13:25:28.124[0m: [[33mgmm[0m] [1;32mINFO[0m: Registration request (../src/amf/gmm-sm.c:1061)
[32m07/27 13:25:28.124[0m: [[33mgmm[0m] [1;32mINFO[0m: [suci-0-999-70-0000-0-0-0000000001]    SUCI (../src/amf/gmm-handler.c:157)
[32m07/27 13:25:29.637[0m: [[33mgmm[0m] [1;32mINFO[0m: [imsi-999700000000001] Registration complete (../src/amf/gmm-sm.c:1993)
[32m07/27 13:25:29.637[0m: [[33mamf[0m] [1;32mINFO[0m: [imsi-999700000000001] Configuration update command (../src/amf/nas-path.c:612)
[32m07/27 13:25:29.637[0m: [[33mgmm[0m] [1;32mINFO[0m:     UTC [2026-07-27T05:25:29] Timezone[0]/DST[0] (../src/amf/gmm-build.c:558)
[32m07/27 13:25:29.637[0m: [[33mgmm[0m] [1;32mINFO[0m:     LOCAL [2026-07-27T13:25:29] Timezone[28800]/DST[0] (../src/amf/gmm-build.c:563)
[32m07/27 13:25:30.137[0m: [[33mgmm[0m] [1;32mINFO[0m: [imsi-999700000000001] Deregistration request (../src/amf/gmm-sm.c:1272)
[32m07/27 13:25:30.137[0m: [[33mgmm[0m] [1;32mINFO[0m: [suci-0-999-70-0000-0-0-0000000001]    SUCI (../src/amf/gmm-handler.c:798)
[32m07/27 13:25:30.138[0m: [[33mamf[0m] [1;32mINFO[0m: UE Context Release [Action:2] (../src/amf/ngap-handler.c:1677)
[32m07/27 13:25:30.138[0m: [[33mamf[0m] [1;32mINFO[0m:     RAN_UE_NGAP_ID[1] AMF_UE_NGAP_ID[1] (../src/amf/ngap-handler.c:1678)
[32m07/27 13:25:30.138[0m: [[33mamf[0m] [1;32mINFO[0m:     SUCI[suci-0-999-70-0000-0-0-0000000001] (../src/amf/ngap-handler.c:1681)
[32m07/27 13:25:30.138[0m: [[33mamf[0m] [1;32mINFO[0m: [Removed] Number of gNB-UEs is now 0 (../src/amf/context.c:2530)
[32m07/27 13:25:31.638[0m: [[33mamf[0m] [1;32mINFO[0m: InitialUEMessage (../src/amf/ngap-handler.c:401)
[32m07/27 13:25:31.638[0m: [[33mamf[0m] [1;32mINFO[0m: [Added] Number of gNB-UEs is now 1 (../src/amf/context.c:2523)
[32m07/27 13:25:31.638[0m: [[33mamf[0m] [1;32mINFO[0m: [suci-0-999-70-0000-0-0-0000000001]    5G-S_TMSI[AMF_ID:0x20040,M_TMSI:0xc000006c] (../src/amf/ngap-handler.c:482)
[32m07/27 13:25:31.638[0m: [[33mamf[0m] [1;32mINFO[0m:     RAN_UE_NGAP_ID[2] AMF_UE_NGAP_ID[2] TAC[1] CellID[0x10] (../src/amf/ngap-handler.c:562)
[32m07/27 13:25:31.638[0m: [[33mgmm[0m] [1;32mINFO[0m: Identity response (../src/amf/gmm-sm.c:1234)
[32m07/27 13:25:31.638[0m: [[33mgmm[0m] [1;32mINFO[0m: [suci-0-999-70-0000-0-0-0000000001]    SUCI (../src/amf/gmm-handler.c:927)
[32m07/27 13:25:32.642[0m: [[33mgmm[0m] [1;31mFATAL[0m: Invalid OGS_NAS_5GS[69] (../src/amf/gmm-sm.c:1714)
[32m07/27 13:25:32.642[0m: [[33mgmm[0m] [1;31mFATAL[0m: gmm_state_security_mode: should not be reached. (../src/amf/gmm-sm.c:1715)
[32m07/27 13:25:32.642[0m: [[33mcore[0m] [1;31mFATAL[0m: backtrace() returned 9 addresses (../lib/core/ogs-abort.c:37)
/opt/CoreCrisis/Corelearner/open5gs-2.6.6/build/src/amf/open5gs-amfd(+0x20f20) [0x556b8457cf20]
/opt/CoreCrisis/Corelearner/open5gs-2.6.6/build/src/amf/../../lib/core/libogscore.so.2(ogs_fsm_dispatch+0x25) [0x7f137dcd4ae5]
/opt/CoreCrisis/Corelearner/open5gs-2.6.6/build/src/amf/open5gs-amfd(+0x28ecc) [0x556b84584ecc]
/opt/CoreCrisis/Corelearner/open5gs-2.6.6/build/src/amf/../../lib/core/libogscore.so.2(ogs_fsm_dispatch+0x25) [0x7f137dcd4ae5]
/opt/CoreCrisis/Corelearner/open5gs-2.6.6/build/src/amf/open5gs-amfd(+0x9bab) [0x556b84565bab]
/opt/CoreCrisis/Corelearner/open5gs-2.6.6/build/src/amf/../../lib/core/libogscore.so.2(+0x1074c) [0x7f137dcca74c]
/lib/x86_64-linux-gnu/libpthread.so.0(+0x8609) [0x7f137d1b4609]
/lib/x86_64-linux-gnu/libc.so.6(clone+0x43) [0x7f137d0d9353]
[32m07/27 13:25:32.645[0m: [[33mapp[0m] [1;33mERROR[0m: Signal-NUM[17] received (Child exited) (../src/main.c:81)
[32m07/27 13:25:33.887[0m: [[33mnrf[0m] [1;36mWARNING[0m: [7eecff42-897b-41f1-bdd4-95c8325d05bd] No heartbeat (../src/nrf/nrf-sm.c:260)
[32m07/27 13:25:33.887[0m: [[33mnrf[0m] [1;32mINFO[0m: [7eecff42-897b-41f1-bdd4-95c8325d05bd] NF de-registered (../src/nrf/nf-sm.c:205)
[32m07/27 13:25:33.888[0m: [[33msbi[0m] [1;32mINFO[0m: [7eecff42-897b-41f1-bdd4-95c8325d05bd:1] NF removed (../lib/sbi/nnrf-handler.c:750)
[32m07/27 13:25:33.888[0m: [[33msbi[0m] [1;32mINFO[0m: [7eecff42-897b-41f1-bdd4-95c8325d05bd:1] NF removed (../lib/sbi/nnrf-handler.c:750)
[32m07/27 13:25:45.935[0m: [[33mapp[0m] [1;32mINFO[0m: SIGTERM received (../src/main.c:53)
[32m07/27 13:25:45.935[0m: [[33mapp[0m] [1;32mINFO[0m: Open5GS daemon terminating... (../src/main.c:226)
[32m07/27 13:25:50.936[0m: [[33mthread[0m] [1;31mFATAL[0m: thread still running after 3 seconds (../lib/core/ogs-thread.c:129)
[32m07/27 13:25:50.936[0m: [[33mthread[0m] [1;31mFATAL[0m: ogs_thread_destroy: should not be reached. (../lib/core/ogs-thread.c:130)
[32m07/27 13:25:50.936[0m: [[33mcore[0m] [1;31mFATAL[0m: backtrace() returned 8 addresses (../lib/core/ogs-abort.c:37)
/opt/CoreCrisis/Corelearner/open5gs-2.6.6/build/tests/app/../../lib/core/libogscore.so.2(ogs_thread_destroy+0x1f0) [0x7f08ba83fb00]
/opt/CoreCrisis/Corelearner/open5gs-2.6.6/build/tests/app/5gc(+0x45aa) [0x56053e58c5aa]
/opt/CoreCrisis/Corelearner/open5gs-2.6.6/build/tests/app/5gc(+0x3fcd) [0x56053e58bfcd]
/lib/x86_64-linux-gnu/libc.so.6(+0x468a7) [0x7f08ba40b8a7]
/lib/x86_64-linux-gnu/libc.so.6(on_exit+0) [0x7f08ba40ba60]
/lib/x86_64-linux-gnu/libc.so.6(__libc_start_main+0xfa) [0x7f08ba3e908a]
/opt/CoreCrisis/Corelearner/open5gs-2.6.6/build/tests/app/5gc(+0x3efe) [0x56053e58befe]
